ESP-ROM:esp32c6-20220919
Build:Sep 19 2022
rst:0x15 (USB_UART_HPSYS),boot:0x2c (SPI_FAST_FLASH_BOOT)
Saved PC:0x42039718
SPIWP:0xee
mode:DIO, clock div:2
load:0x40875720,len:0x1a5c
load:0x4086c110,len:0xf58
load:0x4086e610,len:0x3074
entry 0x4086c11a
[0;32mI (23) boot: ESP-IDF v5.3.4 2nd stage bootloader[0m
[0;32mI (23) boot: compile time Sep 14 2026 20:53:10[0m
[0;32mI (23) boot: chip revision: v0.2[0m
[0;32mI (24) boot: efuse block revision: v0.3[0m
[0;32mI (24) qio_mode: Enabling QIO for flash chip WinBond[0m
[0;32mI (24) boot.esp32c6: SPI Speed      : 80MHz[0m
[0;32mI (25) boot.esp32c6: SPI Mode       : QIO[0m
[0;32mI (25) boot.esp32c6: SPI Flash Size : 16MB[0m
[0;32mI (25) boot: Enabling RNG early entropy source...[0m
[0;32mI (26) boot: Partition Table:[0m
[0;32mI (26) boot: ## Label            Usage          Type ST Offset   Length[0m
[0;32mI (26) boot:  0 nvs              WiFi data        01 02 00009000 00006000[0m
[0;32mI (27) boot:  1 phy_init         RF data          01 01 0000f000 00001000[0m
[0;32mI (28) boot:  2 factory          factory app      00 00 00010000 00200000[0m
[0;32mI (28) boot:  3 wad              Unknown data     01 40 00210000 00400000[0m
[0;32mI (29) boot:  4 saves            Unknown data     01 41 00610000 00020000[0m
[0;32mI (29) boot: End of partition table[0m
[0;32mI (30) esp_image: segment 0: paddr=00010020 vaddr=420c0020 size=32dd0h (208336) map[0m
[0;32mI (68) esp_image: segment 1: paddr=00042df8 vaddr=40800000 size=0d220h ( 53792) load[0m
[0;32mI (80) esp_image: segment 2: paddr=00050020 vaddr=42000020 size=bda98h (776856) map[0m
[0;32mI (219) esp_image: segment 3: paddr=0010dac0 vaddr=4080d220 size=09cd4h ( 40148) load[0m
[0;32mI (228) esp_image: segment 4: paddr=0011779c vaddr=40816f00 size=0393ch ( 14652) load[0m
[0;32mI (232) esp_image: segment 5: paddr=0011b0e0 vaddr=50000000 size=00004h (     4) load[0m
[0;32mI (238) boot: Loaded app from partition at offset 0x10000[0m
[0;32mI (238) boot: Disabling RNG early entropy source...[0m
[0;32mI (240) cpu_start: Unicore app[0m
[0;32mI (248) cpu_start: Pro cpu start user code[0m
[0;32mI (248) cpu_start: cpu freq: 160000000 Hz[0m
[0;32mI (249) app_init: Application information:[0m
[0;32mI (249) app_init: Project name:     diablito[0m
[0;32mI (249) app_init: App version:      7572415-dirty[0m
[0;32mI (249) app_init: Compile time:     Sep 19 2026 14:48:58[0m
[0;32mI (250) app_init: ELF file SHA256:  582e9d257...[0m
[0;32mI (250) app_init: ESP-IDF:          v5.3.4[0m
[0;32mI (250) efuse_init: Min chip rev:     v0.0[0m
[0;32mI (250) efuse_init: Max chip rev:     v0.99 [0m
[0;32mI (251) efuse_init: Chip rev:         v0.2[0m
[0;32mI (251) heap_init: Initializing. RAM available for dynamic allocation:[0m
[0;32mI (251) heap_init: At 408366B0 len 00045F60 (279 KiB): RAM[0m
[0;32mI (252) heap_init: At 4087C610 len 00002F54 (11 KiB): RAM[0m
[0;32mI (252) heap_init: At 50000004 len 00003FE4 (15 KiB): RTCRAM[0m
[0;32mI (253) spi_flash: detected chip: generic[0m
[0;32mI (253) spi_flash: flash io: qio[0m
[0;33mW (253) i2c: This driver is an old driver, please migrate your application code to adapt `driver/i2c_master.h`[0m
[0;32mI (254) sleep: Configure to isolate all GPIO pins in sleep state[0m
[0;32mI (254) sleep: Enable automatic switching of GPIO sleep configuration[0m
[0;32mI (255) coexist: coex firmware version: a13b09d[0m
[0;32mI (255) coexist: coexist rom version 5b8dcfa[0m
[0;32mI (255) main_task: Started on CPU0[0m
[0;32mI (255) main_task: Calling app_main()[0m
[0;32mI (255) gpio: GPIO[15]| InputEn: 0| OutputEn: 1| OpenDrain: 0| Pullup: 0| Pulldown: 0| Intr:0 [0m
[0;32mI (255) gpio: GPIO[9]| InputEn: 1| OutputEn: 0| OpenDrain: 0| Pullup: 1| Pulldown: 0| Intr:0 [0m
[0;32mI (255) gpio: GPIO[18]| InputEn: 1| OutputEn: 0| OpenDrain: 0| Pullup: 1| Pulldown: 0| Intr:0 [0m
[0;32mI (256) gpio: GPIO[0]| InputEn: 0| OutputEn: 0| OpenDrain: 0| Pullup: 0| Pulldown: 0| Intr:0 [0m
[0;32mI (256) DIABLITO: DIABLITO skeleton, IDF v5.3.4, CPU 160 MHz[0m
[0;32mI (256) DIABLITO: heap at boot: free 283604, largest block 258048, min ever 283604, dma-capable 269004[0m
[0;32mI (257) gpio: GPIO[3]| InputEn: 0| OutputEn: 1| OpenDrain: 0| Pullup: 0| Pulldown: 0| Intr:0 [0m
[0;32mI (257) gpio: GPIO[4]| InputEn: 0| OutputEn: 1| OpenDrain: 0| Pullup: 0| Pulldown: 0| Intr:0 [0m
[0;32mI (761) DISPLAY: ST7789 up: 280x240 landscape, SPI 80 MHz, 2 x 8960 B DMA strips[0m
[0;32mI (761) DIABLITO: heap after display: free 264120, largest block 237568, min ever 264120, dma-capable 249520[0m
[0;32mI (762) DIABLITO: wad partition @0x210000 size 4194304: magic IWHD, 1264 lumps, infotable @36, file 2073676 bytes[0m
[0;32mI (762) DIABLITO: WHD mapped at 0x42100000, header via mmap: IWHD ·©ÔUDOOM1[0m
[0;32mI (763) DIABLITO: heap after wad mmap: free 263488, largest block 237568, min ever 263488, dma-capable 248888[0m
[0;32mI (763) DIABLITO: main task stack high-water: 14872 bytes free[0m
[0;32mI (764) DIABLITO: .bss ends at 0x408366a8 (short-pointer window ends at 0x40840000, 39256 bytes spare)[0m
[0;32mI (764) DIABLITO: heap before BLE: free 263488, largest block 237568, min ever 263488, dma-capable 248888[0m
[0;32mI (780) DIABLITO: previous run (boot 16) lasted 60 s (1 min), last battery 4167 mV[0m
[0;32mI (780) DIABLITO: idle sleep after 0 s in attract (NVS medal/idle_s)[0m
[0;32mI (781) BLE_INIT: Using main XTAL as clock source, chip ver: 2[0m
[0;32mI (781) BLE_INIT: ble controller commit:[ca6c20b][0m
[0;32mI (786) BLE_INIT: Bluetooth MAC: fc:01:2c:fd:fc:b2[0m
[0;32mI (786) phy_init: phy_version 341,a6c8fe6,Jul 30 2025,18:34:11[0m
[0;32mI (880) phy: libbtbb version: a945109, Jul 30 2025, 18:34:25[0m
[0;32mI (888) PAD: init, saved controller: yes[0m
[0;32mI (1089) DIABLITO: heap after BLE init: free 224284, largest block 196608, min ever 224148, dma-capable 209684[0m
[0;32mI (1089) DIABLITO: starting Doom[0m
sound muted (NVS medal/mute)
settings: sfx 8 music 8 turn 5 messages 1 gamma 0 skill 2
                          DIABLITO Doom 3.0.0
Z_Init: Init zone memory allocation daemon. 
zone memory: 0x40822e7c, 10000 allocated for zone
M_LoadDefaults: Load system defaults.
W_Init: Init WADfiles.
===========================================================================
                            DOOM Shareware
===========================================================================
 DIABLITO Doom is free software, covered by the GNU General Public
 License.  There is NO warranty; not even for MERCHANTABILITY or FITNESS
 FOR A PARTICULAR PURPOSE. You are welcome to change and distribute
 copies under certain conditions. See the source for more information.
===========================================================================
I_Init: Setting up machine state.
[0;32mI (1142) AUDIO: ES8311 + I2S: 24858 Hz, 2 ch, ring 8192 bytes (82 ms)[0m
M_Init: Init miscellaneous info.
R_Init: Init DOOM refresh daemon - .........
P_Init: Init Playloop state.
S_Init: Setting up sound.
D_CheckNetGame: Checking network game status.
Emulating the behavior of the 'Doom 1.9' executable.
HU_Init: Setting up heads up display.
ST_Init: Init status bar.
frame 2: 22597 us total, 11703 us display, type 4
frame 3: 13418 us total, 11637 us display, type 4
frame 4: 17099 us total, 11632 us display, type 4
frame 5: 33921 us total, 11647 us display, type 4
frame 6: 28981 us total, 11639 us display, type 4
frame 7: 22117 us total, 11645 us display, type 4
frame 8: 36777 us total, 11668 us display, type 4
frame 9: 28075 us total, 11692 us display, type 4
frame 10: 27807 us total, 11653 us display, type 4
frame 11: 22346 us total, 11643 us display, type 4
frame 12: 34168 us total, 11648 us display, type 4
frame 13: 28900 us total, 11657 us display, type 4
frame 14: 21934 us total, 11642 us display, type 4
frame 15: 36416 us total, 11662 us display, type 4
frame 16: 28766 us total, 11647 us display, type 4
frame 17: 20863 us total, 11635 us display, type 4
frame 18: 35830 us total, 11643 us display, type 4
frame 19: 27472 us total, 11664 us display, type 4
frame 20: 28741 us total, 11644 us display, type 4
frame 21: 21920 us total, 11635 us display, type 4
frame 22: 36204 us total, 11651 us display, type 4
frame 23: 29163 us total, 11664 us display, type 4
frame 24: 20689 us total, 11643 us display, type 4
frame 25: 36200 us total, 11652 us display, type 4
frame 26: 27434 us total, 11664 us display, type 4
frame 27: 22352 us total, 11646 us display, type 4
frame 28: 34182 us total, 11649 us display, type 4
frame 29: 29784 us total, 11655 us display, type 4
frame 30: 21019 us total, 11634 us display, type 4
frame 31: 36931 us total, 11651 us display, type 4
frame 32: 28759 us total, 11661 us display, type 4
frame 33: 27005 us total, 11652 us display, type 4
frame 34: 22279 us total, 11636 us display, type 4
frame 35: 34330 us total, 11664 us display, type 4
frame 36: 28861 us total, 11648 us display, type 4
frame 37: 21804 us total, 11642 us display, type 4
frame 38: 37097 us total, 11658 us display, type 4
frame 39: 28976 us total, 11652 us display, type 4
frame 40: 19955 us total, 11635 us display, type 4
frame 41: 36047 us total, 11657 us display, type 4
frame 42: 27406 us total, 11664 us display, type 4
frame 43: 22520 us total, 11643 us display, type 4
frame 44: 34157 us total, 11648 us display, type 4
frame 45: 30566 us total, 11653 us display, type 4
frame 46: 29564 us total, 11663 us display, type 4
frame 47: 19745 us total, 11635 us display, type 4
frame 48: 35650 us total, 11656 us display, type 4
frame 49: 27552 us total, 11640 us display, type 4
frame 50: 22794 us total, 11642 us display, type 4
frame 51: 34003 us total, 11643 us display, type 4
frame 52: 30255 us total, 11654 us display, type 4
frame 53: 21715 us total, 11634 us display, type 4
frame 54: 35699 us total, 11657 us display, type 4
frame 55: 28446 us total, 11652 us display, type 4
frame 56: 20886 us total, 11635 us display, type 4
frame 57: 35343 us total, 11652 us display, type 4
frame 58: 27834 us total, 11645 us display, type 4
frame 59: 29792 us total, 11650 us display, type 4
frame 60: 22071 us total, 11643 us display, type 4
frame 61: 35728 us total, 11649 us display, type 4
frame 62: 28417 us total, 11655 us display, type 4
frame 63: 20807 us total, 11636 us display, type 4
frame 64: 35777 us total, 11647 us display, type 4
frame 65: 27281 us total, 11640 us display, type 4
frame 66: 22945 us total, 11643 us display, type 4
frame 67: 36017 us total, 11818 us display, type 4
frame 68: 28048 us total, 11644 us display, type 4
frame 69: 28653 us total, 11659 us display, type 4
frame 70: 21296 us total, 11636 us display, type 4
frame 71: 34710 us total, 11638 us display, type 4
frame 72: 27480 us total, 11639 us display, type 4
frame 73: 23760 us total, 11642 us display, type 4
frame 74: 34379 us total, 11655 us display, type 4
frame 75: 30114 us total, 11659 us display, type 4
frame 76: 21614 us total, 11643 us display, type 4
frame 77: 34798 us total, 11644 us display, type 4
frame 78: 28141 us total, 11645 us display, type 4
frame 79: 22025 us total, 11709 us display, type 4
frame 80: 34343 us total, 11658 us display, type 4
frame 81: 28811 us total, 11637 us display, type 4
frame 82: 29783 us total, 11650 us display, type 4
frame 83: 22127 us total, 11655 us display, type 4
frame 84: 35020 us total, 11650 us display, type 4
frame 85: 27794 us total, 11651 us display, type 4
frame 86: 22091 us total, 11688 us display, type 4
frame 87: 34453 us total, 11655 us display, type 4
frame 88: 29011 us total, 11653 us display, type 4
frame 89: 22504 us total, 11641 us display, type 4
frame 90: 36000 us total, 11661 us display, type 4
frame 91: 28032 us total, 11639 us display, type 4
frame 92: 21940 us total, 11635 us display, type 4
frame 93: 34089 us total, 11652 us display, type 4
frame 94: 28589 us total, 11652 us display, type 4
frame 95: 28797 us total, 11649 us display, type 4
frame 96: 22805 us total, 11859 us display, type 4
frame 97: 35206 us total, 11661 us display, type 4
frame 98: 28569 us total, 11641 us display, type 4
frame 99: 22006 us total, 11641 us display, type 4
frame 100: 34485 us total, 11658 us display, type 4
frame 101: 28113 us total, 11652 us display, type 4
frame 102: 23342 us total, 11633 us display, type 4
frame 103: 33215 us total, 11640 us display, type 4
frame 104: 29891 us total, 11745 us display, type 4
frame 105: 21950 us total, 11636 us display, type 4
frame 106: 36315 us total, 11656 us display, type 4
frame 107: 27356 us total, 11699 us display, type 4
frame 108: 28148 us total, 11655 us display, type 4
frame 109: 23152 us total, 11637 us display, type 4
frame 110: 33201 us total, 11638 us display, type 4
frame 111: 29021 us total, 11635 us display, type 4
frame 112: 22768 us total, 11643 us display, type 4
frame 113: 36422 us total, 11667 us display, type 4
frame 114: 27389 us total, 11757 us display, type 4
frame 115: 22264 us total, 11654 us display, type 4
frame 116: 34810 us total, 11663 us display, type 4
frame 117: 27413 us total, 11648 us display, type 4
frame 118: 23744 us total, 11649 us display, type 4
frame 119: 33206 us total, 11641 us display, type 4
frame 120: 31794 us total, 11662 us display, type 4
frame 121: 27930 us total, 11646 us display, type 4
frame 122: 21102 us total, 11653 us display, type 4
frame 123: 37064 us total, 11668 us display, type 4
frame 124: 27285 us total, 11647 us display, type 4
frame 125: 21799 us total, 11804 us display, type 4
frame 126: 34857 us total, 11658 us display, type 4
frame 127: 29908 us total, 11650 us display, type 4
profile (avg of 128 frames, ms): logic+bsp 0.1 wait-fb 0.0 vp-mark 0.0 flats 0.0 columns 0.0 fuzz 0.0
frame 128: 20653 us total, 11653 us display, type 4
frame 129: 36306 us total, 11646 us display, type 4
frame 130: 28914 us total, 11722 us display, type 4
frame 131: 20225 us total, 11653 us display, type 4
frame 132: 36347 us total, 11653 us display, type 4
frame 133: 27651 us total, 11650 us display, type 4
frame 134: 29780 us total, 11661 us display, type 4
frame 135: 20184 us total, 11634 us display, type 4
frame 136: 36732 us total, 11664 us display, type 4
frame 137: 28257 us total, 11652 us display, type 4
frame 138: 20994 us total, 11635 us display, type 4
frame 139: 35552 us total, 11649 us display, type 4
frame 140: 27665 us total, 11638 us display, type 4
frame 141: 22739 us total, 11635 us display, type 4
frame 142: 34598 us total, 11666 us display, type 4
frame 143: 29664 us total, 11649 us display, type 4
frame 144: 28966 us total, 11664 us display, type 4
frame 145: 20834 us total, 11637 us display, type 4
frame 146: 36371 us total, 11675 us display, type 4
frame 147: 27150 us total, 11675 us display, type 4
frame 148: 22476 us total, 11643 us display, type 4
frame 149: 34337 us total, 11659 us display, type 4
frame 150: 30074 us total, 11664 us display, type 4
frame 151: 21587 us total, 11670 us display, type 4
frame 152: 35305 us total, 11679 us display, type 4
frame 153: 28700 us total, 11651 us display, type 4
frame 154: 20982 us total, 11637 us display, type 4
frame 155: 36040 us total, 11665 us display, type 4
frame 156: 27529 us total, 11668 us display, type 4
frame 157: 29758 us total, 11669 us display, type 4
frame 158: 21773 us total, 11661 us display, type 4
frame 159: 35246 us total, 11657 us display, type 4
frame 160: 28647 us total, 11658 us display, type 4
frame 161: 21011 us total, 11638 us display, type 4
frame 162: 35834 us total, 11656 us display, type 4
frame 163: 27924 us total, 11651 us display, type 4
frame 164: 22297 us total, 11645 us display, type 4
frame 165: 35922 us total, 11664 us display, type 4
frame 166: 27651 us total, 11661 us display, type 4
frame 167: 22347 us total, 11643 us display, type 4
frame 168: 34062 us total, 11654 us display, type 4
frame 169: 65569 us total, 12674 us display, type 5
frame 170: 12995 us total, 12482 us display, type 5
frame 171: 13161 us total, 12773 us display, type 5
frame 172: 13145 us total, 12483 us display, type 5
frame 173: 12978 us total, 12551 us display, type 5
frame 174: 12861 us total, 12484 us display, type 5
frame 175: 12868 us total, 12479 us display, type 5
frame 176: 13164 us total, 12811 us display, type 5
frame 177: 13087 us total, 12634 us display, type 5
frame 178: 12861 us total, 12463 us display, type 5
frame 179: 13022 us total, 12629 us display, type 5
frame 180: 12844 us total, 12456 us display, type 5
frame 181: 12866 us total, 12508 us display, type 5
frame 182: 12846 us total, 12452 us display, type 5
frame 183: 12817 us total, 12452 us display, type 5
frame 184: 12786 us total, 12433 us display, type 5
frame 185: 13023 us total, 12642 us display, type 5
frame 186: 12845 us total, 12422 us display, type 5
frame 187: 12787 us total, 12413 us display, type 5
frame 188: 12806 us total, 12413 us display, type 5
frame 189: 12817 us total, 12458 us display, type 5
frame 190: 12735 us total, 12391 us display, type 5
frame 191: 12784 us total, 12383 us display, type 5
frame 192: 12780 us total, 12383 us display, type 5
frame 193: 12798 us total, 12420 us display, type 5
frame 194: 12755 us total, 12364 us display, type 5
frame 195: 12982 us total, 12585 us display, type 5
frame 196: 12930 us total, 12418 us display, type 5
frame 197: 12846 us total, 12331 us display, type 5
frame 198: 12736 us total, 12344 us display, type 5
frame 199: 12727 us total, 12328 us display, type 5
frame 200: 12927 us total, 12552 us display, type 5
frame 201: 33768 us total, 12662 us display, type 5
frame 202: 12801 us total, 12294 us display, type 5
frame 203: 12779 us total, 12402 us display, type 5
frame 204: 12779 us total, 12399 us display, type 5
frame 205: 12757 us total, 12286 us display, type 5
frame 206: 12802 us total, 12261 us display, type 5
frame 207: 12761 us total, 12332 us display, type 5
frame 208: 12645 us total, 12265 us display, type 5
frame 209: 13904 us total, 12469 us display, type 5
frame 210: 12705 us total, 12307 us display, type 5
frame 211: 12691 us total, 12237 us display, type 5
frame 212: 12629 us total, 12240 us display, type 5
frame 213: 12891 us total, 12378 us display, type 5
frame 214: 12653 us total, 12282 us display, type 5
frame 215: 12599 us total, 12215 us display, type 5
frame 216: 12619 us total, 12204 us display, type 5
frame 217: 12702 us total, 12318 us display, type 5
frame 218: 12675 us total, 12247 us display, type 5
frame 219: 12560 us total, 12191 us display, type 5
frame 220: 12774 us total, 12358 us display, type 5
frame 221: 12556 us total, 12181 us display, type 5
frame 222: 12605 us total, 12236 us display, type 5
frame 223: 12535 us total, 12169 us display, type 5
frame 224: 12547 us total, 12174 us display, type 5
frame 225: 12558 us total, 12169 us display, type 5
frame 226: 12562 us total, 12203 us display, type 5
frame 227: 12519 us total, 12156 us display, type 5
frame 228: 12985 us total, 12610 us display, type 5
frame 229: 12603 us total, 12159 us display, type 5
frame 230: 12550 us total, 12219 us display, type 5
frame 231: 12533 us total, 12143 us display, type 5
frame 232: 12487 us total, 12147 us display, type 5
frame 233: 12673 us total, 12323 us display, type 5
frame 234: 12586 us total, 12200 us display, type 5
frame 235: 12583 us total, 12144 us display, type 5
frame 236: 12535 us total, 12153 us display, type 5
frame 237: 12644 us total, 12331 us display, type 5
frame 238: 12599 us total, 12199 us display, type 5
frame 239: 12478 us total, 12151 us display, type 5
frame 240: 12671 us total, 12329 us display, type 5
frame 241: 12890 us total, 12406 us display, type 5
frame 242: 12327 us total, 11824 us display, type 3
frame 243: 39726 us total, 11480 us display, type 3
frame 244: 31108 us total, 11484 us display, type 3
frame 245: 22622 us total, 11451 us display, type 3
frame 246: 30833 us total, 11466 us display, type 3
frame 247: 32198 us total, 11466 us display, type 3
frame 248: 24480 us total, 11732 us display, type 3
frame 249: 32833 us total, 11461 us display, type 3
frame 250: 31350 us total, 11471 us display, type 3
frame 251: 31632 us total, 11477 us display, type 3
frame 252: 24969 us total, 11458 us display, type 3
frame 253: 32350 us total, 11459 us display, type 3
frame 254: 32269 us total, 11470 us display, type 3
frame 255: 31995 us total, 11480 us display, type 3
profile (avg of 128 frames, ms): logic+bsp 1.1 wait-fb 0.0 vp-mark 0.5 flats 1.3 columns 0.6 fuzz 0.0
frame 256: 25863 us total, 11448 us display, type 3
audio: 81 underruns, 20 ms queued
mem @frame 256: heap free 37580, largest 14592, min ever 37444, zone free 41244, display stack free 4400, uptime 7 s, gamestate 0, demo 1, usergame 0, tic 190
frame 257: 32274 us total, 11471 us display, type 3
frame 258: 29081 us total, 11524 us display, type 3
frame 259: 24921 us total, 11462 us display, type 3
frame 260: 29276 us total, 11475 us display, type 3
frame 261: 32039 us total, 11477 us display, type 3
frame 262: 30004 us total, 11476 us display, type 3
frame 263: 23646 us total, 11453 us display, type 3
frame 264: 29016 us total, 11469 us display, type 3
frame 265: 28750 us total, 11752 us display, type 3
frame 266: 24037 us total, 11473 us display, type 3
frame 267: 27393 us total, 11553 us display, type 3
frame 268: 27932 us total, 11474 us display, type 3
frame 269: 23251 us total, 11460 us display, type 3
frame 270: 29470 us total, 11465 us display, type 3
frame 271: 24935 us total, 11460 us display, type 3
frame 272: 30802 us total, 11477 us display, type 3
frame 273: 31210 us total, 11479 us display, type 3
frame 274: 29442 us total, 11555 us display, type 3
frame 275: 25728 us total, 11467 us display, type 3
frame 276: 29648 us total, 11476 us display, type 3
frame 277: 27938 us total, 11466 us display, type 3
frame 278: 22969 us total, 11456 us display, type 3
frame 279: 29153 us total, 11464 us display, type 3
frame 280: 28876 us total, 11471 us display, type 3
frame 281: 22401 us total, 11466 us display, type 3
frame 282: 27297 us total, 11468 us display, type 3
frame 283: 21561 us total, 11450 us display, type 3
frame 284: 31813 us total, 11459 us display, type 3
frame 285: 27637 us total, 11470 us display, type 3
frame 286: 24133 us total, 11455 us display, type 3
frame 287: 29322 us total, 11450 us display, type 3
frame 288: 31272 us total, 11463 us display, type 3
frame 289: 29077 us total, 11463 us display, type 3
frame 290: 22993 us total, 11450 us display, type 3
frame 291: 32888 us total, 11468 us display, type 3
frame 292: 29023 us total, 11452 us display, type 3
frame 293: 21185 us total, 11440 us display, type 3
frame 294: 31183 us total, 11602 us display, type 3
frame 295: 28809 us total, 11464 us display, type 3
frame 296: 22879 us total, 11443 us display, type 3
frame 297: 34734 us total, 11455 us display, type 3
frame 298: 27920 us total, 11479 us display, type 3
frame 299: 23399 us total, 11451 us display, type 3
frame 300: 35052 us total, 11520 us display, type 3
frame 301: 29632 us total, 11454 us display, type 3
frame 302: 21087 us total, 11438 us display, type 3
frame 303: 32314 us total, 11453 us display, type 3
frame 304: 29642 us total, 11447 us display, type 3
frame 305: 22278 us total, 11451 us display, type 3
frame 306: 35959 us total, 11452 us display, type 3
frame 307: 28920 us total, 11456 us display, type 3
frame 308: 29192 us total, 11462 us display, type 3
frame 309: 25396 us total, 11445 us display, type 3
frame 310: 33909 us total, 11454 us display, type 3
frame 311: 31728 us total, 11475 us display, type 3
frame 312: 23084 us total, 11531 us display, type 3
frame 313: 32325 us total, 11460 us display, type 3
frame 314: 32022 us total, 11491 us display, type 3
frame 315: 30336 us total, 11463 us display, type 3
frame 316: 21821 us total, 11456 us display, type 3
frame 317: 33756 us total, 11496 us display, type 3
frame 318: 29611 us total, 11476 us display, type 3
frame 319: 23037 us total, 11462 us display, type 3
frame 320: 33986 us total, 11470 us display, type 3
frame 321: 30999 us total, 11471 us display, type 3
frame 322: 29454 us total, 11466 us display, type 3
frame 323: 23144 us total, 11464 us display, type 3
frame 324: 35934 us total, 11476 us display, type 3
frame 325: 31971 us total, 11466 us display, type 3
frame 326: 32683 us total, 11473 us display, type 3
frame 327: 25903 us total, 11459 us display, type 3
frame 328: 30841 us total, 11474 us display, type 3
frame 329: 31541 us total, 11472 us display, type 3
frame 330: 24112 us total, 11457 us display, type 3
frame 331: 32076 us total, 11465 us display, type 3
frame 332: 32836 us total, 11476 us display, type 3
frame 333: 32896 us total, 11471 us display, type 3
frame 334: 24672 us total, 11501 us display, type 3
frame 335: 32884 us total, 11879 us display, type 3
frame 336: 31688 us total, 11473 us display, type 3
frame 337: 31154 us total, 11714 us display, type 3
frame 338: 26434 us total, 11455 us display, type 3
frame 339: 33071 us total, 11465 us display, type 3
frame 340: 36538 us total, 11474 us display, type 3
frame 341: 36575 us total, 11473 us display, type 3
frame 342: 36277 us total, 11476 us display, type 3
frame 343: 27564 us total, 11459 us display, type 3
frame 344: 34138 us total, 11663 us display, type 3
frame 345: 34766 us total, 11475 us display, type 3
frame 346: 36280 us total, 11476 us display, type 3
frame 347: 35988 us total, 11478 us display, type 3
frame 348: 34731 us total, 11481 us display, type 3
frame 349: 32210 us total, 11455 us display, type 3
frame 350: 35933 us total, 11454 us display, type 3
frame 351: 35517 us total, 11459 us display, type 3
frame 352: 35443 us total, 11461 us display, type 3
gamepad: pairing open
frame 353: 36659 us total, 11481 us display, type 3
frame 354: 38617 us total, 11483 us display, type 3
frame 355: 38926 us total, 11487 us display, type 3
frame 356: 36969 us total, 11479 us display, type 3
frame 357: 40516 us total, 11492 us display, type 3
frame 358: 28596 us total, 11456 us display, type 3
frame 359: 35830 us total, 11460 us display, type 3
frame 360: 35524 us total, 11468 us display, type 3
frame 361: 42290 us total, 11461 us display, type 3
frame 362: 38012 us total, 11474 us display, type 3
frame 363: 41347 us total, 11458 us display, type 3
frame 364: 38963 us total, 11479 us display, type 3
frame 365: 37823 us total, 11484 us display, type 3
frame 366: 36724 us total, 11488 us display, type 3
frame 367: 37631 us total, 11468 us display, type 3
frame 368: 27283 us total, 11464 us display, type 3
frame 369: 33355 us total, 11456 us display, type 3
frame 370: 33080 us total, 11472 us display, type 3
frame 371: 30665 us total, 11479 us display, type 3
frame 372: 25154 us total, 11745 us display, type 3
frame 373: 31782 us total, 11464 us display, type 3
frame 374: 30727 us total, 11472 us display, type 3
frame 375: 33883 us total, 11468 us display, type 3
frame 376: 24174 us total, 11463 us display, type 3
frame 377: 30891 us total, 11468 us display, type 3
frame 378: 31650 us total, 11469 us display, type 3
frame 379: 23412 us total, 11451 us display, type 3
frame 380: 31557 us total, 11467 us display, type 3
frame 381: 28890 us total, 11490 us display, type 3
frame 382: 29834 us total, 11476 us display, type 3
frame 383: 23975 us total, 11463 us display, type 3
profile (avg of 128 frames, ms): logic+bsp 6.7 wait-fb 0.0 vp-mark 2.5 flats 5.6 columns 6.8 fuzz 0.0
frame 384: 30013 us total, 11473 us display, type 3
frame 385: 31281 us total, 11472 us display, type 3
frame 386: 24040 us total, 11659 us display, type 3
frame 387: 30447 us total, 11471 us display, type 3
frame 388: 28727 us total, 11466 us display, type 3
frame 389: 23729 us total, 11464 us display, type 3
frame 390: 28961 us total, 11474 us display, type 3
frame 391: 28039 us total, 11466 us display, type 3
frame 392: 25330 us total, 11469 us display, type 3
frame 393: 34345 us total, 11463 us display, type 3
frame 394: 30285 us total, 11472 us display, type 3
frame 395: 24373 us total, 11465 us display, type 3
frame 396: 31397 us total, 11471 us display, type 3
frame 397: 30113 us total, 11478 us display, type 3
frame 398: 28950 us total, 11470 us display, type 3
frame 399: 23938 us total, 11464 us display, type 3
frame 400: 29916 us total, 11462 us display, type 3
frame 401: 30504 us total, 11468 us display, type 3
frame 402: 25355 us total, 11455 us display, type 3
frame 403: 30739 us total, 11465 us display, type 3
frame 404: 31237 us total, 11631 us display, type 3
frame 405: 34095 us total, 11472 us display, type 3
frame 406: 27275 us total, 11464 us display, type 3
frame 407: 30714 us total, 11474 us display, type 3
frame 408: 32167 us total, 11478 us display, type 3
frame 409: 26351 us total, 11451 us display, type 3
frame 410: 32702 us total, 11463 us display, type 3
frame 411: 33010 us total, 11469 us display, type 3
frame 412: 34853 us total, 11470 us display, type 3
frame 413: 33557 us total, 11472 us display, type 3
frame 414: 27769 us total, 11472 us display, type 3
frame 415: 32336 us total, 11456 us display, type 3
frame 416: 32421 us total, 11470 us display, type 3
frame 417: 33460 us total, 11472 us display, type 3
frame 418: 26469 us total, 11460 us display, type 3
frame 419: 34819 us total, 11462 us display, type 3
frame 420: 34360 us total, 11478 us display, type 3
frame 421: 34656 us total, 11474 us display, type 3
frame 422: 33857 us total, 11468 us display, type 3
frame 423: 27297 us total, 11458 us display, type 3
frame 424: 31732 us total, 11456 us display, type 3
frame 425: 32683 us total, 11468 us display, type 3
frame 426: 33169 us total, 11467 us display, type 3
frame 427: 26413 us total, 11453 us display, type 3
frame 428: 33585 us total, 11454 us display, type 3
frame 429: 32042 us total, 11479 us display, type 3
frame 430: 31582 us total, 11474 us display, type 3
frame 431: 25735 us total, 11460 us display, type 3
frame 432: 30603 us total, 11471 us display, type 3
frame 433: 31955 us total, 11472 us display, type 3
frame 434: 31906 us total, 11471 us display, type 3
frame 435: 25104 us total, 11455 us display, type 3
frame 436: 32192 us total, 11458 us display, type 3
frame 437: 30656 us total, 11472 us display, type 3
frame 438: 25832 us total, 11478 us display, type 3
frame 439: 32552 us total, 11458 us display, type 3
frame 440: 31779 us total, 11467 us display, type 3
frame 441: 31043 us total, 11473 us display, type 3
frame 442: 27000 us total, 11456 us display, type 3
frame 443: 32328 us total, 11476 us display, type 3
frame 444: 32872 us total, 11474 us display, type 3
frame 445: 31456 us total, 11476 us display, type 3
frame 446: 26262 us total, 11574 us display, type 3
frame 447: 31630 us total, 11475 us display, type 3
frame 448: 31444 us total, 11480 us display, type 3
frame 449: 33608 us total, 11688 us display, type 3
frame 450: 28966 us total, 11468 us display, type 3
frame 451: 35661 us total, 11457 us display, type 3
frame 452: 33974 us total, 11462 us display, type 3
frame 453: 34001 us total, 11476 us display, type 3
frame 454: 32905 us total, 11469 us display, type 3
frame 455: 27095 us total, 11461 us display, type 3
frame 456: 33211 us total, 11458 us display, type 3
frame 457: 34346 us total, 11682 us display, type 3
frame 458: 34918 us total, 11475 us display, type 3
frame 459: 34345 us total, 11471 us display, type 3
frame 460: 26844 us total, 11458 us display, type 3
frame 461: 33260 us total, 11473 us display, type 3
frame 462: 32651 us total, 11474 us display, type 3
frame 463: 31131 us total, 11628 us display, type 3
frame 464: 24501 us total, 11459 us display, type 3
frame 465: 31070 us total, 11519 us display, type 3
frame 466: 32854 us total, 11473 us display, type 3
frame 467: 33559 us total, 11465 us display, type 3
frame 468: 23943 us total, 11457 us display, type 3
frame 469: 33875 us total, 11468 us display, type 3
frame 470: 32955 us total, 11477 us display, type 3
frame 471: 31985 us total, 11470 us display, type 3
frame 472: 26923 us total, 11467 us display, type 3
frame 473: 34053 us total, 11463 us display, type 3
frame 474: 35855 us total, 11757 us display, type 3
frame 475: 33387 us total, 11689 us display, type 3
frame 476: 35334 us total, 11613 us display, type 3
frame 477: 25420 us total, 11464 us display, type 3
input: down 0x00040
frame 478: 32765 us total, 11465 us display, type 3
frame 479: 32091 us total, 11478 us display, type 3
frame 480: 32412 us total, 11528 us display, type 3
frame 481: 26301 us total, 11523 us display, type 3
frame 482: 33953 us total, 11459 us display, type 3
frame 483: 35141 us total, 11468 us display, type 3
frame 484: 38606 us total, 11466 us display, type 3
frame 485: 35598 us total, 11472 us display, type 3
frame 486: 29568 us total, 11463 us display, type 3
frame 487: 35932 us total, 11469 us display, type 3
frame 488: 35669 us total, 11468 us display, type 3
frame 489: 37862 us total, 11458 us display, type 3
frame 490: 36549 us total, 11495 us display, type 3
frame 491: 37787 us total, 11474 us display, type 3
frame 492: 37305 us total, 11471 us display, type 3
frame 493: 34326 us total, 11473 us display, type 3
frame 494: 28024 us total, 11465 us display, type 3
frame 495: 33174 us total, 11475 us display, type 3
frame 496: 35560 us total, 11473 us display, type 3
frame 497: 35488 us total, 11482 us display, type 3
frame 498: 34581 us total, 11476 us display, type 3
frame 499: 24859 us total, 11456 us display, type 3
frame 500: 31487 us total, 11461 us display, type 3
frame 501: 31468 us total, 11518 us display, type 3
frame 502: 32474 us total, 11471 us display, type 3
frame 503: 23842 us total, 11456 us display, type 3
frame 504: 33611 us total, 11472 us display, type 3
frame 505: 33397 us total, 11466 us display, type 3
frame 506: 32450 us total, 11475 us display, type 3
frame 507: 24096 us total, 11454 us display, type 3
input: down 0x00010
frame 508: 32562 us total, 11489 us display, type 3
frame 509: 30882 us total, 11709 us display, type 3
frame 510: 24972 us total, 11459 us display, type 3
frame 511: 33276 us total, 11464 us display, type 3
profile (avg of 128 frames, ms): logic+bsp 7.7 wait-fb 0.0 vp-mark 2.5 flats 5.9 columns 8.1 fuzz 0.0
frame 512: 31896 us total, 11475 us display, type 3
audio: 81 underruns, 30 ms queued
mem @frame 512: heap free 37580, largest 14592, min ever 37444, zone free 41204, display stack free 4400, uptime 15 s, gamestate 0, demo 1, usergame 0, tic 467
frame 513: 34898 us total, 11473 us display, type 3
frame 514: 22009 us total, 11461 us display, type 3
frame 515: 31417 us total, 11460 us display, type 3
frame 516: 35105 us total, 11462 us display, type 3
frame 517: 31770 us total, 11463 us display, type 3
frame 518: 23417 us total, 11460 us display, type 3
frame 519: 33271 us total, 11466 us display, type 3
frame 520: 34665 us total, 11468 us display, type 3
frame 521: 34270 us total, 11519 us display, type 3
frame 522: 22591 us total, 11456 us display, type 3
frame 523: 35523 us total, 11470 us display, type 3
frame 524: 34865 us total, 11464 us display, type 3
frame 525: 32757 us total, 11471 us display, type 3
frame 526: 24836 us total, 11462 us display, type 3
frame 527: 33291 us total, 11465 us display, type 3
frame 528: 34765 us total, 11657 us display, type 3
frame 529: 35212 us total, 11609 us display, type 3
frame 530: 34992 us total, 11470 us display, type 3
frame 531: 26446 us total, 11463 us display, type 3
frame 532: 33791 us total, 11506 us display, type 3
frame 533: 32339 us total, 11466 us display, type 3
frame 534: 32735 us total, 11603 us display, type 3
frame 535: 25330 us total, 11455 us display, type 3
frame 536: 32704 us total, 11460 us display, type 3
frame 537: 33763 us total, 11462 us display, type 3
frame 538: 34352 us total, 11474 us display, type 3
input: down 0x00010
frame 539: 34883 us total, 11474 us display, type 3
frame 540: 25272 us total, 11461 us display, type 3
frame 541: 32363 us total, 11455 us display, type 3
frame 542: 32331 us total, 11483 us display, type 3
frame 543: 33908 us total, 11840 us display, type 3
frame 544: 24488 us total, 11459 us display, type 3
frame 545: 33967 us total, 11456 us display, type 3
frame 546: 34020 us total, 11460 us display, type 3
frame 547: 33978 us total, 11473 us display, type 3
frame 548: 25924 us total, 11459 us display, type 3
frame 549: 31590 us total, 11464 us display, type 3
frame 550: 32954 us total, 11466 us display, type 3
frame 551: 33849 us total, 11947 us display, type 3
frame 552: 24585 us total, 11592 us display, type 3
frame 553: 33855 us total, 11463 us display, type 3
frame 554: 32618 us total, 11750 us display, type 3
frame 555: 31988 us total, 11469 us display, type 3
frame 556: 23624 us total, 11465 us display, type 3
frame 557: 30877 us total, 11458 us display, type 3
frame 558: 29016 us total, 11469 us display, type 3
frame 559: 31772 us total, 11477 us display, type 3
frame 560: 23388 us total, 11455 us display, type 3
frame 561: 33205 us total, 11623 us display, type 3
frame 562: 32210 us total, 11470 us display, type 3
frame 563: 23490 us total, 11459 us display, type 3
frame 564: 32420 us total, 11456 us display, type 3
frame 565: 31712 us total, 11467 us display, type 3
frame 566: 31711 us total, 11536 us display, type 3
frame 567: 23050 us total, 11467 us display, type 3
frame 568: 31741 us total, 11469 us display, type 3
frame 569: 32675 us total, 11463 us display, type 3
frame 570: 22743 us total, 11464 us display, type 3
frame 571: 31541 us total, 11514 us display, type 3
input: down 0x00010
frame 572: 31554 us total, 11468 us display, type 3
frame 573: 30782 us total, 11488 us display, type 3
frame 574: 47398 us total, 12663 us display, type 5
frame 575: 13027 us total, 12482 us display, type 5
frame 576: 12862 us total, 12484 us display, type 5
frame 577: 12844 us total, 12484 us display, type 5
frame 578: 12978 us total, 12523 us display, type 5
frame 579: 12849 us total, 12487 us display, type 5
frame 580: 12844 us total, 12479 us display, type 5
frame 581: 12817 us total, 12476 us display, type 5
frame 582: 12910 us total, 12522 us display, type 5
frame 583: 12814 us total, 12462 us display, type 5
frame 584: 13271 us total, 12883 us display, type 5
frame 585: 13049 us total, 12523 us display, type 5
frame 586: 12949 us total, 12516 us display, type 5
frame 587: 13008 us total, 12625 us display, type 5
frame 588: 12995 us total, 12605 us display, type 5
frame 589: 12832 us total, 12427 us display, type 5
frame 590: 12870 us total, 12476 us display, type 5
frame 591: 12804 us total, 12414 us display, type 5
frame 592: 12795 us total, 12420 us display, type 5
frame 593: 12764 us total, 12406 us display, type 5
frame 594: 12820 us total, 12400 us display, type 5
frame 595: 12936 us total, 12549 us display, type 5
frame 596: 12803 us total, 12383 us display, type 5
frame 597: 12807 us total, 12427 us display, type 5
frame 598: 12767 us total, 12364 us display, type 5
frame 599: 12697 us total, 12356 us display, type 5
frame 600: 12742 us total, 12341 us display, type 5
frame 601: 12900 us total, 12502 us display, type 5
frame 602: 12759 us total, 12336 us display, type 5
frame 603: 12675 us total, 12329 us display, type 5
frame 604: 12716 us total, 12313 us display, type 5
frame 605: 38156 us total, 12727 us display, type 5
frame 606: 12784 us total, 12294 us display, type 5
frame 607: 12820 us total, 12407 us display, type 5
frame 608: 12683 us total, 12296 us display, type 5
frame 609: 12672 us total, 12281 us display, type 5
frame 610: 13032 us total, 12645 us display, type 5
frame 611: 12792 us total, 12336 us display, type 5
frame 612: 12667 us total, 12270 us display, type 5
frame 613: 13916 us total, 12503 us display, type 5
frame 614: 12866 us total, 12451 us display, type 5
frame 615: 12698 us total, 12302 us display, type 5
frame 616: 12707 us total, 12234 us display, type 5
frame 617: 12601 us total, 12228 us display, type 5
frame 618: 12618 us total, 12213 us display, type 5
frame 619: 12639 us total, 12263 us display, type 5
frame 620: 12609 us total, 12211 us display, type 5
frame 621: 12687 us total, 12309 us display, type 5
frame 622: 12624 us total, 12193 us display, type 5
frame 623: 12645 us total, 12312 us display, type 5
frame 624: 12593 us total, 12192 us display, type 5
frame 625: 12754 us total, 12350 us display, type 5
frame 626: 12681 us total, 12257 us display, type 5
frame 627: 12777 us total, 12305 us display, type 5
frame 628: 12566 us total, 12170 us display, type 5
frame 629: 12506 us total, 12159 us display, type 5
frame 630: 12659 us total, 12274 us display, type 5
frame 631: 12584 us total, 12206 us display, type 5
frame 632: 12538 us total, 12167 us display, type 5
frame 633: 12508 us total, 12147 us display, type 5
frame 634: 12540 us total, 12151 us display, type 5
frame 635: 12551 us total, 12188 us display, type 5
frame 636: 12500 us total, 12146 us display, type 5
frame 637: 12519 us total, 12148 us display, type 5
frame 638: 12497 us total, 12149 us display, type 5
frame 639: 12858 us total, 12322 us display, type 5
profile (avg of 128 frames, ms): logic+bsp 3.4 wait-fb 0.0 vp-mark 1.0 flats 2.9 columns 3.6 fuzz 0.3
frame 640: 13123 us total, 12147 us display, type 5
frame 641: 12516 us total, 12156 us display, type 5
frame 642: 12478 us total, 12139 us display, type 5
frame 643: 12549 us total, 12185 us display, type 5
frame 644: 12469 us total, 12145 us display, type 5
frame 645: 12517 us total, 12145 us display, type 5
frame 646: 11892 us total, 11430 us display, type 3
frame 647: 47107 us total, 11462 us display, type 3
frame 648: 34414 us total, 11465 us display, type 3
frame 649: 34364 us total, 11464 us display, type 3
frame 650: 33272 us total, 11478 us display, type 3
frame 651: 27502 us total, 11451 us display, type 3
frame 652: 33205 us total, 11557 us display, type 3
frame 653: 33353 us total, 11477 us display, type 3
frame 654: 31897 us total, 11470 us display, type 3
frame 655: 27732 us total, 11616 us display, type 3
frame 656: 31361 us total, 11776 us display, type 3
frame 657: 29876 us total, 11473 us display, type 3
frame 658: 30275 us total, 11476 us display, type 3
frame 659: 27863 us total, 11471 us display, type 3
frame 660: 30752 us total, 11466 us display, type 3
frame 661: 30098 us total, 11477 us display, type 3
frame 662: 27711 us total, 11611 us display, type 3
frame 663: 31056 us total, 11566 us display, type 3
frame 664: 31035 us total, 11467 us display, type 3
frame 665: 29979 us total, 11479 us display, type 3
frame 666: 28127 us total, 11460 us display, type 3
frame 667: 31176 us total, 11469 us display, type 3
frame 668: 30110 us total, 11479 us display, type 3
frame 669: 29823 us total, 11475 us display, type 3
frame 670: 27385 us total, 11464 us display, type 3
frame 671: 28938 us total, 11468 us display, type 3
frame 672: 29813 us total, 11483 us display, type 3
frame 673: 28261 us total, 11464 us display, type 3
frame 674: 30365 us total, 11467 us display, type 3
frame 675: 31127 us total, 11770 us display, type 3
frame 676: 29926 us total, 11463 us display, type 3
frame 677: 28234 us total, 11761 us display, type 3
frame 678: 29510 us total, 11473 us display, type 3
frame 679: 29102 us total, 11465 us display, type 3
frame 680: 27398 us total, 11481 us display, type 3
frame 681: 30524 us total, 11462 us display, type 3
frame 682: 29771 us total, 11616 us display, type 3
frame 683: 28315 us total, 11465 us display, type 3
frame 684: 28179 us total, 11470 us display, type 3
frame 685: 28419 us total, 11769 us display, type 3
frame 686: 29571 us total, 11464 us display, type 3
frame 687: 28140 us total, 11478 us display, type 3
frame 688: 29359 us total, 11472 us display, type 3
frame 689: 29196 us total, 11467 us display, type 3
frame 690: 27516 us total, 11480 us display, type 3
frame 691: 30664 us total, 11465 us display, type 3
frame 692: 29162 us total, 11470 us display, type 3
frame 693: 28008 us total, 11464 us display, type 3
frame 694: 29420 us total, 11594 us display, type 3
frame 695: 30343 us total, 11464 us display, type 3
frame 696: 29273 us total, 11603 us display, type 3
frame 697: 27465 us total, 11465 us display, type 3
frame 698: 28934 us total, 11464 us display, type 3
frame 699: 27808 us total, 11476 us display, type 3
frame 700: 27414 us total, 11464 us display, type 3
frame 701: 29565 us total, 11475 us display, type 3
frame 702: 28915 us total, 11477 us display, type 3
frame 703: 28318 us total, 11470 us display, type 3
frame 704: 29237 us total, 11511 us display, type 3
frame 705: 31021 us total, 11465 us display, type 3
frame 706: 29622 us total, 11462 us display, type 3
frame 707: 27895 us total, 11595 us display, type 3
frame 708: 30425 us total, 11465 us display, type 3
frame 709: 30334 us total, 11464 us display, type 3
frame 710: 28066 us total, 11471 us display, type 3
frame 711: 29995 us total, 11469 us display, type 3
frame 712: 30703 us total, 11471 us display, type 3
frame 713: 30379 us total, 11478 us display, type 3
frame 714: 28409 us total, 11458 us display, type 3
frame 715: 33788 us total, 11456 us display, type 3
frame 716: 32796 us total, 11488 us display, type 3
frame 717: 32773 us total, 11471 us display, type 3
frame 718: 27382 us total, 11464 us display, type 3
frame 719: 31793 us total, 11696 us display, type 3
frame 720: 32318 us total, 11470 us display, type 3
frame 721: 32301 us total, 11648 us display, type 3
frame 722: 28044 us total, 11729 us display, type 3
frame 723: 32503 us total, 11473 us display, type 3
frame 724: 31626 us total, 11475 us display, type 3
frame 725: 30906 us total, 11503 us display, type 3
frame 726: 27946 us total, 11467 us display, type 3
frame 727: 31679 us total, 11468 us display, type 3
frame 728: 31227 us total, 11467 us display, type 3
frame 729: 30193 us total, 11472 us display, type 3
frame 730: 27881 us total, 11462 us display, type 3
frame 731: 30363 us total, 11471 us display, type 3
frame 732: 29640 us total, 11468 us display, type 3
frame 733: 29346 us total, 11471 us display, type 3
frame 734: 27290 us total, 11464 us display, type 3
frame 735: 29606 us total, 11467 us display, type 3
frame 736: 30087 us total, 11479 us display, type 3
frame 737: 28649 us total, 11469 us display, type 3
frame 738: 29702 us total, 11470 us display, type 3
frame 739: 29601 us total, 11464 us display, type 3
frame 740: 27900 us total, 11470 us display, type 3
frame 741: 30119 us total, 11469 us display, type 3
frame 742: 29966 us total, 11464 us display, type 3
frame 743: 27887 us total, 11464 us display, type 3
frame 744: 27647 us total, 11469 us display, type 3
frame 745: 28677 us total, 11479 us display, type 3
frame 746: 29158 us total, 11471 us display, type 3
frame 747: 27675 us total, 11464 us display, type 3
frame 748: 29679 us total, 11655 us display, type 3
frame 749: 29848 us total, 11472 us display, type 3
frame 750: 27520 us total, 11512 us display, type 3
frame 751: 30049 us total, 11477 us display, type 3
frame 752: 29035 us total, 11470 us display, type 3
frame 753: 28629 us total, 11462 us display, type 3
frame 754: 27445 us total, 11472 us display, type 3
frame 755: 29352 us total, 11467 us display, type 3
frame 756: 29969 us total, 11472 us display, type 3
frame 757: 27754 us total, 11477 us display, type 3
frame 758: 28893 us total, 11483 us display, type 3
frame 759: 29279 us total, 11471 us display, type 3
frame 760: 27402 us total, 11471 us display, type 3
frame 761: 29427 us total, 11473 us display, type 3
frame 762: 29343 us total, 11465 us display, type 3
frame 763: 29069 us total, 11640 us display, type 3
frame 764: 27776 us total, 11459 us display, type 3
frame 765: 30077 us total, 11468 us display, type 3
frame 766: 30392 us total, 11467 us display, type 3
frame 767: 27894 us total, 11460 us display, type 3
profile (avg of 128 frames, ms): logic+bsp 9.5 wait-fb 0.0 vp-mark 3.3 flats 5.0 columns 8.4 fuzz 0.0
frame 768: 31332 us total, 11477 us display, type 3
audio: 160 underruns, 61 ms queued
mem @frame 768: heap free 37580, largest 14592, min ever 37444, zone free 55016, display stack free 4400, uptime 21 s, gamestate 0, demo 0, usergame 1, tic 662
frame 769: 31984 us total, 11473 us display, type 3
frame 770: 30049 us total, 11783 us display, type 3
frame 771: 27940 us total, 11461 us display, type 3
frame 772: 30178 us total, 11460 us display, type 3
frame 773: 30587 us total, 11470 us display, type 3
frame 774: 31003 us total, 11588 us display, type 3
frame 775: 27702 us total, 11466 us display, type 3
frame 776: 30561 us total, 11477 us display, type 3
frame 777: 30820 us total, 11766 us display, type 3
frame 778: 27842 us total, 11467 us display, type 3
frame 779: 31337 us total, 11470 us display, type 3
frame 780: 30091 us total, 11470 us display, type 3
input: down 0x00001
frame 781: 30217 us total, 11464 us display, type 3
frame 782: 28056 us total, 11469 us display, type 3
frame 783: 30921 us total, 11545 us display, type 3
frame 784: 31295 us total, 11537 us display, type 3
frame 785: 30775 us total, 11704 us display, type 3
frame 786: 28783 us total, 11474 us display, type 3
frame 787: 32071 us total, 11615 us display, type 3
frame 788: 35289 us total, 11477 us display, type 3
frame 789: 33661 us total, 11468 us display, type 3
frame 790: 27777 us total, 11462 us display, type 3
frame 791: 32419 us total, 11465 us display, type 3
input: down 0x00001
frame 792: 32711 us total, 11477 us display, type 3
frame 793: 32013 us total, 11473 us display, type 3
frame 794: 28254 us total, 11463 us display, type 3
frame 795: 32341 us total, 11460 us display, type 3
frame 796: 32250 us total, 11481 us display, type 3
frame 797: 34082 us total, 11474 us display, type 3
frame 798: 31466 us total, 11465 us display, type 3
frame 799: 28222 us total, 11469 us display, type 3
frame 800: 31249 us total, 11468 us display, type 3
frame 801: 31371 us total, 11467 us display, type 3
frame 802: 30746 us total, 11478 us display, type 3
frame 803: 28711 us total, 11467 us display, type 3
frame 804: 29524 us total, 11461 us display, type 3
frame 805: 29922 us total, 11460 us display, type 3
frame 806: 29204 us total, 11728 us display, type 3
input: down 0x00002
frame 807: 30782 us total, 11466 us display, type 3
frame 808: 30771 us total, 11598 us display, type 3
frame 809: 31213 us total, 11462 us display, type 3
frame 810: 28476 us total, 11459 us display, type 3
frame 811: 30700 us total, 11459 us display, type 3
frame 812: 29605 us total, 11477 us display, type 3
frame 813: 31106 us total, 11475 us display, type 3
frame 814: 29519 us total, 11466 us display, type 3
frame 815: 31139 us total, 11465 us display, type 3
frame 816: 29868 us total, 11465 us display, type 3
frame 817: 27688 us total, 11474 us display, type 3
frame 818: 28857 us total, 11543 us display, type 3
input: down 0x00002
frame 819: 30066 us total, 11472 us display, type 3
frame 820: 29868 us total, 11470 us display, type 3
frame 821: 27448 us total, 11467 us display, type 3
frame 822: 30201 us total, 11460 us display, type 3
frame 823: 29836 us total, 11703 us display, type 3
frame 824: 28148 us total, 11475 us display, type 3
frame 825: 30926 us total, 11511 us display, type 3
frame 826: 29510 us total, 11484 us display, type 3
frame 827: 29637 us total, 11466 us display, type 3
frame 828: 27722 us total, 11460 us display, type 3
frame 829: 29822 us total, 11466 us display, type 3
frame 830: 27959 us total, 11477 us display, type 3
frame 831: 28766 us total, 11772 us display, type 3
input: down 0x400000
frame 832: 29852 us total, 11474 us display, type 3
frame 833: 30085 us total, 11633 us display, type 3
frame 834: 29475 us total, 11467 us display, type 3
frame 835: 28078 us total, 11466 us display, type 3
frame 836: 29639 us total, 11462 us display, type 3
frame 837: 30381 us total, 11543 us display, type 3
frame 838: 28030 us total, 11463 us display, type 3
frame 839: 29589 us total, 11463 us display, type 3
frame 840: 29864 us total, 11472 us display, type 3
frame 841: 27681 us total, 11464 us display, type 3
frame 842: 30015 us total, 11470 us display, type 3
frame 843: 31252 us total, 11483 us display, type 3
frame 844: 28256 us total, 11471 us display, type 3
frame 845: 27758 us total, 11473 us display, type 3
input: down 0x800000
frame 846: 28164 us total, 11475 us display, type 3
frame 847: 29647 us total, 11474 us display, type 3
frame 848: 27766 us total, 11462 us display, type 3
frame 849: 29507 us total, 11471 us display, type 3
frame 850: 29296 us total, 11469 us display, type 3
frame 851: 30006 us total, 11469 us display, type 3
frame 852: 28635 us total, 11487 us display, type 3
frame 853: 30832 us total, 11478 us display, type 3
frame 854: 30296 us total, 11484 us display, type 3
frame 855: 28654 us total, 11466 us display, type 3
frame 856: 30816 us total, 11462 us display, type 3
frame 857: 30764 us total, 11466 us display, type 3
frame 858: 29976 us total, 11464 us display, type 3
input: down 0x400000
frame 859: 28308 us total, 11467 us display, type 3
frame 860: 31182 us total, 11475 us display, type 3
frame 861: 34814 us total, 11467 us display, type 3
frame 862: 33445 us total, 11474 us display, type 3
frame 863: 28090 us total, 11566 us display, type 3
frame 864: 33164 us total, 11465 us display, type 3
frame 865: 32697 us total, 11482 us display, type 3
frame 866: 31658 us total, 11474 us display, type 3
frame 867: 27982 us total, 11611 us display, type 3
frame 868: 31708 us total, 11773 us display, type 3
frame 869: 32978 us total, 11735 us display, type 3
frame 870: 32897 us total, 11477 us display, type 3
frame 871: 32290 us total, 11468 us display, type 3
frame 872: 27687 us total, 11463 us display, type 3
frame 873: 31682 us total, 11471 us display, type 3
input: down 0x800000
frame 874: 32080 us total, 11477 us display, type 3
frame 875: 30719 us total, 11474 us display, type 3
frame 876: 27779 us total, 11466 us display, type 3
frame 877: 28949 us total, 11469 us display, type 3
frame 878: 30181 us total, 11618 us display, type 3
frame 879: 28787 us total, 11467 us display, type 3
frame 880: 30416 us total, 11486 us display, type 3
frame 881: 30286 us total, 11479 us display, type 3
frame 882: 31378 us total, 11470 us display, type 3
frame 883: 28431 us total, 11468 us display, type 3
frame 884: 30286 us total, 11466 us display, type 3
frame 885: 29922 us total, 11472 us display, type 3
input: down 0x00020
frame 886: 29103 us total, 11771 us display, type 3
frame 887: 30186 us total, 11467 us display, type 3
frame 888: 29805 us total, 11542 us display, type 3
frame 889: 29376 us total, 11473 us display, type 3
frame 890: 28219 us total, 11478 us display, type 3
frame 891: 28636 us total, 11598 us display, type 3
frame 892: 30222 us total, 11475 us display, type 3
frame 893: 28309 us total, 11758 us display, type 3
frame 894: 29711 us total, 11463 us display, type 3
frame 895: 29633 us total, 11579 us display, type 3
profile (avg of 128 frames, ms): logic+bsp 10.3 wait-fb 0.0 vp-mark 3.2 flats 5.2 columns 9.0 fuzz 0.0
frame 896: 30256 us total, 11469 us display, type 3
frame 897: 28196 us total, 11522 us display, type 3
frame 898: 29743 us total, 11799 us display, type 3
frame 899: 30477 us total, 11480 us display, type 3
konami code
input: down 0x00010
frame 900: 28634 us total, 11473 us display, type 3
frame 901: 31407 us total, 11476 us display, type 3
frame 902: 31885 us total, 11482 us display, type 3
frame 903: 30210 us total, 11473 us display, type 3
frame 904: 30300 us total, 11476 us display, type 3
frame 905: 31895 us total, 11478 us display, type 3
frame 906: 31744 us total, 11639 us display, type 3
frame 907: 32062 us total, 11476 us display, type 3
frame 908: 31348 us total, 11475 us display, type 3
frame 909: 29589 us total, 11476 us display, type 3
frame 910: 31960 us total, 11477 us display, type 3
frame 911: 32559 us total, 11473 us display, type 3
frame 912: 32588 us total, 11481 us display, type 3
konami: god 1, shotgun 1, chainsaw 1, blue card 1
frame 913: 30012 us total, 11468 us display, type 3
frame 914: 32424 us total, 11470 us display, type 3
frame 915: 32715 us total, 11471 us display, type 3
frame 916: 32777 us total, 11601 us display, type 3
frame 917: 29500 us total, 11472 us display, type 3
frame 918: 32554 us total, 11467 us display, type 3
frame 919: 31523 us total, 11529 us display, type 3
frame 920: 33310 us total, 11481 us display, type 3
frame 921: 32214 us total, 11472 us display, type 3
frame 922: 28765 us total, 11475 us display, type 3
frame 923: 32239 us total, 11488 us display, type 3
frame 924: 31974 us total, 11473 us display, type 3
frame 925: 32040 us total, 11472 us display, type 3
frame 926: 29456 us total, 11479 us display, type 3
frame 927: 31543 us total, 11469 us display, type 3
frame 928: 31777 us total, 11478 us display, type 3
frame 929: 31869 us total, 11479 us display, type 3
frame 930: 29177 us total, 11710 us display, type 3
frame 931: 33800 us total, 11475 us display, type 3
frame 932: 38774 us total, 11459 us display, type 3
frame 933: 36703 us total, 11520 us display, type 3
frame 934: 34651 us total, 11476 us display, type 3
frame 935: 35793 us total, 11474 us display, type 3
frame 936: 29514 us total, 11592 us display, type 3
frame 937: 35433 us total, 11458 us display, type 3
frame 938: 35971 us total, 11462 us display, type 3
frame 939: 37153 us total, 11592 us display, type 3
frame 940: 35535 us total, 11472 us display, type 3
frame 941: 35250 us total, 11471 us display, type 3
frame 942: 35416 us total, 11480 us display, type 3
frame 943: 29173 us total, 11455 us display, type 3
frame 944: 34051 us total, 11466 us display, type 3
frame 945: 33221 us total, 12185 us display, type 3
frame 946: 31630 us total, 11482 us display, type 3
frame 947: 32730 us total, 11583 us display, type 3
frame 948: 28345 us total, 11464 us display, type 3
frame 949: 31888 us total, 11476 us display, type 3
frame 950: 31712 us total, 11467 us display, type 3
frame 951: 32536 us total, 11494 us display, type 3
frame 952: 28769 us total, 11472 us display, type 3
frame 953: 31225 us total, 11458 us display, type 3
frame 954: 31000 us total, 11476 us display, type 3
frame 955: 30833 us total, 11470 us display, type 3
frame 956: 28170 us total, 11555 us display, type 3
frame 957: 31172 us total, 11700 us display, type 3
frame 958: 29977 us total, 11620 us display, type 3
frame 959: 28042 us total, 11463 us display, type 3
frame 960: 28670 us total, 11460 us display, type 3
frame 961: 30605 us total, 11467 us display, type 3
frame 962: 31012 us total, 11467 us display, type 3
frame 963: 28431 us total, 11468 us display, type 3
frame 964: 31898 us total, 11480 us display, type 3
frame 965: 32341 us total, 11471 us display, type 3
frame 966: 30971 us total, 11471 us display, type 3
frame 967: 28324 us total, 11461 us display, type 3
frame 968: 31377 us total, 11469 us display, type 3
frame 969: 31119 us total, 11469 us display, type 3
frame 970: 30946 us total, 11470 us display, type 3
frame 971: 28904 us total, 11477 us display, type 3
frame 972: 28875 us total, 11475 us display, type 3
frame 973: 29564 us total, 11469 us display, type 3
frame 974: 28437 us total, 11468 us display, type 3
frame 975: 31643 us total, 11462 us display, type 3
frame 976: 31415 us total, 11481 us display, type 3
frame 977: 30529 us total, 11466 us display, type 3
frame 978: 28607 us total, 11468 us display, type 3
frame 979: 32138 us total, 11481 us display, type 3
frame 980: 31865 us total, 11473 us display, type 3
frame 981: 30561 us total, 11578 us display, type 3
frame 982: 28123 us total, 11472 us display, type 3
frame 983: 32418 us total, 11460 us display, type 3
frame 984: 32004 us total, 11981 us display, type 3
frame 985: 29333 us total, 11468 us display, type 3
frame 986: 28515 us total, 11467 us display, type 3
frame 987: 28694 us total, 11479 us display, type 3
frame 988: 30786 us total, 11468 us display, type 3
frame 989: 28965 us total, 11466 us display, type 3
frame 990: 31089 us total, 11467 us display, type 3
frame 991: 31300 us total, 11483 us display, type 3
frame 992: 32488 us total, 11715 us display, type 3
frame 993: 28984 us total, 11457 us display, type 3
frame 994: 33406 us total, 11463 us display, type 3
frame 995: 32621 us total, 11472 us display, type 3
frame 996: 33016 us total, 11468 us display, type 3
frame 997: 32746 us total, 11517 us display, type 3
frame 998: 28676 us total, 11460 us display, type 3
frame 999: 33097 us total, 11468 us display, type 3
frame 1000: 32613 us total, 11469 us display, type 3
frame 1001: 37365 us total, 11577 us display, type 3
frame 1002: 35849 us total, 11472 us display, type 3
frame 1003: 28061 us total, 11462 us display, type 3
frame 1004: 34647 us total, 11463 us display, type 3
frame 1005: 34496 us total, 11465 us display, type 3
battery: 97% 4176 mV
frame 1006: 35849 us total, 11486 us display, type 3
frame 1007: 35793 us total, 11480 us display, type 3
frame 1008: 36508 us total, 11472 us display, type 3
frame 1009: 28461 us total, 11462 us display, type 3
frame 1010: 35112 us total, 11457 us display, type 3
frame 1011: 33964 us total, 11467 us display, type 3
frame 1012: 34758 us total, 11476 us display, type 3
frame 1013: 33980 us total, 11620 us display, type 3
frame 1014: 28899 us total, 11464 us display, type 3
frame 1015: 32409 us total, 11467 us display, type 3
frame 1016: 32251 us total, 11774 us display, type 3
frame 1017: 32451 us total, 11479 us display, type 3
frame 1018: 29239 us total, 11510 us display, type 3
frame 1019: 32568 us total, 11469 us display, type 3
frame 1020: 32933 us total, 11463 us display, type 3
frame 1021: 32843 us total, 11480 us display, type 3
frame 1022: 31504 us total, 11472 us display, type 3
frame 1023: 28624 us total, 11474 us display, type 3
profile (avg of 128 frames, ms): logic+bsp 10.9 wait-fb 0.0 vp-mark 3.2 flats 5.5 columns 9.2 fuzz 0.0
frame 1024: 32147 us total, 11471 us display, type 3
audio: 160 underruns, 61 ms queued
mem @frame 1024: heap free 37580, largest 14592, min ever 37444, zone free 55016, display stack free 4400, uptime 29 s, gamestate 0, demo 0, usergame 1, tic 939
frame 1025: 33456 us total, 11479 us display, type 3
frame 1026: 31647 us total, 11558 us display, type 3
frame 1027: 28998 us total, 11464 us display, type 3
frame 1028: 29768 us total, 11471 us display, type 3
frame 1029: 30130 us total, 11472 us display, type 3
frame 1030: 31496 us total, 11478 us display, type 3
frame 1031: 29057 us total, 11499 us display, type 3
frame 1032: 31265 us total, 11466 us display, type 3
frame 1033: 31135 us total, 11472 us display, type 3
frame 1034: 32782 us total, 11478 us display, type 3
frame 1035: 28858 us total, 11476 us display, type 3
frame 1036: 31413 us total, 11471 us display, type 3
frame 1037: 31533 us total, 11478 us display, type 3
frame 1038: 30919 us total, 11470 us display, type 3
frame 1039: 28505 us total, 11469 us display, type 3
frame 1040: 31273 us total, 11472 us display, type 3
frame 1041: 29119 us total, 11490 us display, type 3
frame 1042: 28501 us total, 11466 us display, type 3
frame 1043: 29142 us total, 11481 us display, type 3
frame 1044: 31914 us total, 11480 us display, type 3
frame 1045: 31527 us total, 11474 us display, type 3
frame 1046: 29122 us total, 11484 us display, type 3
frame 1047: 31567 us total, 11471 us display, type 3
frame 1048: 32825 us total, 11469 us display, type 3
frame 1049: 33125 us total, 11469 us display, type 3
frame 1050: 29031 us total, 11456 us display, type 3
frame 1051: 33290 us total, 11457 us display, type 3
frame 1052: 33564 us total, 11469 us display, type 3
frame 1053: 33404 us total, 11587 us display, type 3
frame 1054: 34449 us total, 11476 us display, type 3
frame 1055: 28294 us total, 11457 us display, type 3
frame 1056: 33530 us total, 11466 us display, type 3
frame 1057: 32712 us total, 11468 us display, type 3
frame 1058: 32473 us total, 11467 us display, type 3
frame 1059: 32729 us total, 11479 us display, type 3
frame 1060: 27870 us total, 11456 us display, type 3
frame 1061: 32912 us total, 11608 us display, type 3
frame 1062: 34649 us total, 12735 us display, type 3
frame 1063: 33040 us total, 11470 us display, type 3
frame 1064: 28451 us total, 11556 us display, type 3
frame 1065: 34230 us total, 11464 us display, type 3
frame 1066: 33078 us total, 11969 us display, type 3
frame 1067: 32744 us total, 11476 us display, type 3
frame 1068: 34192 us total, 11476 us display, type 3
frame 1069: 29635 us total, 11970 us display, type 3
frame 1070: 36658 us total, 11796 us display, type 3
frame 1071: 35145 us total, 11457 us display, type 3
frame 1072: 32763 us total, 11481 us display, type 3
frame 1073: 33330 us total, 11471 us display, type 3
frame 1074: 28692 us total, 11457 us display, type 3
frame 1075: 33470 us total, 11458 us display, type 3
frame 1076: 34730 us total, 11592 us display, type 3
frame 1077: 35726 us total, 11468 us display, type 3
frame 1078: 35454 us total, 11479 us display, type 3
frame 1079: 34125 us total, 11467 us display, type 3
frame 1080: 28178 us total, 11470 us display, type 3
frame 1081: 34072 us total, 11484 us display, type 3
frame 1082: 33927 us total, 11483 us display, type 3
frame 1083: 31586 us total, 11468 us display, type 3
frame 1084: 27822 us total, 11462 us display, type 3
frame 1085: 30993 us total, 11462 us display, type 3
frame 1086: 32868 us total, 11490 us display, type 3
frame 1087: 32167 us total, 11939 us display, type 3
frame 1088: 32517 us total, 11476 us display, type 3
frame 1089: 28031 us total, 11490 us display, type 3
frame 1090: 32238 us total, 11479 us display, type 3
frame 1091: 31995 us total, 11478 us display, type 3
frame 1092: 30844 us total, 11475 us display, type 3
frame 1093: 28196 us total, 11473 us display, type 3
frame 1094: 31374 us total, 11468 us display, type 3
frame 1095: 30523 us total, 11475 us display, type 3
frame 1096: 27974 us total, 11476 us display, type 3
frame 1097: 29697 us total, 11466 us display, type 3
frame 1098: 28779 us total, 11465 us display, type 3
frame 1099: 30337 us total, 11478 us display, type 3
frame 1100: 28533 us total, 11600 us display, type 3
frame 1101: 31270 us total, 11467 us display, type 3
input: down 0x00040
frame 1102: 31625 us total, 11468 us display, type 3
frame 1103: 32824 us total, 11463 us display, type 3
frame 1104: 29258 us total, 11615 us display, type 3
frame 1105: 32217 us total, 11780 us display, type 3
frame 1106: 32949 us total, 11464 us display, type 3
frame 1107: 32486 us total, 11472 us display, type 3
frame 1108: 29177 us total, 11663 us display, type 3
frame 1109: 32236 us total, 11472 us display, type 3
frame 1110: 29784 us total, 11462 us display, type 3
frame 1111: 30015 us total, 11468 us display, type 3
frame 1112: 29342 us total, 11467 us display, type 3
frame 1113: 32877 us total, 11459 us display, type 3
frame 1114: 31993 us total, 11464 us display, type 3
frame 1115: 31861 us total, 11485 us display, type 3
frame 1116: 28838 us total, 11461 us display, type 3
frame 1117: 33393 us total, 11463 us display, type 3
frame 1118: 31898 us total, 11473 us display, type 3
frame 1119: 32033 us total, 11470 us display, type 3
frame 1120: 29311 us total, 11470 us display, type 3
frame 1121: 33035 us total, 11467 us display, type 3
frame 1122: 32346 us total, 11462 us display, type 3
frame 1123: 29621 us total, 11598 us display, type 3
frame 1124: 29568 us total, 11610 us display, type 3
frame 1125: 30119 us total, 11462 us display, type 3
frame 1126: 31857 us total, 11466 us display, type 3
frame 1127: 32783 us total, 11463 us display, type 3
frame 1128: 29257 us total, 11482 us display, type 3
frame 1129: 31582 us total, 11467 us display, type 3
frame 1130: 33306 us total, 11458 us display, type 3
frame 1131: 33718 us total, 11471 us display, type 3
frame 1132: 33137 us total, 11465 us display, type 3
frame 1133: 28896 us total, 11464 us display, type 3
frame 1134: 33767 us total, 11640 us display, type 3
input: down 0x00002
frame 1135: 33965 us total, 11464 us display, type 3
frame 1136: 33299 us total, 11469 us display, type 3
frame 1137: 33436 us total, 11462 us display, type 3
frame 1138: 28893 us total, 11448 us display, type 3
frame 1139: 38369 us total, 11452 us display, type 3
frame 1140: 36685 us total, 11597 us display, type 3
frame 1141: 35829 us total, 11465 us display, type 3
frame 1142: 36777 us total, 11580 us display, type 3
frame 1143: 36678 us total, 11470 us display, type 3
frame 1144: 35849 us total, 11672 us display, type 3
frame 1145: 29074 us total, 11458 us display, type 3
frame 1146: 36211 us total, 11456 us display, type 3
frame 1147: 36320 us total, 11468 us display, type 3
frame 1148: 36912 us total, 11753 us display, type 3
frame 1149: 35756 us total, 11470 us display, type 3
frame 1150: 35562 us total, 11464 us display, type 3
frame 1151: 28917 us total, 11459 us display, type 3
profile (avg of 128 frames, ms): logic+bsp 10.6 wait-fb 0.0 vp-mark 3.3 flats 5.6 columns 9.2 fuzz 0.0
frame 1152: 33800 us total, 11460 us display, type 3
frame 1153: 32770 us total, 11474 us display, type 3
frame 1154: 33124 us total, 11482 us display, type 3
frame 1155: 33095 us total, 11463 us display, type 3
frame 1156: 29846 us total, 11489 us display, type 3
frame 1157: 32422 us total, 11461 us display, type 3
frame 1158: 33040 us total, 11462 us display, type 3
frame 1159: 32601 us total, 11469 us display, type 3
frame 1160: 31201 us total, 11470 us display, type 3
frame 1161: 29122 us total, 11466 us display, type 3
frame 1162: 32115 us total, 11465 us display, type 3
input: down 0x00010
frame 1163: 32632 us total, 11474 us display, type 3
frame 1164: 29012 us total, 11468 us display, type 3
frame 1165: 28873 us total, 11470 us display, type 3
frame 1166: 29658 us total, 11470 us display, type 3
frame 1167: 31001 us total, 11477 us display, type 3
frame 1168: 28731 us total, 11466 us display, type 3
frame 1169: 31223 us total, 11472 us display, type 3
frame 1170: 30650 us total, 11465 us display, type 3
frame 1171: 34023 us total, 11462 us display, type 3
frame 1172: 29480 us total, 12152 us display, type 3
frame 1173: 34770 us total, 11461 us display, type 3
frame 1174: 34312 us total, 11465 us display, type 3
frame 1175: 34341 us total, 11471 us display, type 3
frame 1176: 35309 us total, 11467 us display, type 3
frame 1177: 35012 us total, 11463 us display, type 3
frame 1178: 28189 us total, 11456 us display, type 3
frame 1179: 32711 us total, 11457 us display, type 3
frame 1180: 35942 us total, 11462 us display, type 3
frame 1181: 34698 us total, 11473 us display, type 3
frame 1182: 33397 us total, 11463 us display, type 3
frame 1183: 28331 us total, 11456 us display, type 3
frame 1184: 34357 us total, 11457 us display, type 3
frame 1185: 35124 us total, 11471 us display, type 3
frame 1186: 33948 us total, 11464 us display, type 3
frame 1187: 34477 us total, 11536 us display, type 3
frame 1188: 28270 us total, 11470 us display, type 3
frame 1189: 35497 us total, 11454 us display, type 3
frame 1190: 34668 us total, 11460 us display, type 3
frame 1191: 33426 us total, 11469 us display, type 3
frame 1192: 34791 us total, 11462 us display, type 3
frame 1193: 28113 us total, 11456 us display, type 3
frame 1194: 35014 us total, 11465 us display, type 3
input: down 0x00002
frame 1195: 33369 us total, 11468 us display, type 3
frame 1196: 35234 us total, 11468 us display, type 3
frame 1197: 35122 us total, 11469 us display, type 3
frame 1198: 33322 us total, 11464 us display, type 3
frame 1199: 28191 us total, 11457 us display, type 3
frame 1200: 34848 us total, 11457 us display, type 3
frame 1201: 35396 us total, 11470 us display, type 3
frame 1202: 34377 us total, 11477 us display, type 3
frame 1203: 33575 us total, 11475 us display, type 3
frame 1204: 28836 us total, 11459 us display, type 3
frame 1205: 34861 us total, 11461 us display, type 3
frame 1206: 32260 us total, 11471 us display, type 3
frame 1207: 32735 us total, 11461 us display, type 3
frame 1208: 33408 us total, 11468 us display, type 3
frame 1209: 28329 us total, 11459 us display, type 3
frame 1210: 34246 us total, 11459 us display, type 3
frame 1211: 34011 us total, 11464 us display, type 3
frame 1212: 36610 us total, 11463 us display, type 3
frame 1213: 36574 us total, 11463 us display, type 3
frame 1214: 28485 us total, 11759 us display, type 3
frame 1215: 34648 us total, 11465 us display, type 3
frame 1216: 34365 us total, 11537 us display, type 3
frame 1217: 33295 us total, 11463 us display, type 3
frame 1218: 30632 us total, 11462 us display, type 3
frame 1219: 28214 us total, 11463 us display, type 3
frame 1220: 31041 us total, 11454 us display, type 3
frame 1221: 33658 us total, 11476 us display, type 3
frame 1222: 34023 us total, 11464 us display, type 3
frame 1223: 28719 us total, 11756 us display, type 3
input: down 0x00010
frame 1224: 34650 us total, 11454 us display, type 3
frame 1225: 35534 us total, 11609 us display, type 3
frame 1226: 35754 us total, 11466 us display, type 3
frame 1227: 35690 us total, 11468 us display, type 3
frame 1228: 34938 us total, 11464 us display, type 3
frame 1229: 28433 us total, 11462 us display, type 3
frame 1230: 36709 us total, 11456 us display, type 3
frame 1231: 33873 us total, 11456 us display, type 3
frame 1232: 34192 us total, 11464 us display, type 3
frame 1233: 33985 us total, 11468 us display, type 3
frame 1234: 28235 us total, 11459 us display, type 3
frame 1235: 33867 us total, 11511 us display, type 3
frame 1236: 34281 us total, 11464 us display, type 3
frame 1237: 36462 us total, 11469 us display, type 3
frame 1238: 35917 us total, 11463 us display, type 3
frame 1239: 35799 us total, 11694 us display, type 3
frame 1240: 28580 us total, 11453 us display, type 3
frame 1241: 35499 us total, 11661 us display, type 3
frame 1242: 33983 us total, 11459 us display, type 3
frame 1243: 32125 us total, 11464 us display, type 3
frame 1244: 31878 us total, 11462 us display, type 3
frame 1245: 28438 us total, 11459 us display, type 3
frame 1246: 35152 us total, 11541 us display, type 3
frame 1247: 34256 us total, 11465 us display, type 3
frame 1248: 34327 us total, 11465 us display, type 3
frame 1249: 35445 us total, 11470 us display, type 3
frame 1250: 28260 us total, 11454 us display, type 3
frame 1251: 33436 us total, 11462 us display, type 3
frame 1252: 33704 us total, 11478 us display, type 3
input: down 0x00002
frame 1253: 34457 us total, 11466 us display, type 3
frame 1254: 34229 us total, 11469 us display, type 3
frame 1255: 28283 us total, 11458 us display, type 3
frame 1256: 33254 us total, 11468 us display, type 3
frame 1257: 33874 us total, 11464 us display, type 3
frame 1258: 35510 us total, 11473 us display, type 3
frame 1259: 34954 us total, 11469 us display, type 3
frame 1260: 28404 us total, 11454 us display, type 3
frame 1261: 34417 us total, 11453 us display, type 3
frame 1262: 38580 us total, 11453 us display, type 3
settings saved: sfx 8 music 8 turn 5 messages 0 gamma 0 skill 2
frame 1263: 39177 us total, 11469 us display, type 3
frame 1264: 37455 us total, 11465 us display, type 3
frame 1265: 37409 us total, 11592 us display, type 3
frame 1266: 35514 us total, 11461 us display, type 3
frame 1267: 35638 us total, 11469 us display, type 3
frame 1268: 28228 us total, 11458 us display, type 3
frame 1269: 33839 us total, 11463 us display, type 3
input: down 0x00002
frame 1270: 34220 us total, 11461 us display, type 3
frame 1271: 32259 us total, 11472 us display, type 3
frame 1272: 32285 us total, 11541 us display, type 3
frame 1273: 28899 us total, 11451 us display, type 3
frame 1274: 33989 us total, 11456 us display, type 3
frame 1275: 34147 us total, 11463 us display, type 3
frame 1276: 33905 us total, 11469 us display, type 3
frame 1277: 36507 us total, 11474 us display, type 3
frame 1278: 29134 us total, 11695 us display, type 3
frame 1279: 36880 us total, 11655 us display, type 3
profile (avg of 128 frames, ms): logic+bsp 10.5 wait-fb 0.0 vp-mark 3.6 flats 6.2 columns 9.1 fuzz 0.0
frame 1280: 36022 us total, 11457 us display, type 3
audio: 160 underruns, 30 ms queued
mem @frame 1280: heap free 37548, largest 14592, min ever 37412, zone free 55016, display stack free 4400, uptime 37 s, gamestate 0, demo 0, usergame 1, tic 1230
frame 1281: 35757 us total, 11471 us display, type 3
frame 1282: 33101 us total, 11461 us display, type 3
input: down 0x00002
frame 1283: 32014 us total, 11466 us display, type 3
frame 1284: 29378 us total, 11468 us display, type 3
frame 1285: 31191 us total, 11468 us display, type 3
frame 1286: 34400 us total, 11554 us display, type 3
frame 1287: 34753 us total, 11760 us display, type 3
frame 1288: 28649 us total, 11466 us display, type 3
frame 1289: 34717 us total, 11462 us display, type 3
frame 1290: 35993 us total, 11672 us display, type 3
frame 1291: 35316 us total, 11472 us display, type 3
frame 1292: 35850 us total, 11546 us display, type 3
frame 1293: 36159 us total, 11771 us display, type 3
frame 1294: 28421 us total, 11456 us display, type 3
frame 1295: 36933 us total, 11454 us display, type 3
frame 1296: 33566 us total, 11462 us display, type 3
frame 1297: 34216 us total, 11464 us display, type 3
frame 1298: 34261 us total, 11472 us display, type 3
input: down 0x00008
frame 1299: 33899 us total, 11459 us display, type 3
frame 1300: 28429 us total, 11453 us display, type 3
frame 1301: 34044 us total, 11461 us display, type 3
frame 1302: 37121 us total, 11472 us display, type 3
frame 1303: 35324 us total, 11463 us display, type 3
frame 1304: 36183 us total, 11469 us display, type 3
frame 1305: 35359 us total, 11466 us display, type 3
frame 1306: 28598 us total, 11456 us display, type 3
frame 1307: 34691 us total, 11474 us display, type 3
frame 1308: 31867 us total, 11470 us display, type 3
frame 1309: 31481 us total, 11469 us display, type 3
frame 1310: 28949 us total, 11456 us display, type 3
frame 1311: 36078 us total, 11450 us display, type 3
frame 1312: 34152 us total, 11456 us display, type 3
input: down 0x00008
frame 1313: 34565 us total, 11462 us display, type 3
frame 1314: 35313 us total, 11470 us display, type 3
frame 1315: 35449 us total, 11485 us display, type 3
frame 1316: 29170 us total, 11457 us display, type 3
frame 1317: 36203 us total, 11579 us display, type 3
frame 1318: 37015 us total, 11456 us display, type 3
frame 1319: 37571 us total, 11465 us display, type 3
frame 1320: 38725 us total, 11464 us display, type 3
frame 1321: 38331 us total, 11590 us display, type 3
frame 1322: 37816 us total, 11469 us display, type 3
frame 1323: 37954 us total, 11472 us display, type 3
frame 1324: 36791 us total, 11468 us display, type 3
frame 1325: 28640 us total, 11452 us display, type 3
frame 1326: 37896 us total, 11461 us display, type 3
frame 1327: 37831 us total, 11455 us display, type 3
frame 1328: 36706 us total, 11458 us display, type 3
frame 1329: 37392 us total, 11470 us display, type 3
frame 1330: 36588 us total, 11664 us display, type 3
frame 1331: 36140 us total, 11471 us display, type 3
frame 1332: 37335 us total, 11776 us display, type 3
frame 1333: 29084 us total, 11460 us display, type 3
frame 1334: 35397 us total, 11461 us display, type 3
frame 1335: 32987 us total, 11732 us display, type 3
frame 1336: 32239 us total, 11462 us display, type 3
frame 1337: 34148 us total, 11469 us display, type 3
frame 1338: 28661 us total, 11455 us display, type 3
frame 1339: 33750 us total, 11455 us display, type 3
frame 1340: 34152 us total, 11464 us display, type 3
frame 1341: 35859 us total, 11467 us display, type 3
input: down 0x00040
frame 1342: 38206 us total, 11474 us display, type 3
frame 1343: 35427 us total, 11472 us display, type 3
frame 1344: 28595 us total, 11469 us display, type 3
frame 1345: 35044 us total, 11475 us display, type 3
frame 1346: 34026 us total, 11461 us display, type 3
frame 1347: 32684 us total, 11482 us display, type 3
frame 1348: 32319 us total, 11471 us display, type 3
frame 1349: 28576 us total, 11455 us display, type 3
frame 1350: 34263 us total, 11554 us display, type 3
frame 1351: 34568 us total, 11475 us display, type 3
frame 1352: 33837 us total, 11475 us display, type 3
frame 1353: 36354 us total, 11474 us display, type 3
frame 1354: 28755 us total, 11462 us display, type 3
frame 1355: 35661 us total, 11455 us display, type 3
frame 1356: 34202 us total, 11462 us display, type 3
frame 1357: 36001 us total, 11470 us display, type 3
frame 1358: 35115 us total, 11472 us display, type 3
frame 1359: 34005 us total, 11478 us display, type 3
frame 1360: 28075 us total, 11463 us display, type 3
frame 1361: 32268 us total, 11462 us display, type 3
frame 1362: 32570 us total, 11487 us display, type 3
frame 1363: 33096 us total, 11474 us display, type 3
frame 1364: 28242 us total, 11609 us display, type 3
frame 1365: 32238 us total, 11465 us display, type 3
frame 1366: 36354 us total, 11757 us display, type 3
frame 1367: 35355 us total, 11483 us display, type 3
frame 1368: 34717 us total, 11471 us display, type 3
frame 1369: 29072 us total, 11898 us display, type 3
frame 1370: 36024 us total, 11467 us display, type 3
frame 1371: 33072 us total, 11471 us display, type 3
frame 1372: 32061 us total, 11479 us display, type 3
frame 1373: 32120 us total, 11475 us display, type 3
frame 1374: 28769 us total, 11470 us display, type 3
frame 1375: 34480 us total, 11458 us display, type 3
frame 1376: 34323 us total, 11459 us display, type 3
frame 1377: 33856 us total, 11474 us display, type 3
frame 1378: 35077 us total, 11476 us display, type 3
frame 1379: 28542 us total, 11525 us display, type 3
frame 1380: 33529 us total, 11454 us display, type 3
frame 1381: 33189 us total, 11466 us display, type 3
frame 1382: 34761 us total, 11471 us display, type 3
frame 1383: 34355 us total, 11483 us display, type 3
frame 1384: 28134 us total, 11462 us display, type 3
frame 1385: 31969 us total, 11466 us display, type 3
frame 1386: 32467 us total, 11477 us display, type 3
frame 1387: 34192 us total, 11475 us display, type 3
frame 1388: 32818 us total, 11468 us display, type 3
frame 1389: 28563 us total, 11453 us display, type 3
frame 1390: 33258 us total, 11469 us display, type 3
frame 1391: 37061 us total, 11479 us display, type 3
frame 1392: 37534 us total, 11517 us display, type 3
frame 1393: 36705 us total, 11468 us display, type 3
frame 1394: 35769 us total, 11469 us display, type 3
frame 1395: 28057 us total, 11448 us display, type 3
frame 1396: 35027 us total, 11464 us display, type 3
frame 1397: 33613 us total, 11468 us display, type 3
frame 1398: 34080 us total, 11618 us display, type 3
frame 1399: 33950 us total, 11477 us display, type 3
frame 1400: 28233 us total, 11460 us display, type 3
frame 1401: 32645 us total, 11515 us display, type 3
frame 1402: 32381 us total, 11470 us display, type 3
frame 1403: 33267 us total, 11473 us display, type 3
frame 1404: 28476 us total, 11464 us display, type 3
frame 1405: 33544 us total, 11461 us display, type 3
frame 1406: 33493 us total, 11461 us display, type 3
frame 1407: 35835 us total, 11469 us display, type 3
profile (avg of 128 frames, ms): logic+bsp 10.7 wait-fb 0.0 vp-mark 3.4 flats 6.6 columns 9.2 fuzz 0.0
frame 1408: 38198 us total, 11485 us display, type 3
frame 1409: 37708 us total, 11512 us display, type 3
frame 1410: 35424 us total, 11471 us display, type 3
frame 1411: 28720 us total, 11460 us display, type 3
frame 1412: 34224 us total, 11478 us display, type 3
frame 1413: 31651 us total, 11475 us display, type 3
frame 1414: 30494 us total, 11470 us display, type 3
frame 1415: 28888 us total, 11457 us display, type 3
frame 1416: 33720 us total, 11610 us display, type 3
frame 1417: 34218 us total, 11470 us display, type 3
frame 1418: 33469 us total, 11529 us display, type 3
frame 1419: 36179 us total, 11478 us display, type 3
frame 1420: 29520 us total, 11456 us display, type 3
frame 1421: 35598 us total, 11790 us display, type 3
frame 1422: 34372 us total, 11458 us display, type 3
frame 1423: 35804 us total, 11478 us display, type 3
frame 1424: 35426 us total, 11469 us display, type 3
frame 1425: 32991 us total, 11467 us display, type 3
frame 1426: 28741 us total, 11456 us display, type 3
frame 1427: 32868 us total, 11616 us display, type 3
frame 1428: 33823 us total, 11478 us display, type 3
frame 1429: 33165 us total, 11476 us display, type 3
frame 1430: 32358 us total, 11482 us display, type 3
frame 1431: 28121 us total, 11460 us display, type 3
frame 1432: 35184 us total, 11464 us display, type 3
frame 1433: 35309 us total, 11474 us display, type 3
frame 1434: 36038 us total, 11471 us display, type 3
frame 1435: 35523 us total, 11475 us display, type 3
frame 1436: 28602 us total, 11461 us display, type 3
frame 1437: 33914 us total, 11457 us display, type 3
frame 1438: 33548 us total, 11474 us display, type 3
frame 1439: 32529 us total, 11468 us display, type 3
frame 1440: 35470 us total, 11475 us display, type 3
frame 1441: 29397 us total, 11459 us display, type 3
frame 1442: 35089 us total, 11459 us display, type 3
frame 1443: 33809 us total, 11459 us display, type 3
frame 1444: 34519 us total, 11470 us display, type 3
frame 1445: 33879 us total, 11493 us display, type 3
frame 1446: 28050 us total, 11462 us display, type 3
frame 1447: 32901 us total, 11459 us display, type 3
frame 1448: 33999 us total, 11785 us display, type 3
frame 1449: 35632 us total, 11470 us display, type 3
frame 1450: 34991 us total, 11469 us display, type 3
frame 1451: 28600 us total, 11452 us display, type 3
frame 1452: 34446 us total, 11552 us display, type 3
frame 1453: 34398 us total, 11460 us display, type 3
frame 1454: 34348 us total, 11597 us display, type 3
frame 1455: 32240 us total, 11473 us display, type 3
frame 1456: 27858 us total, 11464 us display, type 3
frame 1457: 34146 us total, 11522 us display, type 3
frame 1458: 36136 us total, 11760 us display, type 3
frame 1459: 34533 us total, 11482 us display, type 3
frame 1460: 34118 us total, 11476 us display, type 3
frame 1461: 28092 us total, 11453 us display, type 3
frame 1462: 34825 us total, 11465 us display, type 3
frame 1463: 33403 us total, 11459 us display, type 3
frame 1464: 33139 us total, 11476 us display, type 3
frame 1465: 34072 us total, 11478 us display, type 3
frame 1466: 27813 us total, 11462 us display, type 3
frame 1467: 32092 us total, 11458 us display, type 3
frame 1468: 32761 us total, 11467 us display, type 3
frame 1469: 33868 us total, 11538 us display, type 3
frame 1470: 33586 us total, 11475 us display, type 3
frame 1471: 28424 us total, 11691 us display, type 3
frame 1472: 33465 us total, 11460 us display, type 3
frame 1473: 35850 us total, 11470 us display, type 3
frame 1474: 35921 us total, 11528 us display, type 3
frame 1475: 34899 us total, 11482 us display, type 3
frame 1476: 28127 us total, 11455 us display, type 3
frame 1477: 34907 us total, 11458 us display, type 3
frame 1478: 32777 us total, 11467 us display, type 3
frame 1479: 31326 us total, 11469 us display, type 3
frame 1480: 30467 us total, 11473 us display, type 3
frame 1481: 27995 us total, 11465 us display, type 3
frame 1482: 33767 us total, 11461 us display, type 3
frame 1483: 33845 us total, 11471 us display, type 3
frame 1484: 33794 us total, 11467 us display, type 3
frame 1485: 28590 us total, 11465 us display, type 3
frame 1486: 35432 us total, 11467 us display, type 3
frame 1487: 35196 us total, 11459 us display, type 3
frame 1488: 34892 us total, 11469 us display, type 3
frame 1489: 34808 us total, 11476 us display, type 3
frame 1490: 35512 us total, 11476 us display, type 3
frame 1491: 28525 us total, 11582 us display, type 3
frame 1492: 33056 us total, 11466 us display, type 3
frame 1493: 33427 us total, 11634 us display, type 3
frame 1494: 34736 us total, 11476 us display, type 3
frame 1495: 33081 us total, 11482 us display, type 3
frame 1496: 28964 us total, 11454 us display, type 3
frame 1497: 32887 us total, 11466 us display, type 3
frame 1498: 35840 us total, 11484 us display, type 3
frame 1499: 35037 us total, 11766 us display, type 3
frame 1500: 35239 us total, 11469 us display, type 3
frame 1501: 28390 us total, 11475 us display, type 3
frame 1502: 35830 us total, 11467 us display, type 3
frame 1503: 33726 us total, 11469 us display, type 3
frame 1504: 31600 us total, 11478 us display, type 3
frame 1505: 31264 us total, 11470 us display, type 3
frame 1506: 27884 us total, 11456 us display, type 3
frame 1507: 34629 us total, 11455 us display, type 3
frame 1508: 34295 us total, 11476 us display, type 3
frame 1509: 33562 us total, 11466 us display, type 3
frame 1510: 28821 us total, 11649 us display, type 3
frame 1511: 34893 us total, 11454 us display, type 3
frame 1512: 33637 us total, 11465 us display, type 3
frame 1513: 33581 us total, 11470 us display, type 3
frame 1514: 34045 us total, 11474 us display, type 3
frame 1515: 27862 us total, 11453 us display, type 3
frame 1516: 33798 us total, 11704 us display, type 3
frame 1517: 32592 us total, 11466 us display, type 3
frame 1518: 32083 us total, 11845 us display, type 3
frame 1519: 35496 us total, 11554 us display, type 3
frame 1520: 28597 us total, 11463 us display, type 3
frame 1521: 34045 us total, 11464 us display, type 3
frame 1522: 34380 us total, 11467 us display, type 3
frame 1523: 37445 us total, 11477 us display, type 3
