ESP-ROM:esp32c6-20220919
Build:Sep 19 2022
rst:0x15 (USB_UART_HPSYS),boot:0x2c (SPI_FAST_FLASH_BOOT)
Saved PC:0x4001a32c
SPIWP:0xee
mode:DIO, clock div:2
load:0x40875720,len:0x1a5c
load:0x4086c110,len:0xf58
load:0x4086e610,len:0x3074
entry 0x4086c11a
[0;32mI (23) boot: ESP-IDF v5.3.4 2nd stage bootloader[0m
[0;32mI (23) boot: compile time Sep 14 2026 20:53:10[0m
[0;32mI (24) boot: chip revision: v0.2[0m
[0;32mI (24) boot: efuse block revision: v0.3[0m
[0;32mI (24) qio_mode: Enabling QIO for flash chip WinBond[0m
[0;32mI (24) boot.esp32c6: SPI Speed      : 80MHz[0m
[0;32mI (25) boot.esp32c6: SPI Mode       : QIO[0m
[0;32mI (25) boot.esp32c6: SPI Flash Size : 16MB[0m
[0;32mI (25) boot: Enabling RNG early entropy source...[0m
[0;32mI (26) boot: Partition Table:[0m
[0;32mI (26) boot: ## Label            Usage          Type ST Offset   Length[0m
[0;32mI (26) boot:  0 nvs              WiFi data        01 02 00009000 00006000[0m
[0;32mI (27) boot:  1 phy_init         RF data          01 01 0000f000 00001000[0m
[0;32mI (28) boot:  2 factory          factory app      00 00 00010000 00200000[0m
[0;32mI (28) boot:  3 wad              Unknown data     01 40 00210000 00400000[0m
[0;32mI (29) boot:  4 saves            WiFi data        01 02 00610000 00020000[0m
[0;32mI (29) boot: End of partition table[0m
[0;32mI (30) esp_image: segment 0: paddr=00010020 vaddr=420c0020 size=32b90h (207760) map[0m
[0;32mI (68) esp_image: segment 1: paddr=00042bb8 vaddr=40800000 size=0d460h ( 54368) load[0m
[0;32mI (80) esp_image: segment 2: paddr=00050020 vaddr=42000020 size=bd024h (774180) map[0m
[0;32mI (219) esp_image: segment 3: paddr=0010d04c vaddr=4080d460 size=09a94h ( 39572) load[0m
[0;32mI (227) esp_image: segment 4: paddr=00116ae8 vaddr=40816f00 size=0393ch ( 14652) load[0m
[0;32mI (231) esp_image: segment 5: paddr=0011a42c vaddr=50000000 size=00004h (     4) load[0m
[0;32mI (237) boot: Loaded app from partition at offset 0x10000[0m
[0;32mI (238) boot: Disabling RNG early entropy source...[0m
[0;32mI (239) cpu_start: Unicore app[0m
[0;32mI (248) cpu_start: Pro cpu start user code[0m
[0;32mI (248) cpu_start: cpu freq: 160000000 Hz[0m
[0;32mI (248) app_init: Application information:[0m
[0;32mI (248) app_init: Project name:     diablito[0m
[0;32mI (248) app_init: App version:      08aa196-dirty[0m
[0;32mI (249) app_init: Compile time:     Sep 19 2026 14:18:29[0m
[0;32mI (249) app_init: ELF file SHA256:  00eed7995...[0m
[0;32mI (249) app_init: ESP-IDF:          v5.3.4[0m
[0;32mI (250) efuse_init: Min chip rev:     v0.0[0m
[0;32mI (250) efuse_init: Max chip rev:     v0.99 [0m
[0;32mI (250) efuse_init: Chip rev:         v0.2[0m
[0;32mI (250) heap_init: Initializing. RAM available for dynamic allocation:[0m
[0;32mI (251) heap_init: At 40836660 len 00045FB0 (279 KiB): RAM[0m
[0;32mI (251) heap_init: At 4087C610 len 00002F54 (11 KiB): RAM[0m
[0;32mI (251) heap_init: At 50000004 len 00003FE4 (15 KiB): RTCRAM[0m
[0;32mI (252) spi_flash: detected chip: generic[0m
[0;32mI (252) spi_flash: flash io: qio[0m
[0;33mW (253) i2c: This driver is an old driver, please migrate your application code to adapt `driver/i2c_master.h`[0m
[0;32mI (253) sleep: Configure to isolate all GPIO pins in sleep state[0m
[0;32mI (254) sleep: Enable automatic switching of GPIO sleep configuration[0m
[0;32mI (254) coexist: coex firmware version: a13b09d[0m
[0;32mI (254) coexist: coexist rom version 5b8dcfa[0m
[0;32mI (255) main_task: Started on CPU0[0m
[0;32mI (255) main_task: Calling app_main()[0m
[0;32mI (255) gpio: GPIO[15]| InputEn: 0| OutputEn: 1| OpenDrain: 0| Pullup: 0| Pulldown: 0| Intr:0 [0m
[0;32mI (255) gpio: GPIO[9]| InputEn: 1| OutputEn: 0| OpenDrain: 0| Pullup: 1| Pulldown: 0| Intr:0 [0m
[0;32mI (255) gpio: GPIO[18]| InputEn: 1| OutputEn: 0| OpenDrain: 0| Pullup: 1| Pulldown: 0| Intr:0 [0m
[0;32mI (256) gpio: GPIO[0]| InputEn: 0| OutputEn: 0| OpenDrain: 0| Pullup: 0| Pulldown: 0| Intr:0 [0m
[0;32mI (256) DIABLITO: DIABLITO skeleton, IDF v5.3.4, CPU 160 MHz[0m
[0;32mI (256) DIABLITO: heap at boot: free 283684, largest block 258048, min ever 283684, dma-capable 269084[0m
[0;32mI (257) gpio: GPIO[3]| InputEn: 0| OutputEn: 1| OpenDrain: 0| Pullup: 0| Pulldown: 0| Intr:0 [0m
[0;32mI (257) gpio: GPIO[4]| InputEn: 0| OutputEn: 1| OpenDrain: 0| Pullup: 0| Pulldown: 0| Intr:0 [0m
[0;32mI (761) DISPLAY: ST7789 up: 280x240 landscape, SPI 80 MHz, 2 x 8960 B DMA strips[0m
[0;32mI (761) DIABLITO: heap after display: free 264200, largest block 237568, min ever 264200, dma-capable 249600[0m
[0;32mI (762) DIABLITO: wad partition @0x210000 size 4194304: magic IWHD, 1264 lumps, infotable @36, file 2073676 bytes[0m
[0;32mI (762) DIABLITO: WHD mapped at 0x42100000, header via mmap: IWHD ·©ÔUDOOM1[0m
[0;32mI (763) DIABLITO: heap after wad mmap: free 263568, largest block 237568, min ever 263568, dma-capable 248968[0m
[0;32mI (763) DIABLITO: main task stack high-water: 14872 bytes free[0m
[0;32mI (764) DIABLITO: .bss ends at 0x40836658 (short-pointer window ends at 0x40840000, 39336 bytes spare)[0m
[0;32mI (764) DIABLITO: heap before BLE: free 263568, largest block 237568, min ever 263568, dma-capable 248968[0m
[0;32mI (780) DIABLITO: previous run (boot 8) lasted 540 s (9 min), last battery 4209 mV[0m
[0;32mI (780) DIABLITO: idle sleep after 0 s in attract (NVS medal/idle_s)[0m
[0;32mI (781) BLE_INIT: Using main XTAL as clock source, chip ver: 2[0m
[0;32mI (781) BLE_INIT: ble controller commit:[ca6c20b][0m
[0;32mI (785) BLE_INIT: Bluetooth MAC: fc:01:2c:fd:fc:b2[0m
[0;32mI (785) phy_init: phy_version 341,a6c8fe6,Jul 30 2025,18:34:11[0m
[0;32mI (880) phy: libbtbb version: a945109, Jul 30 2025, 18:34:25[0m
[0;32mI (887) PAD: init, saved controller: yes[0m
[0;32mI (1088) DIABLITO: heap after BLE init: free 224460, largest block 196608, min ever 224324, dma-capable 209860[0m
[0;32mI (1088) DIABLITO: starting Doom[0m
                          DIABLITO Doom 3.0.0
Z_Init: Init zone memory allocation daemon. 
zone memory: 0x40822e7c, 10000 allocated for zone
M_LoadDefaults: Load system defaults.
W_Init: Init WADfiles.
===========================================================================
                            DOOM Shareware
===========================================================================
 DIABLITO Doom is free software, covered by the GNU General Public
 License.  There is NO warranty; not even for MERCHANTABILITY or FITNESS
 FOR A PARTICULAR PURPOSE. You are welcome to change and distribute
 copies under certain conditions. See the source for more information.
===========================================================================
I_Init: Setting up machine state.
[0;32mI (1140) AUDIO: ES8311 + I2S: 49716 Hz, 2 ch, ring 16384 bytes (82 ms)[0m
M_Init: Init miscellaneous info.
R_Init: Init DOOM refresh daemon - .........
P_Init: Init Playloop state.
S_Init: Setting up sound.
D_CheckNetGame: Checking network game status.
Emulating the behavior of the 'Doom 1.9' executable.
HU_Init: Setting up heads up display.
ST_Init: Init status bar.
frame 2: 35165 us total, 11869 us display, type 4
frame 3: 19193 us total, 11757 us display, type 4
frame 4: 11890 us total, 11662 us display, type 4
frame 5: 12041 us total, 11641 us display, type 4
frame 6: 31560 us total, 11660 us display, type 4
frame 7: 22013 us total, 11641 us display, type 4
frame 8: 28962 us total, 11651 us display, type 4
frame 9: 34525 us total, 11963 us display, type 4
frame 10: 21468 us total, 11650 us display, type 4
frame 11: 28768 us total, 11658 us display, type 4
frame 12: 33510 us total, 11644 us display, type 4
frame 13: 23118 us total, 11680 us display, type 4
frame 14: 36190 us total, 11647 us display, type 4
frame 15: 23026 us total, 11647 us display, type 4
frame 16: 27456 us total, 11649 us display, type 4
frame 17: 34649 us total, 11651 us display, type 4
frame 18: 22198 us total, 11708 us display, type 4
frame 19: 33718 us total, 11645 us display, type 4
frame 20: 22865 us total, 11649 us display, type 4
frame 21: 27891 us total, 11636 us display, type 4
frame 22: 38260 us total, 11648 us display, type 4
frame 23: 20520 us total, 11650 us display, type 4
frame 24: 35521 us total, 11733 us display, type 4
frame 25: 21379 us total, 11667 us display, type 4
frame 26: 27843 us total, 11662 us display, type 4
frame 27: 34664 us total, 11650 us display, type 4
frame 28: 21956 us total, 11644 us display, type 4
frame 29: 29834 us total, 11650 us display, type 4
frame 30: 36884 us total, 11656 us display, type 4
frame 31: 20940 us total, 11657 us display, type 4
frame 32: 34837 us total, 11643 us display, type 4
frame 33: 20935 us total, 11649 us display, type 4
frame 34: 28780 us total, 11643 us display, type 4
frame 35: 33729 us total, 11651 us display, type 4
frame 36: 23637 us total, 11656 us display, type 4
frame 37: 37023 us total, 11673 us display, type 4
frame 38: 21060 us total, 11652 us display, type 4
frame 39: 28820 us total, 11663 us display, type 4
frame 40: 33647 us total, 11646 us display, type 4
frame 41: 22231 us total, 11647 us display, type 4
frame 42: 27624 us total, 11642 us display, type 4
frame 43: 35371 us total, 11662 us display, type 4
frame 44: 22848 us total, 11665 us display, type 4
frame 45: 37131 us total, 11651 us display, type 4
frame 46: 21676 us total, 11736 us display, type 4
frame 47: 26678 us total, 11677 us display, type 4
frame 48: 34959 us total, 11642 us display, type 4
frame 49: 21201 us total, 11634 us display, type 4
frame 50: 35094 us total, 11647 us display, type 4
frame 51: 22454 us total, 11650 us display, type 4
frame 52: 30235 us total, 11646 us display, type 4
frame 53: 36453 us total, 11688 us display, type 4
frame 54: 19727 us total, 11637 us display, type 4
frame 55: 28521 us total, 11651 us display, type 4
frame 56: 34603 us total, 11734 us display, type 4
frame 57: 22075 us total, 11648 us display, type 4
frame 58: 34032 us total, 11650 us display, type 4
frame 59: 24437 us total, 11652 us display, type 4
frame 60: 29092 us total, 11649 us display, type 4
frame 61: 35328 us total, 11649 us display, type 4
frame 62: 20465 us total, 11642 us display, type 4
frame 63: 34478 us total, 11647 us display, type 4
frame 64: 22161 us total, 11636 us display, type 4
frame 65: 27868 us total, 11635 us display, type 4
frame 66: 35708 us total, 11651 us display, type 4
frame 67: 23212 us total, 11634 us display, type 4
frame 68: 34708 us total, 11643 us display, type 4
frame 69: 21295 us total, 11638 us display, type 4
frame 70: 27887 us total, 11666 us display, type 4
frame 71: 34100 us total, 11646 us display, type 4
frame 72: 22302 us total, 11635 us display, type 4
frame 73: 29084 us total, 11659 us display, type 4
frame 74: 36071 us total, 11658 us display, type 4
frame 75: 22595 us total, 11653 us display, type 4
frame 76: 35556 us total, 11661 us display, type 4
frame 77: 20240 us total, 11693 us display, type 4
frame 78: 29075 us total, 11646 us display, type 4
frame 79: 32724 us total, 11642 us display, type 4
frame 80: 23662 us total, 11634 us display, type 4
frame 81: 28994 us total, 11635 us display, type 4
frame 82: 36391 us total, 11653 us display, type 4
frame 83: 22362 us total, 11644 us display, type 4
frame 84: 33552 us total, 11660 us display, type 4
frame 85: 22245 us total, 11644 us display, type 4
frame 86: 27778 us total, 11642 us display, type 4
frame 87: 33972 us total, 11658 us display, type 4
frame 88: 23748 us total, 11659 us display, type 4
frame 89: 35501 us total, 11666 us display, type 4
frame 90: 23176 us total, 11653 us display, type 4
frame 91: 27904 us total, 11634 us display, type 4
frame 92: 34151 us total, 11648 us display, type 4
frame 93: 21725 us total, 11641 us display, type 4
frame 94: 33744 us total, 11645 us display, type 4
frame 95: 23859 us total, 11651 us display, type 4
frame 96: 28022 us total, 11651 us display, type 4
frame 97: 37501 us total, 11653 us display, type 4
frame 98: 21069 us total, 11634 us display, type 4
frame 99: 34073 us total, 11637 us display, type 4
frame 100: 21702 us total, 11640 us display, type 4
frame 101: 28643 us total, 11649 us display, type 4
frame 102: 34267 us total, 11659 us display, type 4
frame 103: 22677 us total, 11643 us display, type 4
frame 104: 29885 us total, 11651 us display, type 4
frame 105: 35604 us total, 11643 us display, type 4
frame 106: 22128 us total, 11647 us display, type 4
frame 107: 32883 us total, 11654 us display, type 4
frame 108: 22956 us total, 11658 us display, type 4
frame 109: 28582 us total, 11649 us display, type 4
frame 110: 33102 us total, 11642 us display, type 4
frame 111: 24069 us total, 11651 us display, type 4
frame 112: 36555 us total, 11647 us display, type 4
frame 113: 21925 us total, 11644 us display, type 4
frame 114: 27145 us total, 11645 us display, type 4
frame 115: 34269 us total, 11652 us display, type 4
frame 116: 22870 us total, 11634 us display, type 4
frame 117: 27982 us total, 11642 us display, type 4
frame 118: 34200 us total, 11648 us display, type 4
frame 119: 24732 us total, 11656 us display, type 4
frame 120: 37657 us total, 11641 us display, type 4
frame 121: 20082 us total, 11652 us display, type 4
frame 122: 28763 us total, 11659 us display, type 4
frame 123: 36087 us total, 11646 us display, type 4
frame 124: 20362 us total, 11641 us display, type 4
frame 125: 36093 us total, 11651 us display, type 4
frame 126: 21141 us total, 11659 us display, type 4
frame 127: 29710 us total, 11642 us display, type 4
profile (avg of 128 frames, ms): logic+bsp 0.1 wait-fb 0.0 vp-mark 0.0 flats 0.0 columns 0.0 fuzz 0.0
frame 128: 36606 us total, 11662 us display, type 4
frame 129: 19945 us total, 11650 us display, type 4
frame 130: 36437 us total, 11729 us display, type 4
frame 131: 20350 us total, 11656 us display, type 4
frame 132: 28561 us total, 11642 us display, type 4
frame 133: 34877 us total, 11640 us display, type 4
frame 134: 23069 us total, 11646 us display, type 4
frame 135: 36220 us total, 11653 us display, type 4
frame 136: 20695 us total, 11649 us display, type 4
frame 137: 28941 us total, 11660 us display, type 4
frame 138: 35038 us total, 11635 us display, type 4
frame 139: 21333 us total, 11639 us display, type 4
frame 140: 27807 us total, 11634 us display, type 4
frame 141: 36685 us total, 11664 us display, type 4
frame 142: 21356 us total, 11635 us display, type 4
frame 143: 36858 us total, 11714 us display, type 4
frame 144: 20928 us total, 11663 us display, type 4
frame 145: 27919 us total, 11658 us display, type 4
frame 146: 36063 us total, 11655 us display, type 4
frame 147: 20323 us total, 11657 us display, type 4
frame 148: 36120 us total, 11661 us display, type 4
frame 149: 22029 us total, 11663 us display, type 4
frame 150: 28849 us total, 11649 us display, type 4
frame 151: 36546 us total, 11647 us display, type 4
frame 152: 19995 us total, 11653 us display, type 4
frame 153: 29086 us total, 11862 us display, type 4
frame 154: 34995 us total, 11663 us display, type 4
frame 155: 21532 us total, 11653 us display, type 4
frame 156: 35303 us total, 11683 us display, type 4
frame 157: 22517 us total, 11644 us display, type 4
frame 158: 28948 us total, 11640 us display, type 4
frame 159: 35385 us total, 11658 us display, type 4
frame 160: 21253 us total, 11664 us display, type 4
frame 161: 35056 us total, 11651 us display, type 4
frame 162: 21433 us total, 11641 us display, type 4
frame 163: 27930 us total, 11641 us display, type 4
frame 164: 34518 us total, 11654 us display, type 4
frame 165: 22791 us total, 11649 us display, type 4
frame 166: 28014 us total, 11660 us display, type 4
frame 167: 34882 us total, 11661 us display, type 4
frame 168: 21793 us total, 11643 us display, type 4
frame 169: 71001 us total, 12699 us display, type 5
frame 170: 13046 us total, 12494 us display, type 5
frame 171: 12899 us total, 12492 us display, type 5
frame 172: 12937 us total, 12498 us display, type 5
frame 173: 12934 us total, 12532 us display, type 5
frame 174: 12917 us total, 12497 us display, type 5
frame 175: 13161 us total, 12750 us display, type 5
frame 176: 12903 us total, 12483 us display, type 5
frame 177: 12958 us total, 12529 us display, type 5
frame 178: 12898 us total, 12472 us display, type 5
frame 179: 12890 us total, 12476 us display, type 5
frame 180: 12847 us total, 12469 us display, type 5
frame 181: 12933 us total, 12458 us display, type 5
frame 182: 12886 us total, 12460 us display, type 5
frame 183: 13030 us total, 12622 us display, type 5
frame 184: 13118 us total, 12690 us display, type 5
frame 185: 12861 us total, 12443 us display, type 5
frame 186: 12866 us total, 12435 us display, type 5
frame 187: 12835 us total, 12421 us display, type 5
frame 188: 12903 us total, 12458 us display, type 5
frame 189: 12828 us total, 12406 us display, type 5
frame 190: 12853 us total, 12392 us display, type 5
frame 191: 13005 us total, 12455 us display, type 5
frame 192: 12860 us total, 12442 us display, type 5
frame 193: 12794 us total, 12381 us display, type 5
frame 194: 12975 us total, 12534 us display, type 5
frame 195: 12790 us total, 12361 us display, type 5
frame 196: 12858 us total, 12401 us display, type 5
frame 197: 12776 us total, 12345 us display, type 5
frame 198: 12736 us total, 12344 us display, type 5
frame 199: 12764 us total, 12336 us display, type 5
frame 200: 12805 us total, 12367 us display, type 5
frame 201: 52658 us total, 12525 us display, type 5
frame 202: 12776 us total, 12303 us display, type 5
frame 203: 13098 us total, 12673 us display, type 5
frame 204: 12747 us total, 12308 us display, type 5
frame 205: 12761 us total, 12338 us display, type 5
frame 206: 12725 us total, 12291 us display, type 5
frame 207: 12717 us total, 12279 us display, type 5
frame 208: 12686 us total, 12261 us display, type 5
frame 209: 13796 us total, 12271 us display, type 5
frame 210: 12733 us total, 12260 us display, type 5
frame 211: 12829 us total, 12406 us display, type 5
frame 212: 12779 us total, 12319 us display, type 5
frame 213: 12643 us total, 12231 us display, type 5
frame 214: 12800 us total, 12345 us display, type 5
frame 215: 13108 us total, 12687 us display, type 5
frame 216: 12828 us total, 12291 us display, type 5
frame 217: 12604 us total, 12209 us display, type 5
frame 218: 12633 us total, 12193 us display, type 5
frame 219: 12629 us total, 12192 us display, type 5
frame 220: 12664 us total, 12230 us display, type 5
frame 221: 12602 us total, 12186 us display, type 5
frame 222: 12600 us total, 12181 us display, type 5
frame 223: 12787 us total, 12378 us display, type 5
frame 224: 12656 us total, 12225 us display, type 5
frame 225: 12602 us total, 12181 us display, type 5
frame 226: 12659 us total, 12255 us display, type 5
frame 227: 12889 us total, 12436 us display, type 5
frame 228: 12689 us total, 12216 us display, type 5
frame 229: 12562 us total, 12168 us display, type 5
frame 230: 12732 us total, 12338 us display, type 5
frame 231: 12571 us total, 12158 us display, type 5
frame 232: 12715 us total, 12288 us display, type 5
frame 233: 12558 us total, 12154 us display, type 5
frame 234: 12578 us total, 12152 us display, type 5
frame 235: 12526 us total, 12144 us display, type 5
frame 236: 12603 us total, 12204 us display, type 5
frame 237: 12536 us total, 12149 us display, type 5
frame 238: 12565 us total, 12145 us display, type 5
frame 239: 12513 us total, 12150 us display, type 5
frame 240: 12578 us total, 12177 us display, type 5
frame 241: 12531 us total, 12157 us display, type 5
frame 242: 11993 us total, 11438 us display, type 3
frame 243: 67731 us total, 11548 us display, type 3
frame 244: 38454 us total, 11468 us display, type 3
frame 245: 38583 us total, 11469 us display, type 3
frame 246: 31540 us total, 11462 us display, type 3
frame 247: 38659 us total, 11502 us display, type 3
frame 248: 39973 us total, 11463 us display, type 3
frame 249: 40536 us total, 11456 us display, type 3
frame 250: 41707 us total, 11455 us display, type 3
frame 251: 41186 us total, 11478 us display, type 3
frame 252: 42221 us total, 11464 us display, type 3
frame 253: 37899 us total, 11461 us display, type 3
frame 254: 37762 us total, 11469 us display, type 3
frame 255: 31300 us total, 11456 us display, type 3
profile (avg of 128 frames, ms): logic+bsp 1.3 wait-fb 0.0 vp-mark 0.4 flats 1.8 columns 0.6 fuzz 0.0
frame 256: 40386 us total, 11460 us display, type 3
audio: 164 underruns, 41 ms queued
mem @frame 256: heap free 29312, largest 14592, min ever 29176, zone free 41244, display stack free 4412, uptime 7 s, gamestate 0, demo 1, usergame 0, tic 195
frame 257: 40751 us total, 11452 us display, type 3
frame 258: 38554 us total, 11503 us display, type 3
frame 259: 35508 us total, 11465 us display, type 3
frame 260: 29808 us total, 11467 us display, type 3
frame 261: 34555 us total, 11551 us display, type 3
frame 262: 36292 us total, 11472 us display, type 3
frame 263: 31433 us total, 11453 us display, type 3
frame 264: 40446 us total, 11463 us display, type 3
frame 265: 39783 us total, 11454 us display, type 3
frame 266: 36905 us total, 11463 us display, type 3
frame 267: 31639 us total, 11455 us display, type 3
frame 268: 37171 us total, 11458 us display, type 3
frame 269: 36384 us total, 11465 us display, type 3
frame 270: 38217 us total, 11476 us display, type 3
frame 271: 29851 us total, 11458 us display, type 3
frame 272: 36059 us total, 11464 us display, type 3
frame 273: 33042 us total, 11471 us display, type 3
frame 274: 26636 us total, 11453 us display, type 3
frame 275: 26133 us total, 11454 us display, type 3
frame 276: 31987 us total, 11466 us display, type 3
frame 277: 27075 us total, 11460 us display, type 3
frame 278: 34324 us total, 11610 us display, type 3
frame 279: 26263 us total, 11451 us display, type 3
frame 280: 34354 us total, 11477 us display, type 3
frame 281: 26342 us total, 11454 us display, type 3
frame 282: 23475 us total, 11450 us display, type 3
frame 283: 31885 us total, 11463 us display, type 3
frame 284: 23701 us total, 11452 us display, type 3
frame 285: 26563 us total, 11454 us display, type 3
frame 286: 36295 us total, 11464 us display, type 3
frame 287: 14540 us total, 11420 us display, type 3
frame 288: 48559 us total, 11462 us display, type 3
frame 289: 24297 us total, 11453 us display, type 3
frame 290: 22903 us total, 11458 us display, type 3
frame 291: 32646 us total, 11464 us display, type 3
frame 292: 14167 us total, 11426 us display, type 3
frame 293: 39049 us total, 11461 us display, type 3
frame 294: 31488 us total, 11537 us display, type 3
frame 295: 25187 us total, 11465 us display, type 3
frame 296: 35233 us total, 11476 us display, type 3
frame 297: 14642 us total, 11422 us display, type 3
frame 298: 48994 us total, 11453 us display, type 3
frame 299: 24996 us total, 11608 us display, type 3
frame 300: 25499 us total, 11465 us display, type 3
frame 301: 33430 us total, 11458 us display, type 3
frame 302: 26661 us total, 11452 us display, type 3
frame 303: 35374 us total, 11503 us display, type 3
frame 304: 38625 us total, 11451 us display, type 3
frame 305: 29027 us total, 11456 us display, type 3
frame 306: 36197 us total, 11594 us display, type 3
frame 307: 35714 us total, 11462 us display, type 3
frame 308: 27959 us total, 11456 us display, type 3
frame 309: 37018 us total, 11508 us display, type 3
frame 310: 40366 us total, 11458 us display, type 3
frame 311: 41333 us total, 11470 us display, type 3
frame 312: 43462 us total, 11457 us display, type 3
frame 313: 38465 us total, 11471 us display, type 3
frame 314: 42674 us total, 11820 us display, type 3
frame 315: 40428 us total, 11465 us display, type 3
frame 316: 42153 us total, 11459 us display, type 3
frame 317: 43857 us total, 11460 us display, type 3
frame 318: 45638 us total, 11592 us display, type 3
frame 319: 42051 us total, 11465 us display, type 3
frame 320: 40436 us total, 11461 us display, type 3
frame 321: 39474 us total, 11468 us display, type 3
frame 322: 43704 us total, 11451 us display, type 3
frame 323: 55483 us total, 11476 us display, type 3
frame 324: 48337 us total, 11474 us display, type 3
frame 325: 52461 us total, 11622 us display, type 3
frame 326: 43836 us total, 11611 us display, type 3
frame 327: 43602 us total, 11475 us display, type 3
frame 328: 58495 us total, 11470 us display, type 3
frame 329: 45775 us total, 11459 us display, type 3
frame 330: 45345 us total, 11473 us display, type 3
frame 331: 52378 us total, 11467 us display, type 3
gamepad: pairing open
frame 332: 45919 us total, 11468 us display, type 3
frame 333: 47548 us total, 11470 us display, type 3
frame 334: 60042 us total, 11466 us display, type 3
frame 335: 54859 us total, 11466 us display, type 3
frame 336: 46597 us total, 11476 us display, type 3
frame 337: 55611 us total, 11532 us display, type 3
frame 338: 62160 us total, 11461 us display, type 3
frame 339: 49900 us total, 11746 us display, type 3
frame 340: 53157 us total, 11470 us display, type 3
frame 341: 48754 us total, 11468 us display, type 3
frame 342: 56499 us total, 11475 us display, type 3
frame 343: 54646 us total, 11477 us display, type 3
frame 344: 40966 us total, 11462 us display, type 3
frame 345: 32339 us total, 11471 us display, type 3
frame 346: 40948 us total, 11462 us display, type 3
frame 347: 38108 us total, 11462 us display, type 3
frame 348: 41393 us total, 11462 us display, type 3
frame 349: 42052 us total, 11472 us display, type 3
frame 350: 38067 us total, 11459 us display, type 3
frame 351: 38273 us total, 11459 us display, type 3
frame 352: 37104 us total, 11468 us display, type 3
frame 353: 30408 us total, 11466 us display, type 3
frame 354: 38909 us total, 11562 us display, type 3
frame 355: 40366 us total, 11459 us display, type 3
frame 356: 39200 us total, 11473 us display, type 3
frame 357: 36653 us total, 11455 us display, type 3
frame 358: 30007 us total, 11457 us display, type 3
frame 359: 35921 us total, 11455 us display, type 3
frame 360: 35643 us total, 11463 us display, type 3
frame 361: 30376 us total, 11463 us display, type 3
frame 362: 40338 us total, 11456 us display, type 3
frame 363: 41072 us total, 11477 us display, type 3
frame 364: 38471 us total, 11450 us display, type 3
frame 365: 36250 us total, 11478 us display, type 3
frame 366: 31485 us total, 11461 us display, type 3
frame 367: 36233 us total, 11455 us display, type 3
frame 368: 39479 us total, 11465 us display, type 3
frame 369: 41833 us total, 11601 us display, type 3
frame 370: 40898 us total, 11451 us display, type 3
frame 371: 36567 us total, 11485 us display, type 3
frame 372: 41878 us total, 11466 us display, type 3
frame 373: 32349 us total, 11451 us display, type 3
frame 374: 39845 us total, 11460 us display, type 3
frame 375: 44194 us total, 11455 us display, type 3
frame 376: 50440 us total, 11463 us display, type 3
frame 377: 42283 us total, 11459 us display, type 3
frame 378: 40065 us total, 11473 us display, type 3
frame 379: 41930 us total, 11771 us display, type 3
frame 380: 42632 us total, 11467 us display, type 3
frame 381: 44540 us total, 11457 us display, type 3
frame 382: 44144 us total, 11460 us display, type 3
frame 383: 41841 us total, 11453 us display, type 3
profile (avg of 128 frames, ms): logic+bsp 7.4 wait-fb 0.0 vp-mark 1.8 flats 7.6 columns 7.0 fuzz 0.0
frame 384: 41113 us total, 11462 us display, type 3
frame 385: 41208 us total, 11455 us display, type 3
frame 386: 42009 us total, 11451 us display, type 3
frame 387: 44046 us total, 11492 us display, type 3
frame 388: 51548 us total, 11458 us display, type 3
frame 389: 39905 us total, 11471 us display, type 3
frame 390: 40553 us total, 11452 us display, type 3
frame 391: 31721 us total, 11459 us display, type 3
frame 392: 40400 us total, 11953 us display, type 3
frame 393: 40767 us total, 11462 us display, type 3
frame 394: 41092 us total, 11458 us display, type 3
frame 395: 38790 us total, 11455 us display, type 3
frame 396: 38612 us total, 11472 us display, type 3
frame 397: 40544 us total, 11453 us display, type 3
frame 398: 39487 us total, 11469 us display, type 3
frame 399: 44048 us total, 11464 us display, type 3
frame 400: 41247 us total, 11463 us display, type 3
frame 401: 39152 us total, 11456 us display, type 3
frame 402: 39359 us total, 11679 us display, type 3
frame 403: 40502 us total, 11459 us display, type 3
frame 404: 41672 us total, 11465 us display, type 3
frame 405: 43703 us total, 11470 us display, type 3
frame 406: 45904 us total, 11603 us display, type 3
frame 407: 41273 us total, 11461 us display, type 3
frame 408: 40053 us total, 11461 us display, type 3
frame 409: 40845 us total, 11454 us display, type 3
frame 410: 42101 us total, 11465 us display, type 3
frame 411: 44947 us total, 11455 us display, type 3
frame 412: 53922 us total, 11463 us display, type 3
frame 413: 42238 us total, 11466 us display, type 3
frame 414: 40403 us total, 11460 us display, type 3
frame 415: 39060 us total, 11457 us display, type 3
frame 416: 41061 us total, 11520 us display, type 3
frame 417: 42525 us total, 11469 us display, type 3
frame 418: 44474 us total, 11466 us display, type 3
frame 419: 43076 us total, 11460 us display, type 3
frame 420: 41280 us total, 11461 us display, type 3
frame 421: 40239 us total, 11471 us display, type 3
frame 422: 45404 us total, 11457 us display, type 3
frame 423: 53204 us total, 11469 us display, type 3
frame 424: 41326 us total, 11468 us display, type 3
frame 425: 41363 us total, 11462 us display, type 3
frame 426: 39368 us total, 11454 us display, type 3
frame 427: 40140 us total, 11464 us display, type 3
frame 428: 42970 us total, 11468 us display, type 3
frame 429: 44899 us total, 11450 us display, type 3
frame 430: 42830 us total, 11463 us display, type 3
frame 431: 43654 us total, 11455 us display, type 3
frame 432: 42354 us total, 11465 us display, type 3
frame 433: 52339 us total, 11462 us display, type 3
frame 434: 46815 us total, 11463 us display, type 3
frame 435: 53632 us total, 11671 us display, type 3
frame 436: 42818 us total, 11456 us display, type 3
frame 437: 42187 us total, 11456 us display, type 3
frame 438: 41696 us total, 11473 us display, type 3
frame 439: 46143 us total, 11455 us display, type 3
frame 440: 44380 us total, 11466 us display, type 3
frame 441: 42629 us total, 11455 us display, type 3
frame 442: 47079 us total, 11458 us display, type 3
frame 443: 32215 us total, 11455 us display, type 3
frame 444: 40329 us total, 11461 us display, type 3
frame 445: 40176 us total, 11473 us display, type 3
frame 446: 43162 us total, 11452 us display, type 3
frame 447: 40142 us total, 11467 us display, type 3
frame 448: 40116 us total, 11455 us display, type 3
frame 449: 39051 us total, 11597 us display, type 3
frame 450: 39220 us total, 11460 us display, type 3
frame 451: 41842 us total, 11451 us display, type 3
frame 452: 39924 us total, 11468 us display, type 3
frame 453: 42975 us total, 11450 us display, type 3
frame 454: 39127 us total, 11461 us display, type 3
frame 455: 42678 us total, 11462 us display, type 3
frame 456: 41675 us total, 11462 us display, type 3
frame 457: 44854 us total, 11458 us display, type 3
frame 458: 55972 us total, 11463 us display, type 3
frame 459: 45984 us total, 11539 us display, type 3
frame 460: 43662 us total, 11451 us display, type 3
frame 461: 41821 us total, 11459 us display, type 3
frame 462: 55123 us total, 11446 us display, type 3
frame 463: 45497 us total, 11465 us display, type 3
frame 464: 45531 us total, 11459 us display, type 3
frame 465: 53973 us total, 11456 us display, type 3
frame 466: 44102 us total, 11451 us display, type 3
frame 467: 41873 us total, 11471 us display, type 3
frame 468: 43834 us total, 11452 us display, type 3
frame 469: 42928 us total, 11467 us display, type 3
frame 470: 52354 us total, 11450 us display, type 3
frame 471: 40479 us total, 11472 us display, type 3
frame 472: 42412 us total, 11686 us display, type 3
frame 473: 42248 us total, 11464 us display, type 3
frame 474: 43349 us total, 11459 us display, type 3
frame 475: 42642 us total, 11457 us display, type 3
frame 476: 41579 us total, 11457 us display, type 3
frame 477: 40636 us total, 11462 us display, type 3
frame 478: 41467 us total, 11455 us display, type 3
frame 479: 40329 us total, 11484 us display, type 3
frame 480: 42820 us total, 11462 us display, type 3
frame 481: 40749 us total, 11453 us display, type 3
frame 482: 39624 us total, 11542 us display, type 3
frame 483: 39457 us total, 11526 us display, type 3
frame 484: 38631 us total, 11468 us display, type 3
frame 485: 40306 us total, 11454 us display, type 3
frame 486: 40189 us total, 11450 us display, type 3
frame 487: 31011 us total, 11458 us display, type 3
frame 488: 40036 us total, 11544 us display, type 3
frame 489: 41035 us total, 11450 us display, type 3
frame 490: 39483 us total, 11462 us display, type 3
frame 491: 40170 us total, 11461 us display, type 3
frame 492: 39876 us total, 11477 us display, type 3
frame 493: 40654 us total, 11767 us display, type 3
frame 494: 39869 us total, 11453 us display, type 3
frame 495: 38742 us total, 11458 us display, type 3
frame 496: 39362 us total, 11455 us display, type 3
frame 497: 31033 us total, 11454 us display, type 3
frame 498: 40013 us total, 11451 us display, type 3
frame 499: 39834 us total, 11468 us display, type 3
frame 500: 41717 us total, 11457 us display, type 3
frame 501: 40388 us total, 11563 us display, type 3
frame 502: 41748 us total, 11462 us display, type 3
frame 503: 42076 us total, 11459 us display, type 3
frame 504: 41950 us total, 11456 us display, type 3
frame 505: 41112 us total, 11469 us display, type 3
frame 506: 43469 us total, 11470 us display, type 3
frame 507: 51468 us total, 11454 us display, type 3
frame 508: 42438 us total, 11758 us display, type 3
frame 509: 40846 us total, 11471 us display, type 3
frame 510: 43723 us total, 11450 us display, type 3
frame 511: 42974 us total, 11464 us display, type 3
profile (avg of 128 frames, ms): logic+bsp 6.7 wait-fb 0.0 vp-mark 1.5 flats 7.1 columns 7.9 fuzz 0.4
frame 512: 45171 us total, 11463 us display, type 3
audio: 164 underruns, 36 ms queued
mem @frame 512: heap free 29312, largest 14592, min ever 29176, zone free 40524, display stack free 4380, uptime 17 s, gamestate 0, demo 1, usergame 0, tic 557
frame 513: 42630 us total, 11451 us display, type 3
frame 514: 39712 us total, 11495 us display, type 3
frame 515: 40336 us total, 11465 us display, type 3
frame 516: 52113 us total, 11458 us display, type 3
frame 517: 42341 us total, 11468 us display, type 3
frame 518: 40945 us total, 11461 us display, type 3
frame 519: 42702 us total, 11467 us display, type 3
frame 520: 42343 us total, 11460 us display, type 3
frame 521: 42449 us total, 11459 us display, type 3
frame 522: 43277 us total, 11463 us display, type 3
frame 523: 42747 us total, 11455 us display, type 3
frame 524: 41690 us total, 11461 us display, type 3
frame 525: 40941 us total, 11458 us display, type 3
frame 526: 41044 us total, 11470 us display, type 3
frame 527: 40174 us total, 11471 us display, type 3
frame 528: 43560 us total, 11455 us display, type 3
frame 529: 41555 us total, 11473 us display, type 3
frame 530: 51758 us total, 11466 us display, type 3
frame 531: 42460 us total, 11451 us display, type 3
frame 532: 40798 us total, 11455 us display, type 3
frame 533: 32675 us total, 11464 us display, type 3
frame 534: 52675 us total, 11464 us display, type 3
frame 535: 42346 us total, 11488 us display, type 3
frame 536: 43879 us total, 11456 us display, type 3
frame 537: 42833 us total, 11677 us display, type 3
frame 538: 54684 us total, 11454 us display, type 3
frame 539: 43653 us total, 11466 us display, type 3
frame 540: 43682 us total, 11521 us display, type 3
frame 541: 43513 us total, 11460 us display, type 3
frame 542: 42712 us total, 11461 us display, type 3
frame 543: 53662 us total, 11460 us display, type 3
frame 544: 45716 us total, 11450 us display, type 3
frame 545: 44048 us total, 11465 us display, type 3
frame 546: 55673 us total, 11470 us display, type 3
frame 547: 45447 us total, 11455 us display, type 3
frame 548: 43703 us total, 11473 us display, type 3
frame 549: 53532 us total, 11459 us display, type 3
frame 550: 44191 us total, 11526 us display, type 3
frame 551: 42580 us total, 11609 us display, type 3
frame 552: 42885 us total, 11447 us display, type 3
frame 553: 40505 us total, 11461 us display, type 3
frame 554: 41541 us total, 11457 us display, type 3
frame 555: 42098 us total, 11458 us display, type 3
frame 556: 43178 us total, 11588 us display, type 3
frame 557: 52101 us total, 11454 us display, type 3
frame 558: 41535 us total, 11467 us display, type 3
frame 559: 40974 us total, 11448 us display, type 3
frame 560: 40000 us total, 11454 us display, type 3
frame 561: 41029 us total, 11467 us display, type 3
frame 562: 44223 us total, 11447 us display, type 3
frame 563: 41706 us total, 11480 us display, type 3
frame 564: 43036 us total, 11451 us display, type 3
frame 565: 40530 us total, 11466 us display, type 3
frame 566: 42414 us total, 11505 us display, type 3
frame 567: 42167 us total, 11515 us display, type 3
frame 568: 42597 us total, 11460 us display, type 3
frame 569: 41569 us total, 11454 us display, type 3
frame 570: 41882 us total, 11457 us display, type 3
frame 571: 40879 us total, 11471 us display, type 3
frame 572: 41844 us total, 11462 us display, type 3
frame 573: 41074 us total, 11758 us display, type 3
frame 574: 52811 us total, 11651 us display, type 3
frame 575: 43704 us total, 11569 us display, type 3
frame 576: 41671 us total, 11453 us display, type 3
frame 577: 42044 us total, 11466 us display, type 3
frame 578: 42028 us total, 11462 us display, type 3
frame 579: 43773 us total, 11454 us display, type 3
frame 580: 42931 us total, 11463 us display, type 3
frame 581: 42828 us total, 11472 us display, type 3
frame 582: 52003 us total, 11474 us display, type 3
frame 583: 44098 us total, 11464 us display, type 3
frame 584: 44216 us total, 11461 us display, type 3
frame 585: 43860 us total, 11453 us display, type 3
frame 586: 51713 us total, 11457 us display, type 3
frame 587: 43702 us total, 11878 us display, type 3
frame 588: 42990 us total, 11465 us display, type 3
frame 589: 43758 us total, 11457 us display, type 3
frame 590: 43481 us total, 11454 us display, type 3
frame 591: 42171 us total, 11724 us display, type 3
frame 592: 53885 us total, 11457 us display, type 3
frame 593: 43356 us total, 11454 us display, type 3
frame 594: 43726 us total, 11465 us display, type 3
frame 595: 43833 us total, 11465 us display, type 3
frame 596: 54430 us total, 11559 us display, type 3
frame 597: 44841 us total, 11479 us display, type 3
frame 598: 43481 us total, 11569 us display, type 3
frame 599: 41370 us total, 11462 us display, type 3
frame 600: 42524 us total, 11452 us display, type 3
frame 601: 42705 us total, 11481 us display, type 3
frame 602: 54469 us total, 11453 us display, type 3
frame 603: 43393 us total, 11486 us display, type 3
frame 604: 43750 us total, 11455 us display, type 3
frame 605: 41529 us total, 11465 us display, type 3
frame 606: 52275 us total, 11459 us display, type 3
frame 607: 43892 us total, 11447 us display, type 3
frame 608: 41846 us total, 11465 us display, type 3
frame 609: 42639 us total, 11458 us display, type 3
frame 610: 40886 us total, 11761 us display, type 3
frame 611: 42219 us total, 11455 us display, type 3
frame 612: 41035 us total, 11474 us display, type 3
frame 613: 42557 us total, 11451 us display, type 3
frame 614: 41092 us total, 11531 us display, type 3
frame 615: 40246 us total, 11457 us display, type 3
frame 616: 39476 us total, 11445 us display, type 3
frame 617: 38855 us total, 11461 us display, type 3
frame 618: 41844 us total, 11456 us display, type 3
frame 619: 40692 us total, 11461 us display, type 3
frame 620: 41527 us total, 11465 us display, type 3
frame 621: 39491 us total, 11449 us display, type 3
frame 622: 29409 us total, 11461 us display, type 3
frame 623: 38795 us total, 11467 us display, type 3
frame 624: 38874 us total, 11468 us display, type 3
frame 625: 41201 us total, 11467 us display, type 3
frame 626: 40774 us total, 11457 us display, type 3
frame 627: 40315 us total, 11456 us display, type 3
frame 628: 39744 us total, 11463 us display, type 3
frame 629: 40646 us total, 11464 us display, type 3
frame 630: 40358 us total, 11460 us display, type 3
frame 631: 41012 us total, 11470 us display, type 3
frame 632: 40782 us total, 11459 us display, type 3
frame 633: 30963 us total, 11457 us display, type 3
frame 634: 39644 us total, 11461 us display, type 3
frame 635: 40421 us total, 11462 us display, type 3
frame 636: 39642 us total, 11462 us display, type 3
frame 637: 40444 us total, 11454 us display, type 3
frame 638: 40888 us total, 11472 us display, type 3
frame 639: 42066 us total, 11451 us display, type 3
profile (avg of 128 frames, ms): logic+bsp 6.0 wait-fb 0.0 vp-mark 1.6 flats 8.2 columns 6.8 fuzz 0.7
frame 640: 41604 us total, 11470 us display, type 3
frame 641: 42017 us total, 11461 us display, type 3
frame 642: 42730 us total, 11465 us display, type 3
frame 643: 45056 us total, 11457 us display, type 3
frame 644: 55619 us total, 11460 us display, type 3
frame 645: 58325 us total, 11471 us display, type 3
frame 646: 47335 us total, 11466 us display, type 3
frame 647: 44743 us total, 11710 us display, type 3
frame 648: 52315 us total, 11462 us display, type 3
frame 649: 44726 us total, 11458 us display, type 3
frame 650: 44802 us total, 11457 us display, type 3
frame 651: 43304 us total, 11465 us display, type 3
frame 652: 53379 us total, 11470 us display, type 3
frame 653: 46380 us total, 11464 us display, type 3
frame 654: 55554 us total, 11464 us display, type 3
frame 655: 47655 us total, 11458 us display, type 3
frame 656: 55222 us total, 11461 us display, type 3
frame 657: 46615 us total, 11469 us display, type 3
frame 658: 44609 us total, 11460 us display, type 3
frame 659: 56371 us total, 11479 us display, type 3
frame 660: 57283 us total, 11462 us display, type 3
frame 661: 45074 us total, 11456 us display, type 3
frame 662: 44523 us total, 11474 us display, type 3
frame 663: 43858 us total, 11490 us display, type 3
frame 664: 54284 us total, 11478 us display, type 3
frame 665: 44787 us total, 11486 us display, type 3
frame 666: 41464 us total, 11461 us display, type 3
frame 667: 52975 us total, 11522 us display, type 3
frame 668: 46514 us total, 11598 us display, type 3
frame 669: 46821 us total, 11466 us display, type 3
frame 670: 55056 us total, 11462 us display, type 3
frame 671: 46536 us total, 11457 us display, type 3
frame 672: 45047 us total, 11461 us display, type 3
frame 673: 55754 us total, 11464 us display, type 3
frame 674: 43439 us total, 11458 us display, type 3
frame 675: 42513 us total, 11672 us display, type 3
frame 676: 41909 us total, 11459 us display, type 3
frame 677: 52069 us total, 11475 us display, type 3
frame 678: 45404 us total, 11468 us display, type 3
frame 679: 43569 us total, 11469 us display, type 3
frame 680: 42787 us total, 11545 us display, type 3
frame 681: 43515 us total, 11520 us display, type 3
frame 682: 42151 us total, 11456 us display, type 3
frame 683: 51608 us total, 11471 us display, type 3
frame 684: 42424 us total, 11460 us display, type 3
frame 685: 44468 us total, 11465 us display, type 3
frame 686: 43223 us total, 11449 us display, type 3
frame 687: 42609 us total, 11462 us display, type 3
frame 688: 40457 us total, 11456 us display, type 3
frame 689: 37748 us total, 11466 us display, type 3
frame 690: 38396 us total, 11459 us display, type 3
frame 691: 39194 us total, 11466 us display, type 3
frame 692: 39198 us total, 11456 us display, type 3
frame 693: 28768 us total, 11552 us display, type 3
frame 694: 37114 us total, 11474 us display, type 3
frame 695: 37978 us total, 11461 us display, type 3
frame 696: 29725 us total, 11454 us display, type 3
frame 697: 37597 us total, 11465 us display, type 3
frame 698: 39592 us total, 11467 us display, type 3
frame 699: 41980 us total, 11453 us display, type 3
frame 700: 38051 us total, 11474 us display, type 3
frame 701: 38456 us total, 11459 us display, type 3
frame 702: 28450 us total, 11464 us display, type 3
frame 703: 37635 us total, 11458 us display, type 3
frame 704: 36504 us total, 11458 us display, type 3
frame 705: 29336 us total, 11475 us display, type 3
frame 706: 39519 us total, 11458 us display, type 3
frame 707: 38579 us total, 11469 us display, type 3
frame 708: 37331 us total, 11469 us display, type 3
frame 709: 30157 us total, 11451 us display, type 3
frame 710: 35560 us total, 11470 us display, type 3
frame 711: 37250 us total, 11468 us display, type 3
frame 712: 29919 us total, 11459 us display, type 3
frame 713: 38589 us total, 11477 us display, type 3
frame 714: 40883 us total, 11469 us display, type 3
frame 715: 38896 us total, 11459 us display, type 3
frame 716: 37641 us total, 11470 us display, type 3
frame 717: 39530 us total, 11454 us display, type 3
frame 718: 29519 us total, 11463 us display, type 3
frame 719: 39881 us total, 11458 us display, type 3
frame 720: 39946 us total, 11462 us display, type 3
frame 721: 41850 us total, 11463 us display, type 3
frame 722: 40202 us total, 11475 us display, type 3
frame 723: 42748 us total, 11464 us display, type 3
frame 724: 41164 us total, 11478 us display, type 3
frame 725: 46263 us total, 11464 us display, type 3
frame 726: 53265 us total, 11463 us display, type 3
frame 727: 44922 us total, 11472 us display, type 3
frame 728: 45428 us total, 11470 us display, type 3
frame 729: 53722 us total, 11467 us display, type 3
frame 730: 46752 us total, 11464 us display, type 3
frame 731: 55643 us total, 11471 us display, type 3
frame 732: 46685 us total, 11453 us display, type 3
frame 733: 44488 us total, 11777 us display, type 3
frame 734: 55995 us total, 11585 us display, type 3
frame 735: 46978 us total, 11463 us display, type 3
frame 736: 56622 us total, 11474 us display, type 3
frame 737: 46389 us total, 11459 us display, type 3
frame 738: 42773 us total, 11630 us display, type 3
frame 739: 53502 us total, 11513 us display, type 3
frame 740: 45405 us total, 11459 us display, type 3
frame 741: 43953 us total, 11471 us display, type 3
frame 742: 56007 us total, 11675 us display, type 3
frame 743: 44800 us total, 11774 us display, type 3
frame 744: 42328 us total, 11469 us display, type 3
frame 745: 42072 us total, 11466 us display, type 3
frame 746: 51418 us total, 11463 us display, type 3
frame 747: 41791 us total, 11574 us display, type 3
frame 748: 39680 us total, 11465 us display, type 3
frame 749: 31322 us total, 11462 us display, type 3
frame 750: 38514 us total, 11459 us display, type 3
frame 751: 38536 us total, 11583 us display, type 3
frame 752: 41677 us total, 11471 us display, type 3
frame 753: 42760 us total, 11463 us display, type 3
frame 754: 42390 us total, 11464 us display, type 3
frame 755: 41205 us total, 11456 us display, type 3
frame 756: 41103 us total, 11469 us display, type 3
frame 757: 53268 us total, 11463 us display, type 3
frame 758: 49797 us total, 11597 us display, type 3
frame 759: 57010 us total, 11457 us display, type 3
frame 760: 46563 us total, 11453 us display, type 3
frame 761: 46189 us total, 11458 us display, type 3
frame 762: 54205 us total, 11462 us display, type 3
frame 763: 58601 us total, 11453 us display, type 3
frame 764: 47293 us total, 11455 us display, type 3
frame 765: 55548 us total, 11466 us display, type 3
frame 766: 46265 us total, 11460 us display, type 3
frame 767: 55758 us total, 11466 us display, type 3
profile (avg of 128 frames, ms): logic+bsp 8.6 wait-fb 0.0 vp-mark 1.3 flats 6.1 columns 8.4 fuzz 0.1
frame 768: 46692 us total, 11462 us display, type 3
audio: 164 underruns, 41 ms queued
mem @frame 768: heap free 29312, largest 14592, min ever 29176, zone free 41204, display stack free 4380, uptime 28 s, gamestate 0, demo 1, usergame 0, tic 949
frame 769: 55987 us total, 11474 us display, type 3
frame 770: 45388 us total, 11459 us display, type 3
frame 771: 45129 us total, 11466 us display, type 3
frame 772: 54437 us total, 11460 us display, type 3
frame 773: 46019 us total, 11460 us display, type 3
frame 774: 47122 us total, 11454 us display, type 3
frame 775: 55581 us total, 11465 us display, type 3
frame 776: 45828 us total, 11453 us display, type 3
frame 777: 54835 us total, 11463 us display, type 3
frame 778: 46295 us total, 11458 us display, type 3
frame 779: 54710 us total, 11463 us display, type 3
frame 780: 43960 us total, 11459 us display, type 3
frame 781: 42385 us total, 11461 us display, type 3
frame 782: 43841 us total, 11454 us display, type 3
frame 783: 43733 us total, 11465 us display, type 3
frame 784: 53573 us total, 11453 us display, type 3
frame 785: 45482 us total, 11472 us display, type 3
frame 786: 47061 us total, 11461 us display, type 3
frame 787: 53438 us total, 11474 us display, type 3
frame 788: 48824 us total, 11447 us display, type 3
frame 789: 56634 us total, 11514 us display, type 3
frame 790: 47621 us total, 11455 us display, type 3
frame 791: 55828 us total, 11459 us display, type 3
frame 792: 48446 us total, 11468 us display, type 3
frame 793: 59143 us total, 11468 us display, type 3
frame 794: 58877 us total, 11468 us display, type 3
frame 795: 49434 us total, 11452 us display, type 3
frame 796: 58751 us total, 11511 us display, type 3
frame 797: 59420 us total, 11453 us display, type 3
frame 798: 57888 us total, 11462 us display, type 3
frame 799: 49768 us total, 11747 us display, type 3
frame 800: 56724 us total, 11527 us display, type 3
frame 801: 57096 us total, 11468 us display, type 3
frame 802: 47003 us total, 11460 us display, type 3
frame 803: 55654 us total, 11459 us display, type 3
frame 804: 49450 us total, 11456 us display, type 3
frame 805: 55907 us total, 11461 us display, type 3
frame 806: 48548 us total, 11465 us display, type 3
frame 807: 56101 us total, 11457 us display, type 3
frame 808: 54451 us total, 11471 us display, type 3
frame 809: 45601 us total, 11448 us display, type 3
frame 810: 44460 us total, 11468 us display, type 3
frame 811: 53855 us total, 11543 us display, type 3
frame 812: 44667 us total, 11454 us display, type 3
frame 813: 44630 us total, 11455 us display, type 3
frame 814: 55495 us total, 11460 us display, type 3
frame 815: 46611 us total, 11447 us display, type 3
frame 816: 46917 us total, 11456 us display, type 3
frame 817: 55361 us total, 11450 us display, type 3
frame 818: 56346 us total, 11465 us display, type 3
frame 819: 45837 us total, 11457 us display, type 3
frame 820: 45728 us total, 11472 us display, type 3
frame 821: 53965 us total, 11449 us display, type 3
frame 822: 47857 us total, 11463 us display, type 3
frame 823: 57343 us total, 11461 us display, type 3
frame 824: 46872 us total, 11447 us display, type 3
frame 825: 52457 us total, 11462 us display, type 3
frame 826: 47027 us total, 11472 us display, type 3
frame 827: 56514 us total, 11455 us display, type 3
frame 828: 47562 us total, 11457 us display, type 3
frame 829: 53287 us total, 11462 us display, type 3
frame 830: 45789 us total, 11451 us display, type 3
frame 831: 46095 us total, 11461 us display, type 3
frame 832: 55857 us total, 11466 us display, type 3
frame 833: 48118 us total, 11456 us display, type 3
frame 834: 53830 us total, 11457 us display, type 3
frame 835: 45663 us total, 11459 us display, type 3
frame 836: 45553 us total, 11451 us display, type 3
frame 837: 54738 us total, 11466 us display, type 3
frame 838: 46007 us total, 11466 us display, type 3
frame 839: 53243 us total, 11468 us display, type 3
frame 840: 43570 us total, 11456 us display, type 3
frame 841: 43256 us total, 11466 us display, type 3
frame 842: 44898 us total, 11460 us display, type 3
frame 843: 43066 us total, 11458 us display, type 3
frame 844: 53064 us total, 11461 us display, type 3
frame 845: 43995 us total, 11466 us display, type 3
frame 846: 44558 us total, 11456 us display, type 3
frame 847: 43632 us total, 11459 us display, type 3
frame 848: 52067 us total, 11556 us display, type 3
frame 849: 44203 us total, 11463 us display, type 3
frame 850: 43768 us total, 11457 us display, type 3
frame 851: 44391 us total, 11457 us display, type 3
frame 852: 42762 us total, 11456 us display, type 3
frame 853: 51512 us total, 11609 us display, type 3
frame 854: 42720 us total, 11450 us display, type 3
frame 855: 41530 us total, 11459 us display, type 3
frame 856: 41547 us total, 11459 us display, type 3
frame 857: 41345 us total, 11454 us display, type 3
frame 858: 41770 us total, 11464 us display, type 3
frame 859: 40060 us total, 11583 us display, type 3
frame 860: 40171 us total, 11602 us display, type 3
frame 861: 38015 us total, 11447 us display, type 3
frame 862: 28480 us total, 11451 us display, type 3
frame 863: 35282 us total, 11463 us display, type 3
frame 864: 35804 us total, 11471 us display, type 3
frame 865: 28187 us total, 11456 us display, type 3
frame 866: 38568 us total, 11457 us display, type 3
frame 867: 37745 us total, 11467 us display, type 3
frame 868: 28520 us total, 11724 us display, type 3
frame 869: 35548 us total, 11457 us display, type 3
frame 870: 27180 us total, 11465 us display, type 3
frame 871: 35015 us total, 11446 us display, type 3
frame 872: 26147 us total, 11455 us display, type 3
frame 873: 36203 us total, 11531 us display, type 3
frame 874: 27567 us total, 11457 us display, type 3
frame 875: 36118 us total, 11456 us display, type 3
frame 876: 36524 us total, 11457 us display, type 3
frame 877: 30192 us total, 11457 us display, type 3
frame 878: 39004 us total, 11456 us display, type 3
frame 879: 38053 us total, 11452 us display, type 3
frame 880: 40729 us total, 11476 us display, type 3
frame 881: 47573 us total, 11463 us display, type 3
frame 882: 53805 us total, 11476 us display, type 3
frame 883: 44570 us total, 11474 us display, type 3
frame 884: 44551 us total, 11462 us display, type 3
frame 885: 43364 us total, 11469 us display, type 3
frame 886: 56488 us total, 11456 us display, type 3
frame 887: 46600 us total, 11461 us display, type 3
frame 888: 55237 us total, 11458 us display, type 3
frame 889: 44601 us total, 11468 us display, type 3
frame 890: 44593 us total, 11468 us display, type 3
frame 891: 57639 us total, 11466 us display, type 3
frame 892: 58356 us total, 11467 us display, type 3
frame 893: 47729 us total, 11457 us display, type 3
frame 894: 56343 us total, 11469 us display, type 3
frame 895: 48526 us total, 11465 us display, type 3
profile (avg of 128 frames, ms): logic+bsp 8.8 wait-fb 0.0 vp-mark 1.1 flats 7.5 columns 10.0 fuzz 0.0
frame 896: 56045 us total, 11473 us display, type 3
frame 897: 46887 us total, 11465 us display, type 3
frame 898: 59403 us total, 11467 us display, type 3
frame 899: 58072 us total, 11465 us display, type 3
frame 900: 58002 us total, 11466 us display, type 3
frame 901: 47521 us total, 11467 us display, type 3
frame 902: 58807 us total, 11460 us display, type 3
frame 903: 48673 us total, 11481 us display, type 3
frame 904: 58196 us total, 11465 us display, type 3
frame 905: 57909 us total, 11455 us display, type 3
frame 906: 48321 us total, 11466 us display, type 3
frame 907: 53009 us total, 11463 us display, type 3
frame 908: 41913 us total, 11462 us display, type 3
frame 909: 42308 us total, 11469 us display, type 3
frame 910: 43810 us total, 11465 us display, type 3
frame 911: 43097 us total, 11463 us display, type 3
frame 912: 42078 us total, 11769 us display, type 3
frame 913: 41213 us total, 11459 us display, type 3
frame 914: 52649 us total, 11472 us display, type 3
frame 915: 45238 us total, 11451 us display, type 3
frame 916: 44077 us total, 11459 us display, type 3
frame 917: 43136 us total, 11455 us display, type 3
frame 918: 39850 us total, 11461 us display, type 3
frame 919: 41634 us total, 11462 us display, type 3
frame 920: 39409 us total, 11466 us display, type 3
frame 921: 40648 us total, 11477 us display, type 3
frame 922: 40790 us total, 11550 us display, type 3
frame 923: 41233 us total, 11467 us display, type 3
frame 924: 39155 us total, 11462 us display, type 3
frame 925: 43606 us total, 11466 us display, type 3
frame 926: 41354 us total, 11464 us display, type 3
frame 927: 43299 us total, 11455 us display, type 3
frame 928: 42477 us total, 11471 us display, type 3
frame 929: 51353 us total, 11456 us display, type 3
frame 930: 41885 us total, 11457 us display, type 3
frame 931: 42101 us total, 11456 us display, type 3
frame 932: 41929 us total, 11460 us display, type 3
frame 933: 44988 us total, 11449 us display, type 3
frame 934: 44821 us total, 11456 us display, type 3
frame 935: 44440 us total, 11460 us display, type 3
frame 936: 54394 us total, 11457 us display, type 3
frame 937: 45761 us total, 11455 us display, type 3
frame 938: 53917 us total, 11464 us display, type 3
frame 939: 47207 us total, 11463 us display, type 3
frame 940: 55293 us total, 11468 us display, type 3
frame 941: 48154 us total, 11462 us display, type 3
frame 942: 56222 us total, 11458 us display, type 3
frame 943: 47789 us total, 11447 us display, type 3
frame 944: 53790 us total, 11471 us display, type 3
frame 945: 46310 us total, 11463 us display, type 3
frame 946: 56588 us total, 11565 us display, type 3
frame 947: 47052 us total, 11462 us display, type 3
frame 948: 54357 us total, 11463 us display, type 3
frame 949: 47344 us total, 11742 us display, type 3
frame 950: 44692 us total, 11448 us display, type 3
frame 951: 42458 us total, 11452 us display, type 3
frame 952: 41805 us total, 11458 us display, type 3
frame 953: 51962 us total, 11468 us display, type 3
frame 954: 44565 us total, 11467 us display, type 3
frame 955: 46596 us total, 11565 us display, type 3
frame 956: 53021 us total, 11479 us display, type 3
frame 957: 47285 us total, 11476 us display, type 3
frame 958: 59510 us total, 11461 us display, type 3
frame 959: 59587 us total, 11463 us display, type 3
frame 960: 49573 us total, 11517 us display, type 3
frame 961: 58009 us total, 11458 us display, type 3
frame 962: 58682 us total, 11499 us display, type 3
frame 963: 63529 us total, 11459 us display, type 3
frame 964: 62968 us total, 11470 us display, type 3
frame 965: 62313 us total, 11466 us display, type 3
frame 966: 62607 us total, 11461 us display, type 3
frame 967: 64756 us total, 11461 us display, type 3
frame 968: 63501 us total, 11461 us display, type 3
frame 969: 62031 us total, 11478 us display, type 3
frame 970: 61101 us total, 11472 us display, type 3
frame 971: 62582 us total, 11456 us display, type 3
frame 972: 57921 us total, 11455 us display, type 3
frame 973: 55634 us total, 11472 us display, type 3
frame 974: 48903 us total, 11461 us display, type 3
frame 975: 56567 us total, 11469 us display, type 3
frame 976: 62020 us total, 11465 us display, type 3
frame 977: 59959 us total, 11461 us display, type 3
frame 978: 48973 us total, 11454 us display, type 3
frame 979: 58822 us total, 11463 us display, type 3
frame 980: 59647 us total, 11461 us display, type 3
frame 981: 61046 us total, 11463 us display, type 3
frame 982: 59855 us total, 11464 us display, type 3
frame 983: 51718 us total, 11464 us display, type 3
frame 984: 72305 us total, 11465 us display, type 3
frame 985: 63172 us total, 11475 us display, type 3
frame 986: 58855 us total, 11452 us display, type 3
frame 987: 49966 us total, 11467 us display, type 3
frame 988: 60668 us total, 11461 us display, type 3
frame 989: 61854 us total, 11456 us display, type 3
frame 990: 59536 us total, 11459 us display, type 3
frame 991: 56537 us total, 11475 us display, type 3
frame 992: 47778 us total, 11591 us display, type 3
frame 993: 56813 us total, 11475 us display, type 3
frame 994: 59632 us total, 11468 us display, type 3
frame 995: 48413 us total, 11466 us display, type 3
frame 996: 57332 us total, 11457 us display, type 3
frame 997: 59265 us total, 11477 us display, type 3
frame 998: 52496 us total, 11464 us display, type 3
frame 999: 58495 us total, 11471 us display, type 3
frame 1000: 56609 us total, 11516 us display, type 3
frame 1001: 59440 us total, 11467 us display, type 3
frame 1002: 49876 us total, 11462 us display, type 3
frame 1003: 59647 us total, 11475 us display, type 3
frame 1004: 57686 us total, 11457 us display, type 3
frame 1005: 49706 us total, 11471 us display, type 3
frame 1006: 60211 us total, 11457 us display, type 3
frame 1007: 61010 us total, 11468 us display, type 3
frame 1008: 60774 us total, 11469 us display, type 3
frame 1009: 60934 us total, 11456 us display, type 3
frame 1010: 59405 us total, 11617 us display, type 3
frame 1011: 59921 us total, 11456 us display, type 3
frame 1012: 58671 us total, 11591 us display, type 3
frame 1013: 64646 us total, 11588 us display, type 3
frame 1014: 61897 us total, 11521 us display, type 3
frame 1015: 60537 us total, 11460 us display, type 3
frame 1016: 60339 us total, 11455 us display, type 3
frame 1017: 51518 us total, 11454 us display, type 3
frame 1018: 60055 us total, 11458 us display, type 3
frame 1019: 60586 us total, 11467 us display, type 3
frame 1020: 58518 us total, 11557 us display, type 3
frame 1021: 59199 us total, 11463 us display, type 3
frame 1022: 49810 us total, 11469 us display, type 3
frame 1023: 60657 us total, 11467 us display, type 3
profile (avg of 128 frames, ms): logic+bsp 12.7 wait-fb 0.0 vp-mark 1.3 flats 8.1 columns 10.1 fuzz 0.0
frame 1024: 62974 us total, 11462 us display, type 3
audio: 164 underruns, 36 ms queued
mem @frame 1024: heap free 29288, largest 14592, min ever 29152, zone free 41204, display stack free 4380, uptime 41 s, gamestate 0, demo 1, usergame 0, tic 1397
frame 1025: 61307 us total, 11463 us display, type 3
frame 1026: 59291 us total, 11583 us display, type 3
frame 1027: 61441 us total, 11461 us display, type 3
frame 1028: 58706 us total, 11456 us display, type 3
frame 1029: 57307 us total, 11469 us display, type 3
frame 1030: 62187 us total, 11491 us display, type 3
frame 1031: 51582 us total, 11461 us display, type 3
frame 1032: 61071 us total, 11460 us display, type 3
frame 1033: 58497 us total, 11457 us display, type 3
frame 1034: 57405 us total, 11472 us display, type 3
frame 1035: 61269 us total, 11449 us display, type 3
frame 1036: 51612 us total, 11460 us display, type 3
frame 1037: 60422 us total, 11624 us display, type 3
frame 1038: 57715 us total, 11460 us display, type 3
frame 1039: 59060 us total, 11468 us display, type 3
frame 1040: 60405 us total, 11459 us display, type 3
frame 1041: 60953 us total, 11463 us display, type 3
frame 1042: 50507 us total, 11466 us display, type 3
frame 1043: 59999 us total, 11462 us display, type 3
frame 1044: 59148 us total, 11473 us display, type 3
frame 1045: 60739 us total, 11454 us display, type 3
frame 1046: 57380 us total, 11462 us display, type 3
frame 1047: 49504 us total, 11471 us display, type 3
frame 1048: 57253 us total, 11468 us display, type 3
frame 1049: 64135 us total, 11467 us display, type 3
frame 1050: 60607 us total, 11500 us display, type 3
frame 1051: 61232 us total, 11466 us display, type 3
frame 1052: 60917 us total, 11474 us display, type 3
frame 1053: 62942 us total, 11474 us display, type 3
frame 1054: 60559 us total, 11768 us display, type 3
frame 1055: 57745 us total, 11458 us display, type 3
frame 1056: 45296 us total, 11460 us display, type 3
frame 1057: 45286 us total, 11468 us display, type 3
frame 1058: 51416 us total, 11458 us display, type 3
frame 1059: 40973 us total, 11468 us display, type 3
frame 1060: 38659 us total, 11470 us display, type 3
frame 1061: 30496 us total, 11462 us display, type 3
frame 1062: 37338 us total, 11469 us display, type 3
frame 1063: 39081 us total, 11462 us display, type 3
frame 1064: 39006 us total, 11468 us display, type 3
frame 1065: 29756 us total, 11455 us display, type 3
frame 1066: 36446 us total, 11593 us display, type 3
frame 1067: 35002 us total, 11469 us display, type 3
frame 1068: 27015 us total, 11453 us display, type 3
frame 1069: 35918 us total, 11464 us display, type 3
frame 1070: 27919 us total, 11463 us display, type 3
frame 1071: 37070 us total, 11463 us display, type 3
frame 1072: 37251 us total, 11464 us display, type 3
frame 1073: 27383 us total, 11449 us display, type 3
frame 1074: 36398 us total, 11596 us display, type 3
frame 1075: 26834 us total, 11457 us display, type 3
frame 1076: 35746 us total, 11462 us display, type 3
frame 1077: 37462 us total, 11617 us display, type 3
frame 1078: 27591 us total, 11447 us display, type 3
frame 1079: 36856 us total, 11454 us display, type 3
frame 1080: 27521 us total, 11456 us display, type 3
frame 1081: 35777 us total, 11454 us display, type 3
frame 1082: 27011 us total, 11466 us display, type 3
frame 1083: 35848 us total, 11452 us display, type 3
frame 1084: 35655 us total, 11469 us display, type 3
frame 1085: 27901 us total, 11453 us display, type 3
frame 1086: 38341 us total, 11458 us display, type 3
frame 1087: 37002 us total, 11468 us display, type 3
frame 1088: 28767 us total, 11459 us display, type 3
frame 1089: 38034 us total, 11465 us display, type 3
frame 1090: 37794 us total, 11456 us display, type 3
frame 1091: 29142 us total, 11462 us display, type 3
frame 1092: 38019 us total, 11456 us display, type 3
frame 1093: 39212 us total, 11587 us display, type 3
frame 1094: 39076 us total, 11449 us display, type 3
frame 1095: 28955 us total, 11460 us display, type 3
frame 1096: 38321 us total, 11463 us display, type 3
frame 1097: 39741 us total, 11456 us display, type 3
frame 1098: 39036 us total, 11461 us display, type 3
frame 1099: 40162 us total, 11468 us display, type 3
frame 1100: 41141 us total, 11471 us display, type 3
frame 1101: 41475 us total, 11464 us display, type 3
frame 1102: 43336 us total, 11465 us display, type 3
frame 1103: 42784 us total, 11470 us display, type 3
frame 1104: 43062 us total, 11446 us display, type 3
frame 1105: 42672 us total, 11461 us display, type 3
frame 1106: 53565 us total, 11474 us display, type 3
frame 1107: 44583 us total, 11458 us display, type 3
frame 1108: 43636 us total, 11462 us display, type 3
frame 1109: 44386 us total, 11452 us display, type 3
frame 1110: 44626 us total, 11457 us display, type 3
frame 1111: 56229 us total, 11461 us display, type 3
frame 1112: 47786 us total, 11453 us display, type 3
frame 1113: 55397 us total, 11466 us display, type 3
frame 1114: 47246 us total, 11461 us display, type 3
frame 1115: 57512 us total, 11460 us display, type 3
frame 1116: 56100 us total, 11464 us display, type 3
frame 1117: 46987 us total, 11463 us display, type 3
frame 1118: 55872 us total, 11684 us display, type 3
frame 1119: 45973 us total, 11453 us display, type 3
frame 1120: 47247 us total, 11465 us display, type 3
frame 1121: 54493 us total, 11534 us display, type 3
frame 1122: 45314 us total, 11455 us display, type 3
frame 1123: 44797 us total, 11455 us display, type 3
frame 1124: 52366 us total, 11465 us display, type 3
frame 1125: 44992 us total, 11454 us display, type 3
frame 1126: 43521 us total, 11483 us display, type 3
frame 1127: 52409 us total, 11454 us display, type 3
frame 1128: 40142 us total, 11458 us display, type 3
frame 1129: 42272 us total, 11569 us display, type 3
frame 1130: 39671 us total, 11462 us display, type 3
frame 1131: 41485 us total, 11455 us display, type 3
frame 1132: 40826 us total, 11461 us display, type 3
frame 1133: 41308 us total, 11455 us display, type 3
frame 1134: 40478 us total, 11574 us display, type 3
frame 1135: 32230 us total, 11573 us display, type 3
frame 1136: 49395 us total, 11533 us display, type 3
frame 1137: 30765 us total, 11471 us display, type 3
frame 1138: 39945 us total, 11468 us display, type 3
frame 1139: 38742 us total, 11666 us display, type 3
frame 1140: 38634 us total, 11470 us display, type 3
frame 1141: 39288 us total, 11464 us display, type 3
frame 1142: 28279 us total, 11461 us display, type 3
frame 1143: 37333 us total, 11461 us display, type 3
frame 1144: 39317 us total, 11460 us display, type 3
frame 1145: 37896 us total, 11460 us display, type 3
frame 1146: 27957 us total, 11455 us display, type 3
frame 1147: 38905 us total, 11450 us display, type 3
frame 1148: 37549 us total, 11471 us display, type 3
frame 1149: 28129 us total, 11460 us display, type 3
frame 1150: 35941 us total, 11463 us display, type 3
frame 1151: 26292 us total, 11456 us display, type 3
profile (avg of 128 frames, ms): logic+bsp 8.1 wait-fb 0.0 vp-mark 1.2 flats 7.5 columns 8.9 fuzz 0.0
frame 1152: 36531 us total, 11579 us display, type 3
frame 1153: 25574 us total, 11459 us display, type 3
frame 1154: 36154 us total, 11467 us display, type 3
frame 1155: 36137 us total, 11461 us display, type 3
frame 1156: 26787 us total, 11462 us display, type 3
frame 1157: 35591 us total, 11467 us display, type 3
frame 1158: 26306 us total, 11455 us display, type 3
frame 1159: 35429 us total, 11450 us display, type 3
frame 1160: 26863 us total, 11460 us display, type 3
frame 1161: 36780 us total, 11724 us display, type 3
frame 1162: 26520 us total, 11466 us display, type 3
frame 1163: 35630 us total, 11681 us display, type 3
frame 1164: 26066 us total, 11449 us display, type 3
frame 1165: 37670 us total, 11509 us display, type 3
frame 1166: 37646 us total, 11471 us display, type 3
frame 1167: 43133 us total, 11472 us display, type 3
frame 1168: 44381 us total, 11461 us display, type 3
frame 1169: 44728 us total, 11458 us display, type 3
frame 1170: 53207 us total, 11470 us display, type 3
frame 1171: 43036 us total, 11464 us display, type 3
frame 1172: 42358 us total, 11455 us display, type 3
frame 1173: 43875 us total, 11473 us display, type 3
frame 1174: 43919 us total, 11684 us display, type 3
frame 1175: 41536 us total, 11467 us display, type 3
frame 1176: 41400 us total, 11450 us display, type 3
frame 1177: 40638 us total, 11471 us display, type 3
frame 1178: 41889 us total, 11462 us display, type 3
frame 1179: 42145 us total, 11619 us display, type 3
frame 1180: 50157 us total, 11455 us display, type 3
frame 1181: 38525 us total, 11486 us display, type 3
frame 1182: 30500 us total, 11466 us display, type 3
frame 1183: 38680 us total, 11454 us display, type 3
frame 1184: 37502 us total, 11464 us display, type 3
frame 1185: 38366 us total, 11468 us display, type 3
frame 1186: 28266 us total, 11452 us display, type 3
frame 1187: 36100 us total, 11563 us display, type 3
frame 1188: 28263 us total, 11454 us display, type 3
frame 1189: 35207 us total, 11448 us display, type 3
frame 1190: 26251 us total, 11466 us display, type 3
frame 1191: 34991 us total, 11467 us display, type 3
frame 1192: 26800 us total, 11455 us display, type 3
frame 1193: 37588 us total, 11459 us display, type 3
frame 1194: 37886 us total, 11455 us display, type 3
frame 1195: 28142 us total, 11449 us display, type 3
frame 1196: 35030 us total, 11464 us display, type 3
frame 1197: 25888 us total, 11453 us display, type 3
frame 1198: 33822 us total, 11466 us display, type 3
frame 1199: 25204 us total, 11459 us display, type 3
frame 1200: 24623 us total, 11462 us display, type 3
frame 1201: 33482 us total, 11449 us display, type 3
frame 1202: 24585 us total, 11465 us display, type 3
frame 1203: 34498 us total, 11517 us display, type 3
frame 1204: 23846 us total, 11439 us display, type 3
frame 1205: 22755 us total, 11461 us display, type 3
frame 1206: 22398 us total, 11450 us display, type 3
frame 1207: 22209 us total, 11456 us display, type 3
frame 1208: 23663 us total, 11450 us display, type 3
frame 1209: 34133 us total, 11457 us display, type 3
frame 1210: 23942 us total, 11455 us display, type 3
frame 1211: 36517 us total, 11590 us display, type 3
frame 1212: 24432 us total, 11463 us display, type 3
frame 1213: 34182 us total, 11459 us display, type 3
frame 1214: 24253 us total, 11515 us display, type 3
frame 1215: 24494 us total, 11456 us display, type 3
frame 1216: 35216 us total, 11505 us display, type 3
frame 1217: 24095 us total, 11452 us display, type 3
frame 1218: 25020 us total, 11458 us display, type 3
frame 1219: 36754 us total, 11454 us display, type 3
frame 1220: 25168 us total, 11459 us display, type 3
frame 1221: 33009 us total, 11454 us display, type 3
frame 1222: 24374 us total, 11471 us display, type 3
frame 1223: 24010 us total, 11459 us display, type 3
frame 1224: 35436 us total, 11446 us display, type 3
frame 1225: 23721 us total, 11449 us display, type 3
frame 1226: 37680 us total, 11461 us display, type 3
frame 1227: 28688 us total, 11458 us display, type 3
frame 1228: 42222 us total, 11450 us display, type 3
frame 1229: 53876 us total, 11463 us display, type 3
frame 1230: 45389 us total, 11471 us display, type 3
frame 1231: 42026 us total, 11537 us display, type 3
frame 1232: 41524 us total, 11462 us display, type 3
frame 1233: 40834 us total, 11456 us display, type 3
frame 1234: 40558 us total, 11464 us display, type 3
frame 1235: 41889 us total, 11463 us display, type 3
frame 1236: 40954 us total, 11458 us display, type 3
frame 1237: 39608 us total, 11464 us display, type 3
frame 1238: 40182 us total, 11449 us display, type 3
frame 1239: 40132 us total, 11750 us display, type 3
frame 1240: 41902 us total, 11454 us display, type 3
frame 1241: 39998 us total, 11455 us display, type 3
frame 1242: 42808 us total, 11458 us display, type 3
frame 1243: 44428 us total, 11573 us display, type 3
frame 1244: 41284 us total, 11477 us display, type 3
frame 1245: 40636 us total, 11451 us display, type 3
frame 1246: 41136 us total, 11469 us display, type 3
frame 1247: 40119 us total, 11462 us display, type 3
frame 1248: 37770 us total, 11456 us display, type 3
frame 1249: 38415 us total, 11464 us display, type 3
frame 1250: 30932 us total, 11451 us display, type 3
frame 1251: 37797 us total, 11466 us display, type 3
frame 1252: 40351 us total, 11461 us display, type 3
frame 1253: 41836 us total, 11466 us display, type 3
frame 1254: 39167 us total, 11458 us display, type 3
frame 1255: 39274 us total, 11462 us display, type 3
frame 1256: 38485 us total, 11464 us display, type 3
frame 1257: 29778 us total, 11459 us display, type 3
frame 1258: 37767 us total, 11453 us display, type 3
frame 1259: 39752 us total, 11465 us display, type 3
frame 1260: 40101 us total, 11521 us display, type 3
frame 1261: 38061 us total, 11452 us display, type 3
frame 1262: 29596 us total, 11460 us display, type 3
frame 1263: 36105 us total, 11447 us display, type 3
frame 1264: 36593 us total, 11456 us display, type 3
frame 1265: 29183 us total, 11461 us display, type 3
frame 1266: 38700 us total, 11454 us display, type 3
frame 1267: 38193 us total, 11464 us display, type 3
frame 1268: 36785 us total, 11524 us display, type 3
frame 1269: 28143 us total, 11448 us display, type 3
frame 1270: 34258 us total, 11476 us display, type 3
frame 1271: 26993 us total, 11462 us display, type 3
frame 1272: 34886 us total, 11470 us display, type 3
frame 1273: 28356 us total, 11450 us display, type 3
frame 1274: 35997 us total, 11446 us display, type 3
frame 1275: 27757 us total, 11464 us display, type 3
frame 1276: 33710 us total, 11524 us display, type 3
frame 1277: 26583 us total, 11458 us display, type 3
frame 1278: 31901 us total, 11460 us display, type 3
frame 1279: 26026 us total, 11451 us display, type 3
profile (avg of 128 frames, ms): logic+bsp 5.9 wait-fb 0.0 vp-mark 1.1 flats 5.8 columns 7.2 fuzz 0.0
frame 1280: 26856 us total, 11466 us display, type 3
audio: 164 underruns, 61 ms queued
mem @frame 1280: heap free 29288, largest 14592, min ever 29152, zone free 41164, display stack free 4380, uptime 51 s, gamestate 0, demo 1, usergame 0, tic 1751
frame 1281: 35354 us total, 11500 us display, type 3
frame 1282: 36285 us total, 11461 us display, type 3
frame 1283: 27725 us total, 11468 us display, type 3
frame 1284: 33107 us total, 11458 us display, type 3
frame 1285: 25920 us total, 11460 us display, type 3
frame 1286: 26674 us total, 11470 us display, type 3
frame 1287: 33639 us total, 11464 us display, type 3
frame 1288: 25460 us total, 11590 us display, type 3
frame 1289: 34595 us total, 11461 us display, type 3
frame 1290: 27822 us total, 11470 us display, type 3
frame 1291: 36180 us total, 11460 us display, type 3
frame 1292: 28031 us total, 11458 us display, type 3
frame 1293: 33019 us total, 11457 us display, type 3
frame 1294: 26408 us total, 11453 us display, type 3
frame 1295: 33165 us total, 11454 us display, type 3
frame 1296: 26929 us total, 11458 us display, type 3
frame 1297: 34563 us total, 11468 us display, type 3
frame 1298: 28418 us total, 11455 us display, type 3
frame 1299: 36993 us total, 11527 us display, type 3
frame 1300: 36945 us total, 11777 us display, type 3
frame 1301: 27204 us total, 11507 us display, type 3
frame 1302: 33047 us total, 11463 us display, type 3
frame 1303: 26993 us total, 11450 us display, type 3
frame 1304: 26815 us total, 11462 us display, type 3
frame 1305: 34558 us total, 11462 us display, type 3
frame 1306: 37680 us total, 11457 us display, type 3
frame 1307: 28326 us total, 11460 us display, type 3
frame 1308: 36583 us total, 11463 us display, type 3
frame 1309: 27851 us total, 11596 us display, type 3
frame 1310: 33248 us total, 11453 us display, type 3
frame 1311: 27498 us total, 11449 us display, type 3
frame 1312: 34113 us total, 11461 us display, type 3
frame 1313: 28088 us total, 11454 us display, type 3
frame 1314: 37837 us total, 11452 us display, type 3
frame 1315: 37365 us total, 11584 us display, type 3
frame 1316: 28736 us total, 11762 us display, type 3
frame 1317: 34263 us total, 11452 us display, type 3
frame 1318: 27149 us total, 11449 us display, type 3
frame 1319: 33878 us total, 11454 us display, type 3
frame 1320: 26700 us total, 11453 us display, type 3
frame 1321: 35578 us total, 11455 us display, type 3
frame 1322: 26768 us total, 11455 us display, type 3
frame 1323: 37352 us total, 11471 us display, type 3
frame 1324: 34816 us total, 11461 us display, type 3
frame 1325: 26293 us total, 11461 us display, type 3
frame 1326: 25172 us total, 11459 us display, type 3
frame 1327: 34702 us total, 11463 us display, type 3
frame 1328: 28730 us total, 11462 us display, type 3
frame 1329: 39636 us total, 11457 us display, type 3
frame 1330: 45262 us total, 11465 us display, type 3
frame 1331: 52151 us total, 11453 us display, type 3
frame 1332: 43435 us total, 11461 us display, type 3
frame 1333: 42575 us total, 11463 us display, type 3
frame 1334: 42882 us total, 11458 us display, type 3
frame 1335: 54669 us total, 11458 us display, type 3
frame 1336: 47271 us total, 11460 us display, type 3
frame 1337: 43321 us total, 11463 us display, type 3
frame 1338: 42370 us total, 11449 us display, type 3
frame 1339: 42024 us total, 11458 us display, type 3
frame 1340: 53340 us total, 11540 us display, type 3
frame 1341: 46641 us total, 11453 us display, type 3
frame 1342: 42430 us total, 11449 us display, type 3
frame 1343: 42380 us total, 11457 us display, type 3
frame 1344: 41775 us total, 11461 us display, type 3
frame 1345: 42731 us total, 11454 us display, type 3
frame 1346: 54938 us total, 11450 us display, type 3
frame 1347: 46271 us total, 11452 us display, type 3
frame 1348: 41967 us total, 11453 us display, type 3
frame 1349: 39264 us total, 11470 us display, type 3
frame 1350: 41392 us total, 11453 us display, type 3
frame 1351: 41631 us total, 11468 us display, type 3
frame 1352: 56798 us total, 11464 us display, type 3
frame 1353: 55782 us total, 11463 us display, type 3
frame 1354: 48213 us total, 11474 us display, type 3
frame 1355: 45999 us total, 11468 us display, type 3
frame 1356: 57797 us total, 11458 us display, type 3
frame 1357: 63094 us total, 11458 us display, type 3
frame 1358: 59283 us total, 11461 us display, type 3
frame 1359: 59389 us total, 11468 us display, type 3
frame 1360: 59914 us total, 11470 us display, type 3
frame 1361: 62447 us total, 11462 us display, type 3
frame 1362: 60571 us total, 11484 us display, type 3
frame 1363: 62947 us total, 11462 us display, type 3
frame 1364: 61135 us total, 11456 us display, type 3
frame 1365: 50770 us total, 11464 us display, type 3
frame 1366: 75013 us total, 11458 us display, type 3
frame 1367: 65200 us total, 11592 us display, type 3
frame 1368: 62086 us total, 11472 us display, type 3
frame 1369: 61502 us total, 11480 us display, type 3
frame 1370: 62728 us total, 11457 us display, type 3
frame 1371: 59665 us total, 11462 us display, type 3
frame 1372: 60320 us total, 11457 us display, type 3
frame 1373: 50094 us total, 11476 us display, type 3
frame 1374: 73831 us total, 11473 us display, type 3
frame 1375: 63504 us total, 11458 us display, type 3
frame 1376: 64349 us total, 11535 us display, type 3
frame 1377: 63357 us total, 11509 us display, type 3
frame 1378: 61790 us total, 11472 us display, type 3
frame 1379: 62569 us total, 11462 us display, type 3
frame 1380: 63756 us total, 11470 us display, type 3
frame 1381: 75540 us total, 11465 us display, type 3
frame 1382: 65603 us total, 11466 us display, type 3
frame 1383: 60387 us total, 11463 us display, type 3
frame 1384: 61280 us total, 11528 us display, type 3
frame 1385: 60614 us total, 11460 us display, type 3
frame 1386: 58742 us total, 11466 us display, type 3
frame 1387: 59215 us total, 11473 us display, type 3
frame 1388: 67121 us total, 11453 us display, type 3
frame 1389: 62471 us total, 11468 us display, type 3
frame 1390: 63404 us total, 11461 us display, type 3
frame 1391: 64392 us total, 11469 us display, type 3
frame 1392: 76172 us total, 11479 us display, type 3
frame 1393: 63778 us total, 11466 us display, type 3
frame 1394: 61082 us total, 11464 us display, type 3
frame 1395: 62845 us total, 11469 us display, type 3
frame 1396: 62572 us total, 11462 us display, type 3
frame 1397: 62527 us total, 11519 us display, type 3
frame 1398: 62568 us total, 11467 us display, type 3
frame 1399: 61319 us total, 11455 us display, type 3
frame 1400: 59590 us total, 11471 us display, type 3
frame 1401: 62833 us total, 11471 us display, type 3
frame 1402: 62351 us total, 11478 us display, type 3
frame 1403: 61501 us total, 11468 us display, type 3
frame 1404: 60980 us total, 11466 us display, type 3
frame 1405: 62786 us total, 11465 us display, type 3
frame 1406: 62388 us total, 11472 us display, type 3
frame 1407: 63296 us total, 11464 us display, type 3
profile (avg of 128 frames, ms): logic+bsp 8.5 wait-fb 0.0 vp-mark 1.7 flats 9.7 columns 9.2 fuzz 0.0
frame 1408: 61239 us total, 11470 us display, type 3
frame 1409: 61737 us total, 11462 us display, type 3
frame 1410: 62342 us total, 11465 us display, type 3
frame 1411: 64001 us total, 11466 us display, type 3
frame 1412: 73857 us total, 11466 us display, type 3
frame 1413: 64254 us total, 11455 us display, type 3
frame 1414: 62458 us total, 11464 us display, type 3
frame 1415: 65017 us total, 11453 us display, type 3
frame 1416: 58636 us total, 11470 us display, type 3
frame 1417: 57949 us total, 11459 us display, type 3
frame 1418: 58154 us total, 11470 us display, type 3
frame 1419: 52289 us total, 11462 us display, type 3
frame 1420: 63593 us total, 11462 us display, type 3
frame 1421: 74911 us total, 11464 us display, type 3
frame 1422: 62624 us total, 11459 us display, type 3
frame 1423: 64051 us total, 11465 us display, type 3
frame 1424: 66343 us total, 11463 us display, type 3
frame 1425: 76112 us total, 11473 us display, type 3
frame 1426: 62407 us total, 11459 us display, type 3
frame 1427: 61637 us total, 11473 us display, type 3
frame 1428: 62401 us total, 11571 us display, type 3
frame 1429: 63025 us total, 11457 us display, type 3
frame 1430: 60238 us total, 11465 us display, type 3
frame 1431: 61461 us total, 11475 us display, type 3
frame 1432: 59600 us total, 11464 us display, type 3
frame 1433: 62852 us total, 11462 us display, type 3
frame 1434: 64131 us total, 11562 us display, type 3
frame 1435: 63432 us total, 11468 us display, type 3
frame 1436: 65020 us total, 11520 us display, type 3
frame 1437: 63475 us total, 11473 us display, type 3
frame 1438: 61041 us total, 11463 us display, type 3
frame 1439: 62893 us total, 11468 us display, type 3
frame 1440: 79471 us total, 11471 us display, type 3
frame 1441: 78612 us total, 11461 us display, type 3
frame 1442: 67514 us total, 11468 us display, type 3
frame 1443: 77048 us total, 11459 us display, type 3
frame 1444: 66038 us total, 11471 us display, type 3
frame 1445: 78194 us total, 11458 us display, type 3
frame 1446: 65458 us total, 11468 us display, type 3
frame 1447: 77097 us total, 11469 us display, type 3
frame 1448: 64755 us total, 11476 us display, type 3
frame 1449: 65380 us total, 11471 us display, type 3
frame 1450: 79861 us total, 11481 us display, type 3
frame 1451: 78277 us total, 11464 us display, type 3
frame 1452: 60148 us total, 11474 us display, type 3
frame 1453: 60112 us total, 11471 us display, type 3
frame 1454: 49955 us total, 11451 us display, type 3
frame 1455: 57642 us total, 11472 us display, type 3
frame 1456: 55945 us total, 11470 us display, type 3
frame 1457: 47515 us total, 11461 us display, type 3
frame 1458: 57801 us total, 11459 us display, type 3
frame 1459: 46025 us total, 11472 us display, type 3
frame 1460: 55372 us total, 11470 us display, type 3
frame 1461: 44912 us total, 11460 us display, type 3
frame 1462: 53370 us total, 11465 us display, type 3
frame 1463: 44021 us total, 11473 us display, type 3
frame 1464: 44686 us total, 11459 us display, type 3
frame 1465: 41140 us total, 11478 us display, type 3
frame 1466: 42066 us total, 11462 us display, type 3
frame 1467: 40999 us total, 11479 us display, type 3
frame 1468: 42134 us total, 11474 us display, type 3
frame 1469: 42734 us total, 11451 us display, type 3
frame 1470: 41386 us total, 11467 us display, type 3
frame 1471: 53180 us total, 11464 us display, type 3
frame 1472: 42146 us total, 11455 us display, type 3
frame 1473: 41004 us total, 11513 us display, type 3
frame 1474: 40486 us total, 11477 us display, type 3
frame 1475: 40467 us total, 11455 us display, type 3
frame 1476: 40236 us total, 11472 us display, type 3
frame 1477: 40735 us total, 11457 us display, type 3
frame 1478: 30085 us total, 11453 us display, type 3
frame 1479: 38350 us total, 11472 us display, type 3
frame 1480: 39585 us total, 11578 us display, type 3
frame 1481: 39477 us total, 11460 us display, type 3
frame 1482: 38720 us total, 11521 us display, type 3
frame 1483: 38959 us total, 11464 us display, type 3
frame 1484: 29416 us total, 11466 us display, type 3
frame 1485: 38848 us total, 11464 us display, type 3
frame 1486: 39221 us total, 11472 us display, type 3
frame 1487: 40149 us total, 11458 us display, type 3
frame 1488: 41455 us total, 11472 us display, type 3
frame 1489: 41649 us total, 11468 us display, type 3
frame 1490: 40084 us total, 11464 us display, type 3
frame 1491: 42797 us total, 11458 us display, type 3
frame 1492: 42385 us total, 11772 us display, type 3
frame 1493: 42599 us total, 11469 us display, type 3
frame 1494: 43800 us total, 11463 us display, type 3
frame 1495: 56691 us total, 11471 us display, type 3
frame 1496: 45622 us total, 11575 us display, type 3
frame 1497: 44594 us total, 11470 us display, type 3
frame 1498: 56446 us total, 11456 us display, type 3
frame 1499: 46379 us total, 11463 us display, type 3
frame 1500: 56642 us total, 11463 us display, type 3
frame 1501: 45500 us total, 11467 us display, type 3
frame 1502: 46879 us total, 11735 us display, type 3
frame 1503: 55331 us total, 11471 us display, type 3
frame 1504: 56828 us total, 11477 us display, type 3
frame 1505: 47171 us total, 11658 us display, type 3
frame 1506: 47345 us total, 11552 us display, type 3
frame 1507: 56708 us total, 11550 us display, type 3
frame 1508: 57165 us total, 11465 us display, type 3
frame 1509: 47225 us total, 11463 us display, type 3
frame 1510: 55917 us total, 11464 us display, type 3
frame 1511: 48188 us total, 11466 us display, type 3
frame 1512: 57009 us total, 11458 us display, type 3
frame 1513: 46564 us total, 11457 us display, type 3
frame 1514: 56221 us total, 11466 us display, type 3
frame 1515: 46153 us total, 11453 us display, type 3
frame 1516: 53812 us total, 11463 us display, type 3
frame 1517: 46526 us total, 11474 us display, type 3
frame 1518: 54570 us total, 11470 us display, type 3
frame 1519: 42920 us total, 11457 us display, type 3
frame 1520: 40867 us total, 11472 us display, type 3
frame 1521: 41232 us total, 11453 us display, type 3
frame 1522: 39049 us total, 11471 us display, type 3
frame 1523: 39547 us total, 11466 us display, type 3
frame 1524: 39105 us total, 11460 us display, type 3
frame 1525: 31419 us total, 11461 us display, type 3
frame 1526: 40055 us total, 11650 us display, type 3
frame 1527: 41234 us total, 11469 us display, type 3
frame 1528: 40577 us total, 11470 us display, type 3
frame 1529: 40802 us total, 11462 us display, type 3
frame 1530: 39914 us total, 11449 us display, type 3
frame 1531: 40168 us total, 11457 us display, type 3
frame 1532: 41385 us total, 11453 us display, type 3
frame 1533: 40034 us total, 11457 us display, type 3
frame 1534: 39885 us total, 11465 us display, type 3
frame 1535: 38774 us total, 11587 us display, type 3
profile (avg of 128 frames, ms): logic+bsp 9.1 wait-fb 0.0 vp-mark 1.6 flats 9.2 columns 9.1 fuzz 0.0
frame 1536: 30032 us total, 11457 us display, type 3
audio: 164 underruns, 41 ms queued
mem @frame 1536: heap free 29280, largest 14592, min ever 29064, zone free 41244, display stack free 4380, uptime 64 s, gamestate 0, demo 1, usergame 0, tic 2196
frame 1537: 38687 us total, 11467 us display, type 3
frame 1538: 37554 us total, 11552 us display, type 3
frame 1539: 25814 us total, 11457 us display, type 3
frame 1540: 35026 us total, 11453 us display, type 3
frame 1541: 24754 us total, 11460 us display, type 3
frame 1542: 34454 us total, 11452 us display, type 3
frame 1543: 26603 us total, 11458 us display, type 3
frame 1544: 38036 us total, 11466 us display, type 3
frame 1545: 38787 us total, 11470 us display, type 3
frame 1546: 27651 us total, 11587 us display, type 3
frame 1547: 36685 us total, 11458 us display, type 3
frame 1548: 28178 us total, 11458 us display, type 3
frame 1549: 39342 us total, 11471 us display, type 3
frame 1550: 43017 us total, 11462 us display, type 3
frame 1551: 42146 us total, 11466 us display, type 3
frame 1552: 55178 us total, 11463 us display, type 3
frame 1553: 44974 us total, 11465 us display, type 3
frame 1554: 56785 us total, 11466 us display, type 3
frame 1555: 47733 us total, 11469 us display, type 3
frame 1556: 57923 us total, 11473 us display, type 3
frame 1557: 62487 us total, 11459 us display, type 3
frame 1558: 60769 us total, 11470 us display, type 3
frame 1559: 60952 us total, 11626 us display, type 3
frame 1560: 48989 us total, 11468 us display, type 3
frame 1561: 59992 us total, 11473 us display, type 3
frame 1562: 61199 us total, 11459 us display, type 3
frame 1563: 59593 us total, 11464 us display, type 3
frame 1564: 59913 us total, 11469 us display, type 3
frame 1565: 58588 us total, 11460 us display, type 3
frame 1566: 48742 us total, 11474 us display, type 3
frame 1567: 60563 us total, 11461 us display, type 3
frame 1568: 59205 us total, 11467 us display, type 3
frame 1569: 44574 us total, 11465 us display, type 3
frame 1570: 56266 us total, 11471 us display, type 3
frame 1571: 45912 us total, 11458 us display, type 3
frame 1572: 54158 us total, 11470 us display, type 3
frame 1573: 46142 us total, 11499 us display, type 3
frame 1574: 57921 us total, 11462 us display, type 3
frame 1575: 46116 us total, 11474 us display, type 3
frame 1576: 55721 us total, 11462 us display, type 3
frame 1577: 44880 us total, 11579 us display, type 3
frame 1578: 43572 us total, 11473 us display, type 3
frame 1579: 43581 us total, 11466 us display, type 3
frame 1580: 52774 us total, 11465 us display, type 3
frame 1581: 42308 us total, 11459 us display, type 3
frame 1582: 41935 us total, 11463 us display, type 3
frame 1583: 42623 us total, 11453 us display, type 3
frame 1584: 40583 us total, 11471 us display, type 3
frame 1585: 42708 us total, 11469 us display, type 3
frame 1586: 43624 us total, 11475 us display, type 3
frame 1587: 55734 us total, 11477 us display, type 3
frame 1588: 44803 us total, 11458 us display, type 3
frame 1589: 42782 us total, 11464 us display, type 3
frame 1590: 44339 us total, 11472 us display, type 3
frame 1591: 56433 us total, 11465 us display, type 3
frame 1592: 45633 us total, 11474 us display, type 3
frame 1593: 56573 us total, 11467 us display, type 3
frame 1594: 42589 us total, 11459 us display, type 3
frame 1595: 40947 us total, 11468 us display, type 3
frame 1596: 42237 us total, 11461 us display, type 3
frame 1597: 42773 us total, 11473 us display, type 3
frame 1598: 43104 us total, 11466 us display, type 3
frame 1599: 41850 us total, 11498 us display, type 3
frame 1600: 52491 us total, 11475 us display, type 3
frame 1601: 43273 us total, 11457 us display, type 3
frame 1602: 42810 us total, 11462 us display, type 3
frame 1603: 43424 us total, 11457 us display, type 3
frame 1604: 42241 us total, 11670 us display, type 3
frame 1605: 44143 us total, 11447 us display, type 3
frame 1606: 41298 us total, 11465 us display, type 3
frame 1607: 50709 us total, 11454 us display, type 3
frame 1608: 41201 us total, 11460 us display, type 3
frame 1609: 40429 us total, 11468 us display, type 3
frame 1610: 40869 us total, 11554 us display, type 3
frame 1611: 41575 us total, 11456 us display, type 3
frame 1612: 29489 us total, 11459 us display, type 3
frame 1613: 38743 us total, 11470 us display, type 3
frame 1614: 40871 us total, 11456 us display, type 3
frame 1615: 40168 us total, 11458 us display, type 3
frame 1616: 39181 us total, 11461 us display, type 3
frame 1617: 39081 us total, 11465 us display, type 3
frame 1618: 38682 us total, 11471 us display, type 3
frame 1619: 30232 us total, 11461 us display, type 3
frame 1620: 37317 us total, 11454 us display, type 3
frame 1621: 38457 us total, 11469 us display, type 3
frame 1622: 37815 us total, 11467 us display, type 3
frame 1623: 29937 us total, 11460 us display, type 3
frame 1624: 36856 us total, 11460 us display, type 3
frame 1625: 38083 us total, 11671 us display, type 3
frame 1626: 28335 us total, 11454 us display, type 3
frame 1627: 36490 us total, 11470 us display, type 3
frame 1628: 41435 us total, 11458 us display, type 3
frame 1629: 38213 us total, 11464 us display, type 3
frame 1630: 29918 us total, 11461 us display, type 3
frame 1631: 38090 us total, 11521 us display, type 3
frame 1632: 38642 us total, 11454 us display, type 3
frame 1633: 39285 us total, 11453 us display, type 3
frame 1634: 29593 us total, 11454 us display, type 3
frame 1635: 39067 us total, 11466 us display, type 3
frame 1636: 39472 us total, 11459 us display, type 3
frame 1637: 40415 us total, 11463 us display, type 3
frame 1638: 40043 us total, 11450 us display, type 3
frame 1639: 39083 us total, 11581 us display, type 3
frame 1640: 29267 us total, 11597 us display, type 3
frame 1641: 39721 us total, 11453 us display, type 3
frame 1642: 39301 us total, 11458 us display, type 3
frame 1643: 38219 us total, 11464 us display, type 3
frame 1644: 39940 us total, 11468 us display, type 3
frame 1645: 38189 us total, 11461 us display, type 3
frame 1646: 28962 us total, 11462 us display, type 3
frame 1647: 37665 us total, 11504 us display, type 3
frame 1648: 39516 us total, 11452 us display, type 3
frame 1649: 37283 us total, 11452 us display, type 3
frame 1650: 27974 us total, 11456 us display, type 3
frame 1651: 37810 us total, 11454 us display, type 3
frame 1652: 37674 us total, 11466 us display, type 3
frame 1653: 27798 us total, 11462 us display, type 3
frame 1654: 37502 us total, 11466 us display, type 3
frame 1655: 38481 us total, 11476 us display, type 3
frame 1656: 42570 us total, 11458 us display, type 3
frame 1657: 40197 us total, 11461 us display, type 3
frame 1658: 39432 us total, 11474 us display, type 3
frame 1659: 41602 us total, 11464 us display, type 3
frame 1660: 40080 us total, 11467 us display, type 3
frame 1661: 31456 us total, 11468 us display, type 3
frame 1662: 41251 us total, 11462 us display, type 3
frame 1663: 39547 us total, 11467 us display, type 3
