[0;32mI (153) gpio: GPIO[15]| InputEn: 0| OutputEn: 1| OpenDraiESP-ROM:esp32c6-20220919
Build:Sep 19 2022
rst:0x15 (USB_UART_HPSYS),boot:0x2c (SPI_FAST_FLASH_BOOT)
Saved PC:0x4002087a
SPIWP:0xee
mode:DIO, clock div:2
load:0x40875720,len:0x1a5c
load:0x4086c110,len:0xf58
load:0x4086e610,len:0x3074
entry 0x4086c11a
[0;32mI (23) boot: ESP-IDF v5.3.4 2nd stage bootloader[0m
[0;32mI (23) boot: compile time Sep 14 2026 20:44:32[0m
[0;32mI (23) boot: chip revision: v0.2[0m
[0;32mI (24) boot: efuse block revision: v0.3[0m
[0;32mI (24) qio_mode: Enabling QIO for flash chip WinBond[0m
[0;32mI (24) boot.esp32c6: SPI Speed      : 80MHz[0m
[0;32mI (25) boot.esp32c6: SPI Mode       : QIO[0m
[0;32mI (25) boot.esp32c6: SPI Flash Size : 16MB[0m
[0;32mI (25) boot: Enabling RNG early entropy source...[0m
[0;32mI (26) boot: Partition Table:[0m
[0;32mI (26) boot: ## Label            Usage          Type ST Offset   Length[0m
[0;32mI (26) boot:  0 nvs              WiFi data        01 02 00009000 00006000[0m
[0;32mI (27) boot:  1 phy_init         RF data          01 01 0000f000 00001000[0m
[0;32mI (28) boot:  2 factory          factory app      00 00 00010000 00200000[0m
[0;32mI (28) boot:  3 wad              Unknown data     01 40 00210000 00400000[0m
[0;32mI (29) boot:  4 saves            WiFi data        01 02 00610000 00020000[0m
[0;32mI (29) boot: End of partition table[0m
[0;32mI (30) esp_image: segment 0: paddr=00010020 vaddr=42050020 size=269b4h (158132) map[0m
[0;32mI (59) esp_image: segment 1: paddr=000369dc vaddr=40800000 size=0963ch ( 38460) load[0m
[0;32mI (67) esp_image: segment 2: paddr=00040020 vaddr=42000020 size=49564h (300388) map[0m
[0;32mI (122) esp_image: segment 3: paddr=0008958c vaddr=4080963c size=03aa8h ( 15016) load[0m
[0;32mI (126) esp_image: segment 4: paddr=0008d03c vaddr=4080d0f0 size=0236ch (  9068) load[0m
[0;32mI (128) esp_image: segment 5: paddr=0008f3b0 vaddr=50000000 size=00004h (     4) load[0m
[0;32mI (132) boot: Loaded app from partition at offset 0x10000[0m
[0;32mI (132) boot: Disabling RNG early entropy source...[0m
[0;32mI (134) cpu_start: Unicore app[0m
[0;32mI (143) cpu_start: Pro cpu start user code[0m
[0;32mI (143) cpu_start: cpu freq: 160000000 Hz[0m
[0;32mI (143) app_init: Application information:[0m
[0;32mI (143) app_init: Project name:     diablito[0m
[0;32mI (143) app_init: App version:      1[0m
[0;32mI (144) app_init: Compile time:     Sep 14 2026 20:44:33[0m
[0;32mI (144) app_init: ELF file SHA256:  f5500737a...[0m
[0;32mI (144) app_init: ESP-IDF:          v5.3.4[0m
[0;32mI (144) efuse_init: Min chip rev:     v0.0[0m
[0;32mI (145) efuse_init: Max chip rev:     v0.99 [0m
[0;32mI (145) efuse_init: Chip rev:         v0.2[0m
[0;32mI (145) heap_init: Initializing. RAM available for dynamic allocation:[0m
[0;32mI (146) heap_init: At 4083D170 len 0003F4A0 (253 KiB): RAM[0m
[0;32mI (146) heap_init: At 4087C610 len 00002F54 (11 KiB): RAM[0m
[0;32mI (146) heap_init: At 50000004 len 00003FE4 (15 KiB): RTCRAM[0m
[0;32mI (147) spi_flash: detected chip: generic[0m
[0;32mI (147) spi_flash: flash io: qio[0m
[0;32mI (148) sleep: Configure to isolate all GPIO pins in sleep state[0m
[0;32mI (148) sleep: Enable automatic switching of GPIO sleep configuration[0m
[0;32mI (149) coexist: coex firmware version: a13b09d[0m
[0;32mI (149) coexist: coexist rom version 5b8dcfa[0m
[0;32mI (149) main_task: Started on CPU0[0m
[0;32mI (149) main_task: Calling app_main()[0m
[0;32mI (149) gpio: GPIO[15]| InputEn: 0| OutputEn: 1| OpenDrain: 0| Pullup: 0| Pulldown: 0| Intr:0 [0m
[0;32mI (149) gpio: GPIO[9]| InputEn: 1| OutputEn: 0| OpenDrain: 0| Pullup: 1| Pulldown: 0| Intr:0 [0m
[0;32mI (149) gpio: GPIO[18]| InputEn: 1| OutputEn: 0| OpenDrain: 0| Pullup: 1| Pulldown: 0| Intr:0 [0m
[0;32mI (150) gpio: GPIO[0]| InputEn: 0| OutputEn: 0| OpenDrain: 0| Pullup: 0| Pulldown: 0| Intr:0 [0m
[0;32mI (150) DIABLITO: DIABLITO skeleton, IDF v5.3.4, CPU 160 MHz[0m
[0;32mI (150) DIABLITO: heap at boot: free 239892, largest block 212992, min ever 239892, dma-capable 225292[0m
[0;32mI (151) gpio: GPIO[3]| InputEn: 0| OutputEn: 1| OpenDrain: 0| Pullup: 0| Pulldown: 0| Intr:0 [0m
[0;32mI (151) gpio: GPIO[4]| InputEn: 0| OutputEn: 1| OpenDrain: 0| Pullup: 0| Pulldown: 0| Intr:0 [0m
[0;32mI (655) DISPLAY: ST7789 up: 280x240 landscape, SPI 80 MHz, 2 x 8960 B DMA strips[0m
[0;32mI (655) DIABLITO: heap after display: free 220408, largest block 192512, min ever 220408, dma-capable 205808[0m
[0;32mI (670) DIABLITO: test pattern: full 280x240 frame in 14627 us (3964 us of that blocked on DMA)[0m
[0;32mI (671) DIABLITO: wad partition @0x210000 size 4194304: magic IWHD, 1264 lumps, infotable @36, file 2073676 bytes[0m
[0;32mI (671) DIABLITO: WHD mapped at 0x42080000, header via mmap: IWHD ·©ÔUDOOM1[0m
[0;32mI (672) DIABLITO: heap after wad mmap: free 219776, largest block 192512, min ever 219776, dma-capable 205176[0m
[0;32mI (759) DIABLITO: flash sequential: 2073676 bytes in 87423 us = 23.7 MB/s (sum 2b131da9)[0m
[0;32mI (1019) DIABLITO: flash random 4-byte reads over 2025 KB: 200000 in 259538 us = 1297 ns each (sum bd7201a8)[0m
[0;32mI (1036) DIABLITO: sram random 4-byte reads over 64 KB: 200000 in 13851 us = 69 ns each (sum da2f5ee5)[0m
[0;32mI (1172) DIABLITO: flash random 4-byte reads over 64 KB (cache-resident?): 200000 in 135161 us = 675 ns each (sum da2f5ee5)[0m
[0;32mI (1172) DIABLITO: heap after bench: free 219560, largest block 192512, min ever 154020, dma-capable 204960[0m
[0;32mI (1173) DIABLITO: main task stack high-water: 31240 bytes free[0m
[0;32mI (1174) DIABLITO: .bss ends at 0x4083d170 (short-pointer window ends at 0x40840000, 11920 bytes spare)[0m
[0;32mI (1174) DIABLITO: starting Doom[0m
                          DIABLITO Doom 3.0.0
Z_Init: Init zone memory allocation daemon. 
zone memory: 0x40824194, 18000 allocated for zone
M_LoadDefaults: Load system defaults.
W_Init: Init WADfiles.
===========================================================================
                            DOOM Shareware
===========================================================================
 DIABLITO Doom is free software, covered by the GNU General Public
 License.  There is NO warranty; not even for MERCHANTABILITY or FITNESS
 FOR A PARTICULAR PURPOSE. You are welcome to change and distribute
 copies under certain conditions. See the source for more information.
===========================================================================
I_Init: Setting up machine state.
M_Init: Init miscellaneous info.
R_Init: Init DOOM refresh daemon - .........
P_Init: Init Playloop state.
S_Init: Setting up sound.
D_CheckNetGame: Checking network game status.
Emulating the behavior of the 'Doom 1.9' executable.
HU_Init: Setting up heads up display.
ST_Init: Init status bar.
frame 2: 33773 us total, 11717 us display, type 4
frame 3: 12232 us total, 11657 us display, type 4
frame 4: 16964 us total, 11664 us display, type 4
frame 5: 28995 us total, 11664 us display, type 4
frame 6: 29001 us total, 11664 us display, type 4
frame 7: 27998 us total, 11664 us display, type 4
frame 8: 29001 us total, 11664 us display, type 4
frame 9: 28000 us total, 11663 us display, type 4
frame 10: 28999 us total, 11664 us display, type 4
frame 11: 28001 us total, 11664 us display, type 4
frame 12: 29000 us total, 11663 us display, type 4
frame 13: 28999 us total, 11664 us display, type 4
frame 14: 28001 us total, 11664 us display, type 4
frame 15: 29000 us total, 11663 us display, type 4
frame 16: 27999 us total, 11664 us display, type 4
frame 17: 29001 us total, 11664 us display, type 4
frame 18: 28001 us total, 11664 us display, type 4
frame 19: 28998 us total, 11664 us display, type 4
frame 20: 29001 us total, 11664 us display, type 4
frame 21: 28001 us total, 11664 us display, type 4
frame 22: 28998 us total, 11664 us display, type 4
frame 23: 28001 us total, 11664 us display, type 4
frame 24: 29001 us total, 11664 us display, type 4
frame 25: 27998 us total, 11664 us display, type 4
frame 26: 29001 us total, 11664 us display, type 4
frame 27: 29001 us total, 11664 us display, type 4
frame 28: 27998 us total, 11664 us display, type 4
frame 29: 29001 us total, 11664 us display, type 4
frame 30: 28001 us total, 11664 us display, type 4
frame 31: 28998 us total, 11664 us display, type 4
frame 32: 28001 us total, 11664 us display, type 4
frame 33: 29000 us total, 11663 us display, type 4
frame 34: 28999 us total, 11664 us display, type 4
frame 35: 28001 us total, 11664 us display, type 4
frame 36: 29001 us total, 11664 us display, type 4
frame 37: 27998 us total, 11664 us display, type 4
frame 38: 29001 us total, 11664 us display, type 4
frame 39: 28001 us total, 11664 us display, type 4
frame 40: 28998 us total, 11664 us display, type 4
frame 41: 29001 us total, 11664 us display, type 4
frame 42: 28001 us total, 11664 us display, type 4
frame 43: 28998 us total, 11664 us display, type 4
frame 44: 28001 us total, 11664 us display, type 4
frame 45: 29000 us total, 11663 us display, type 4
frame 46: 27999 us total, 11664 us display, type 4
frame 47: 29001 us total, 11664 us display, type 4
frame 48: 29001 us total, 11664 us display, type 4
frame 49: 27998 us total, 11664 us display, type 4
frame 50: 29001 us total, 11664 us display, type 4
frame 51: 28000 us total, 11663 us display, type 4
frame 52: 28999 us total, 11664 us display, type 4
frame 53: 28001 us total, 11664 us display, type 4
frame 54: 29001 us total, 11664 us display, type 4
frame 55: 28998 us total, 11664 us display, type 4
frame 56: 28001 us total, 11664 us display, type 4
frame 57: 29000 us total, 11663 us display, type 4
frame 58: 27999 us total, 11664 us display, type 4
frame 59: 29001 us total, 11664 us display, type 4
frame 60: 28001 us total, 11664 us display, type 4
frame 61: 28998 us total, 11664 us display, type 4
frame 62: 29001 us total, 11664 us display, type 4
frame 63: 28001 us total, 11664 us display, type 4
frame 64: 28998 us total, 11664 us display, type 4
frame 65: 28001 us total, 11664 us display, type 4
frame 66: 29001 us total, 11664 us display, type 4
frame 67: 27998 us total, 11664 us display, type 4
frame 68: 29001 us total, 11664 us display, type 4
frame 69: 29001 us total, 11664 us display, type 4
frame 70: 27998 us total, 11664 us display, type 4
frame 71: 29001 us total, 11664 us display, type 4
frame 72: 28001 us total, 11664 us display, type 4
frame 73: 28998 us total, 11664 us display, type 4
frame 74: 28001 us total, 11664 us display, type 4
frame 75: 29000 us total, 11663 us display, type 4
frame 76: 28999 us total, 11664 us display, type 4
frame 77: 28001 us total, 11664 us display, type 4
frame 78: 29001 us total, 11664 us display, type 4
frame 79: 27998 us total, 11664 us display, type 4
frame 80: 29001 us total, 11664 us display, type 4
frame 81: 28001 us total, 11664 us display, type 4
frame 82: 28998 us total, 11664 us display, type 4
frame 83: 29001 us total, 11664 us display, type 4
frame 84: 28001 us total, 11664 us display, type 4
frame 85: 28998 us total, 11664 us display, type 4
frame 86: 28001 us total, 11664 us display, type 4
frame 87: 29000 us total, 11663 us display, type 4
frame 88: 27999 us total, 11664 us display, type 4
frame 89: 29001 us total, 11664 us display, type 4
frame 90: 29001 us total, 11664 us display, type 4
frame 91: 27998 us total, 11664 us display, type 4
frame 92: 29001 us total, 11664 us display, type 4
frame 93: 28000 us total, 11663 us display, type 4
frame 94: 28999 us total, 11664 us display, type 4
frame 95: 28001 us total, 11664 us display, type 4
frame 96: 29001 us total, 11664 us display, type 4
frame 97: 28998 us total, 11664 us display, type 4
frame 98: 28001 us total, 11664 us display, type 4
frame 99: 29000 us total, 11663 us display, type 4
frame 100: 27999 us total, 11664 us display, type 4
frame 101: 29001 us total, 11664 us display, type 4
frame 102: 28001 us total, 11664 us display, type 4
frame 103: 28998 us total, 11664 us display, type 4
frame 104: 29001 us total, 11664 us display, type 4
frame 105: 28001 us total, 11664 us display, type 4
frame 106: 28998 us total, 11664 us display, type 4
frame 107: 28001 us total, 11664 us display, type 4
frame 108: 29001 us total, 11664 us display, type 4
frame 109: 27998 us total, 11664 us display, type 4
frame 110: 29001 us total, 11664 us display, type 4
frame 111: 29001 us total, 11664 us display, type 4
frame 112: 27998 us total, 11664 us display, type 4
frame 113: 29001 us total, 11664 us display, type 4
frame 114: 28001 us total, 11664 us display, type 4
frame 115: 28998 us total, 11664 us display, type 4
frame 116: 28001 us total, 11664 us display, type 4
frame 117: 29000 us total, 11663 us display, type 4
frame 118: 28999 us total, 11664 us display, type 4
frame 119: 28001 us total, 11664 us display, type 4
frame 120: 29001 us total, 11664 us display, type 4
frame 121: 27998 us total, 11664 us display, type 4
frame 122: 29001 us total, 11664 us display, type 4
frame 123: 28001 us total, 11664 us display, type 4
frame 124: 28998 us total, 11664 us display, type 4
frame 125: 29001 us total, 11664 us display, type 4
frame 126: 28001 us total, 11664 us display, type 4
frame 127: 28998 us total, 11664 us display, type 4
frame 128: 28001 us total, 11664 us display, type 4
frame 129: 29000 us total, 11663 us display, type 4
frame 130: 27999 us total, 11664 us display, type 4
frame 131: 29001 us total, 11664 us display, type 4
frame 132: 29001 us total, 11664 us display, type 4
frame 133: 27998 us total, 11664 us display, type 4
frame 134: 29001 us total, 11664 us display, type 4
frame 135: 28000 us total, 11663 us display, type 4
frame 136: 28999 us total, 11664 us display, type 4
frame 137: 28001 us total, 11664 us display, type 4
frame 138: 29001 us total, 11664 us display, type 4
frame 139: 28998 us total, 11664 us display, type 4
frame 140: 28001 us total, 11664 us display, type 4
frame 141: 29000 us total, 11663 us display, type 4
frame 142: 27999 us total, 11664 us display, type 4
frame 143: 29001 us total, 11664 us display, type 4
frame 144: 28001 us total, 11664 us display, type 4
frame 145: 28998 us total, 11664 us display, type 4
frame 146: 29001 us total, 11664 us display, type 4
frame 147: 28001 us total, 11664 us display, type 4
frame 148: 28998 us total, 11664 us display, type 4
frame 149: 28001 us total, 11664 us display, type 4
frame 150: 29001 us total, 11664 us display, type 4
frame 151: 27998 us total, 11664 us display, type 4
frame 152: 29001 us total, 11664 us display, type 4
frame 153: 29001 us total, 11664 us display, type 4
frame 154: 27998 us total, 11664 us display, type 4
frame 155: 29001 us total, 11664 us display, type 4
frame 156: 28001 us total, 11664 us display, type 4
frame 157: 28998 us total, 11664 us display, type 4
frame 158: 28001 us total, 11664 us display, type 4
frame 159: 29000 us total, 11663 us display, type 4
frame 160: 28999 us total, 11664 us display, type 4
frame 161: 28001 us total, 11664 us display, type 4
frame 162: 29001 us total, 11664 us display, type 4
frame 163: 27998 us total, 11664 us display, type 4
frame 164: 29001 us total, 11664 us display, type 4
frame 165: 28001 us total, 11664 us display, type 4
frame 166: 28998 us total, 11664 us display, type 4
frame 167: 29001 us total, 11664 us display, type 4
frame 168: 28001 us total, 11664 us display, type 4
frame 169: 59175 us total, 12137 us display, type 5
frame 170: 12909 us total, 12080 us display, type 5
frame 171: 12782 us total, 12078 us display, type 5
frame 172: 12793 us total, 12076 us display, type 5
frame 173: 12778 us total, 12073 us display, type 5
frame 174: 12781 us total, 12074 us display, type 5
frame 175: 12760 us total, 12061 us display, type 5
frame 176: 12769 us total, 12057 us display, type 5
frame 177: 12763 us total, 12055 us display, type 5
frame 178: 12761 us total, 12045 us display, type 5
frame 179: 12754 us total, 12051 us display, type 5
frame 180: 12765 us total, 12048 us display, type 5
frame 181: 12766 us total, 12053 us display, type 5
frame 182: 12755 us total, 12037 us display, type 5
frame 183: 12749 us total, 12042 us display, type 5
frame 184: 12758 us total, 12039 us display, type 5
frame 185: 12751 us total, 12036 us display, type 5
frame 186: 12747 us total, 12026 us display, type 5
frame 187: 12740 us total, 12030 us display, type 5
frame 188: 12750 us total, 12028 us display, type 5
frame 189: 12750 us total, 12032 us display, type 5
frame 190: 12740 us total, 12016 us display, type 5
frame 191: 12732 us total, 12021 us display, type 5
frame 192: 12750 us total, 12026 us display, type 5
frame 193: 12737 us total, 12018 us display, type 5
frame 194: 12736 us total, 12010 us display, type 5
frame 195: 12729 us total, 12016 us display, type 5
frame 196: 12744 us total, 12017 us display, type 5
frame 197: 12736 us total, 12016 us display, type 5
frame 198: 12743 us total, 12023 us display, type 5
frame 199: 12731 us total, 12017 us display, type 5
frame 200: 12744 us total, 12017 us display, type 5
frame 201: 20700 us total, 12056 us display, type 5
frame 202: 12818 us total, 12023 us display, type 5
frame 203: 12738 us total, 12024 us display, type 5
frame 204: 12744 us total, 12017 us display, type 5
frame 205: 12741 us total, 12021 us display, type 5
frame 206: 12736 us total, 12016 us display, type 5
frame 207: 12737 us total, 12016 us display, type 5
frame 208: 12748 us total, 12020 us display, type 5
frame 209: 13781 us total, 12022 us display, type 5
frame 210: 12749 us total, 12016 us display, type 5
frame 211: 12737 us total, 12016 us display, type 5
frame 212: 12743 us total, 12017 us display, type 5
frame 213: 12737 us total, 12016 us display, type 5
frame 214: 12736 us total, 12017 us display, type 5
frame 215: 12738 us total, 12018 us display, type 5
frame 216: 12743 us total, 12016 us display, type 5
frame 217: 12737 us total, 12017 us display, type 5
frame 218: 12740 us total, 12021 us display, type 5
frame 219: 12737 us total, 12017 us display, type 5
frame 220: 12748 us total, 12021 us display, type 5
frame 221: 12725 us total, 12009 us display, type 5
frame 222: 12732 us total, 12017 us display, type 5
frame 223: 12729 us total, 12016 us display, type 5
frame 224: 12741 us total, 12021 us display, type 5
frame 225: 12729 us total, 12016 us display, type 5
frame 226: 12728 us total, 12017 us display, type 5
frame 227: 12728 us total, 12016 us display, type 5
frame 228: 12740 us total, 12023 us display, type 5
frame 229: 12728 us total, 12024 us display, type 5
frame 230: 12732 us total, 12016 us display, type 5
frame 231: 12726 us total, 12017 us display, type 5
frame 232: 12730 us total, 12016 us display, type 5
frame 233: 12717 us total, 12017 us display, type 5
frame 234: 12736 us total, 12023 us display, type 5
frame 235: 12722 us total, 12017 us display, type 5
frame 236: 12722 us total, 12010 us display, type 5
frame 237: 12713 us total, 12017 us display, type 5
frame 238: 12727 us total, 12017 us display, type 5
frame 239: 12719 us total, 12017 us display, type 5
frame 240: 12718 us total, 12016 us display, type 5
frame 241: 12719 us total, 12017 us display, type 5
frame 242: 12497 us total, 11660 us display, type 3
frame 243: 36806 us total, 11710 us display, type 3
frame 244: 32145 us total, 11709 us display, type 3
frame 245: 32255 us total, 11716 us display, type 3
frame 246: 32135 us total, 11718 us display, type 3
frame 247: 34548 us total, 11717 us display, type 3
frame 248: 33804 us total, 11710 us display, type 3
frame 249: 34257 us total, 11710 us display, type 3
frame 250: 34034 us total, 11711 us display, type 3
frame 251: 34658 us total, 11711 us display, type 3
frame 252: 34791 us total, 11717 us display, type 3
frame 253: 34168 us total, 11716 us display, type 3
frame 254: 35350 us total, 11710 us display, type 3
frame 255: 35012 us total, 11710 us display, type 3
frame 256: 34356 us total, 11717 us display, type 3
frame 257: 34313 us total, 11710 us display, type 3
frame 258: 34082 us total, 11710 us display, type 3
frame 259: 34631 us total, 11717 us display, type 3
frame 260: 34316 us total, 11710 us display, type 3
frame 261: 34140 us total, 11710 us display, type 3
frame 262: 34663 us total, 11724 us display, type 3
frame 263: 35027 us total, 11717 us display, type 3
frame 264: 34396 us total, 11718 us display, type 3
frame 265: 34302 us total, 11716 us display, type 3
frame 266: 34867 us total, 11717 us display, type 3
frame 267: 37187 us total, 11724 us display, type 3
frame 268: 35361 us total, 11717 us display, type 3
frame 269: 35363 us total, 11710 us display, type 3
frame 270: 36071 us total, 11717 us display, type 3
frame 271: 36699 us total, 11711 us display, type 3
frame 272: 34506 us total, 11725 us display, type 3
frame 273: 33506 us total, 11718 us display, type 3
frame 274: 34492 us total, 11724 us display, type 3
frame 275: 32714 us total, 11710 us display, type 3
frame 276: 31192 us total, 11717 us display, type 3
frame 277: 30454 us total, 11718 us display, type 3
frame 278: 30102 us total, 11710 us display, type 3
frame 279: 29320 us total, 11717 us display, type 3
frame 280: 29563 us total, 11710 us display, type 3
frame 281: 28596 us total, 11717 us display, type 3
frame 282: 27499 us total, 11717 us display, type 3
frame 283: 27418 us total, 11717 us display, type 3
frame 284: 26573 us total, 11717 us display, type 3
frame 285: 27757 us total, 11716 us display, type 3
frame 286: 26665 us total, 11722 us display, type 3
frame 287: 25746 us total, 11709 us display, type 3
frame 288: 25771 us total, 11712 us display, type 3
frame 289: 25459 us total, 11715 us display, type 3
frame 290: 26221 us total, 11716 us display, type 3
frame 291: 28129 us total, 11715 us display, type 3
frame 292: 27444 us total, 11706 us display, type 3
frame 293: 30862 us total, 11710 us display, type 3
frame 294: 28754 us total, 11717 us display, type 3
frame 295: 28106 us total, 11706 us display, type 3
frame 296: 27065 us total, 11707 us display, type 3
frame 297: 29041 us total, 11709 us display, type 3
frame 298: 29456 us total, 11717 us display, type 3
frame 299: 28984 us total, 11718 us display, type 3
frame 300: 28001 us total, 11717 us display, type 3
frame 301: 27988 us total, 11715 us display, type 3
frame 302: 29293 us total, 11715 us display, type 3
frame 303: 31905 us total, 11718 us display, type 3
frame 304: 29229 us total, 11718 us display, type 3
frame 305: 30822 us total, 11717 us display, type 3
frame 306: 31614 us total, 11710 us display, type 3
frame 307: 30702 us total, 11712 us display, type 3
frame 308: 31448 us total, 11718 us display, type 3
frame 309: 32429 us total, 11717 us display, type 3
frame 310: 31654 us total, 11717 us display, type 3
frame 311: 31466 us total, 11717 us display, type 3
frame 312: 32319 us total, 11707 us display, type 3
frame 313: 31757 us total, 11712 us display, type 3
frame 314: 35149 us total, 11710 us display, type 3
frame 315: 36277 us total, 11717 us display, type 3
frame 316: 35574 us total, 11715 us display, type 3
frame 317: 37156 us total, 11710 us display, type 3
frame 318: 38835 us total, 11717 us display, type 3
frame 319: 40167 us total, 11711 us display, type 3
frame 320: 36469 us total, 11724 us display, type 3
frame 321: 39711 us total, 11724 us display, type 3
frame 322: 39148 us total, 11724 us display, type 3
frame 323: 36295 us total, 11717 us display, type 3
frame 324: 40366 us total, 11717 us display, type 3
frame 325: 38370 us total, 11718 us display, type 3
frame 326: 36266 us total, 11716 us display, type 3
frame 327: 41158 us total, 11710 us display, type 3
frame 328: 40404 us total, 11717 us display, type 3
frame 329: 38980 us total, 11724 us display, type 3
frame 330: 44138 us total, 11717 us display, type 3
frame 331: 43198 us total, 11718 us display, type 3
frame 332: 43755 us total, 11717 us display, type 3
frame 333: 42150 us total, 11717 us display, type 3
frame 334: 45007 us total, 11717 us display, type 3
frame 335: 40354 us total, 11714 us display, type 3
frame 336: 43953 us total, 11710 us display, type 3
frame 337: 44997 us total, 11710 us display, type 3
frame 338: 45502 us total, 11717 us display, type 3
frame 339: 45763 us total, 11717 us display, type 3
frame 340: 44135 us total, 11717 us display, type 3
frame 341: 47304 us total, 11718 us display, type 3
frame 342: 44674 us total, 11717 us display, type 3
frame 343: 48686 us total, 11710 us display, type 3
frame 344: 46029 us total, 11710 us display, type 3
frame 345: 45260 us total, 11710 us display, type 3
frame 346: 49344 us total, 11718 us display, type 3
frame 347: 49703 us total, 11717 us display, type 3
frame 348: 46507 us total, 11717 us display, type 3
frame 349: 49869 us total, 11717 us display, type 3
frame 350: 45157 us total, 11717 us display, type 3
frame 351: 43474 us total, 11717 us display, type 3
frame 352: 40363 us total, 11717 us display, type 3
frame 353: 39068 us total, 11717 us display, type 3
frame 354: 37873 us total, 11718 us display, type 3
frame 355: 39482 us total, 11717 us display, type 3
frame 356: 37856 us total, 11717 us display, type 3
frame 357: 37706 us total, 11724 us display, type 3
frame 358: 36244 us total, 11711 us display, type 3
frame 359: 36128 us total, 11711 us display, type 3
frame 360: 35247 us total, 11717 us display, type 3
frame 361: 36915 us total, 11710 us display, type 3
frame 362: 34832 us total, 11718 us display, type 3
frame 363: 35425 us total, 11717 us display, type 3
frame 364: 34430 us total, 11717 us display, type 3
frame 365: 35226 us total, 11710 us display, type 3
frame 366: 34238 us total, 11717 us display, type 3
frame 367: 34161 us total, 11724 us display, type 3
frame 368: 33949 us total, 11717 us display, type 3
frame 369: 33839 us total, 11717 us display, type 3
frame 370: 34969 us total, 11710 us display, type 3
frame 371: 35290 us total, 11717 us display, type 3
frame 372: 35703 us total, 11710 us display, type 3
frame 373: 34851 us total, 11710 us display, type 3
frame 374: 36264 us total, 11717 us display, type 3
frame 375: 35304 us total, 11717 us display, type 3
frame 376: 35097 us total, 11718 us display, type 3
frame 377: 35403 us total, 11715 us display, type 3
frame 378: 36481 us total, 11724 us display, type 3
frame 379: 36881 us total, 11717 us display, type 3
frame 380: 35344 us total, 11710 us display, type 3
frame 381: 35816 us total, 11717 us display, type 3
frame 382: 41303 us total, 11711 us display, type 3
frame 383: 37508 us total, 11724 us display, type 3
frame 384: 38587 us total, 11717 us display, type 3
frame 385: 40425 us total, 11717 us display, type 3
frame 386: 37989 us total, 11724 us display, type 3
frame 387: 41078 us total, 11723 us display, type 3
frame 388: 41264 us total, 11710 us display, type 3
frame 389: 40739 us total, 11717 us display, type 3
frame 390: 40745 us total, 11718 us display, type 3
frame 391: 40561 us total, 11710 us display, type 3
frame 392: 41810 us total, 11718 us display, type 3
frame 393: 40600 us total, 11716 us display, type 3
frame 394: 41375 us total, 11717 us display, type 3
frame 395: 40318 us total, 11710 us display, type 3
frame 396: 41131 us total, 11711 us display, type 3
frame 397: 41416 us total, 11717 us display, type 3
frame 398: 38742 us total, 11717 us display, type 3
frame 399: 41007 us total, 11717 us display, type 3
frame 400: 38779 us total, 11710 us display, type 3
frame 401: 38810 us total, 11710 us display, type 3
frame 402: 39152 us total, 11710 us display, type 3
frame 403: 38455 us total, 11717 us display, type 3
frame 404: 35917 us total, 11717 us display, type 3
frame 405: 37168 us total, 11725 us display, type 3
frame 406: 37305 us total, 11713 us display, type 3
frame 407: 36706 us total, 11723 us display, type 3
frame 408: 41208 us total, 11724 us display, type 3
frame 409: 37693 us total, 11717 us display, type 3
frame 410: 36672 us total, 11718 us display, type 3
frame 411: 40297 us total, 11717 us display, type 3
frame 412: 37931 us total, 11717 us display, type 3
frame 413: 36616 us total, 11711 us display, type 3
frame 414: 40644 us total, 11724 us display, type 3
frame 415: 38794 us total, 11717 us display, type 3
frame 416: 40600 us total, 11710 us display, type 3
frame 417: 41553 us total, 11717 us display, type 3
frame 418: 41587 us total, 11710 us display, type 3
frame 419: 41969 us total, 11717 us display, type 3
frame 420: 40047 us total, 11711 us display, type 3
frame 421: 42691 us total, 11710 us display, type 3
frame 422: 40784 us total, 11717 us display, type 3
frame 423: 42883 us total, 11717 us display, type 3
frame 424: 39399 us total, 11713 us display, type 3
frame 425: 40631 us total, 11724 us display, type 3
frame 426: 40789 us total, 11717 us display, type 3
frame 427: 38817 us total, 11710 us display, type 3
frame 428: 38162 us total, 11724 us display, type 3
frame 429: 37940 us total, 11717 us display, type 3
frame 430: 39329 us total, 11717 us display, type 3
frame 431: 37185 us total, 11721 us display, type 3
frame 432: 40790 us total, 11717 us display, type 3
frame 433: 40859 us total, 11717 us display, type 3
frame 434: 40546 us total, 11711 us display, type 3
frame 435: 41144 us total, 11718 us display, type 3
frame 436: 40180 us total, 11717 us display, type 3
frame 437: 39773 us total, 11717 us display, type 3
frame 438: 39098 us total, 11710 us display, type 3
frame 439: 38710 us total, 11710 us display, type 3
frame 440: 38917 us total, 11717 us display, type 3
frame 441: 38393 us total, 11710 us display, type 3
frame 442: 39041 us total, 11710 us display, type 3
frame 443: 39896 us total, 11717 us display, type 3
frame 444: 43712 us total, 11717 us display, type 3
frame 445: 41526 us total, 11716 us display, type 3
frame 446: 44121 us total, 11722 us display, type 3
frame 447: 42441 us total, 11711 us display, type 3
frame 448: 43414 us total, 11718 us display, type 3
frame 449: 42309 us total, 11717 us display, type 3
frame 450: 43010 us total, 11717 us display, type 3
frame 451: 41064 us total, 11717 us display, type 3
frame 452: 42306 us total, 11710 us display, type 3
frame 453: 40635 us total, 11718 us display, type 3
frame 454: 39262 us total, 11717 us display, type 3
frame 455: 37299 us total, 11710 us display, type 3
frame 456: 37074 us total, 11717 us display, type 3
frame 457: 35225 us total, 11717 us display, type 3
frame 458: 34791 us total, 11717 us display, type 3
frame 459: 36125 us total, 11717 us display, type 3
frame 460: 33662 us total, 11710 us display, type 3
frame 461: 35926 us total, 11710 us display, type 3
frame 462: 34837 us total, 11710 us display, type 3
frame 463: 34333 us total, 11710 us display, type 3
frame 464: 34106 us total, 11717 us display, type 3
frame 465: 34254 us total, 11719 us display, type 3
frame 466: 34219 us total, 11724 us display, type 3
frame 467: 34255 us total, 11711 us display, type 3
frame 468: 32534 us total, 11718 us display, type 3
frame 469: 34538 us total, 11710 us display, type 3
frame 470: 33307 us total, 11720 us display, type 3
frame 471: 32326 us total, 11717 us display, type 3
frame 472: 38918 us total, 11717 us display, type 3
frame 473: 34224 us total, 11710 us display, type 3
frame 474: 38529 us total, 11724 us display, type 3
frame 475: 37592 us total, 11712 us display, type 3
frame 476: 35227 us total, 11710 us display, type 3
frame 477: 39377 us total, 11717 us display, type 3
frame 478: 35780 us total, 11717 us display, type 3
frame 479: 38583 us total, 11710 us display, type 3
frame 480: 38506 us total, 11724 us display, type 3
frame 481: 37133 us total, 11717 us display, type 3
frame 482: 40127 us total, 11717 us display, type 3
frame 483: 38713 us total, 11718 us display, type 3
frame 484: 36396 us total, 11717 us display, type 3
frame 485: 39835 us total, 11717 us display, type 3
frame 486: 38328 us total, 11710 us display, type 3
frame 487: 36046 us total, 11710 us display, type 3
frame 488: 38105 us total, 11711 us display, type 3
frame 489: 35646 us total, 11717 us display, type 3
frame 490: 37690 us total, 11717 us display, type 3
frame 491: 36905 us total, 11724 us display, type 3
frame 492: 35676 us total, 11718 us display, type 3
frame 493: 36133 us total, 11710 us display, type 3
frame 494: 35367 us total, 11718 us display, type 3
frame 495: 35631 us total, 11710 us display, type 3
frame 496: 34672 us total, 11710 us display, type 3
frame 497: 35050 us total, 11714 us display, type 3
frame 498: 35000 us total, 11717 us display, type 3
frame 499: 36072 us total, 11717 us display, type 3
frame 500: 35291 us total, 11718 us display, type 3
frame 501: 34434 us total, 11717 us display, type 3
frame 502: 34444 us total, 11710 us display, type 3
frame 503: 34639 us total, 11717 us display, type 3
frame 504: 33907 us total, 11717 us display, type 3
frame 505: 33223 us total, 11710 us display, type 3
frame 506: 33051 us total, 11717 us display, type 3
frame 507: 33035 us total, 11710 us display, type 3
frame 508: 31908 us total, 11711 us display, type 3
frame 509: 33469 us total, 11724 us display, type 3
frame 510: 33461 us total, 11710 us display, type 3
frame 511: 32158 us total, 11710 us display, type 3
frame 512: 32971 us total, 11718 us display, type 3
frame 513: 32557 us total, 11724 us display, type 3
frame 514: 32463 us total, 11710 us display, type 3
frame 515: 32795 us total, 11717 us display, type 3
frame 516: 32370 us total, 11710 us display, type 3
frame 517: 33969 us total, 11717 us display, type 3
frame 518: 32187 us total, 11724 us display, type 3
frame 519: 32220 us total, 11724 us display, type 3
frame 520: 31902 us total, 11717 us display, type 3
frame 521: 32255 us total, 11718 us display, type 3
frame 522: 31941 us total, 11717 us display, type 3
frame 523: 32763 us total, 11724 us display, type 3
frame 524: 33869 us total, 11717 us display, type 3
frame 525: 31914 us total, 11710 us display, type 3
frame 526: 35401 us total, 11717 us display, type 3
frame 527: 33886 us total, 11724 us display, type 3
frame 528: 34392 us total, 11711 us display, type 3
frame 529: 35691 us total, 11717 us display, type 3
frame 530: 34687 us total, 11717 us display, type 3
frame 531: 34324 us total, 11717 us display, type 3
frame 532: 34424 us total, 11715 us display, type 3
frame 533: 37021 us total, 11710 us display, type 3
frame 534: 36532 us total, 11724 us display, type 3
frame 535: 35621 us total, 11710 us display, type 3
frame 536: 35283 us total, 11718 us display, type 3
frame 537: 35836 us total, 11717 us display, type 3
frame 538: 38281 us total, 11717 us display, type 3
frame 539: 35068 us total, 11717 us display, type 3
frame 540: 37198 us total, 11718 us display, type 3
frame 541: 35854 us total, 11724 us display, type 3
frame 542: 36387 us total, 11710 us display, type 3
frame 543: 34213 us total, 11717 us display, type 3
frame 544: 35191 us total, 11725 us display, type 3
frame 545: 35294 us total, 11725 us display, type 3
frame 546: 35105 us total, 11710 us display, type 3
frame 547: 33830 us total, 11717 us display, type 3
frame 548: 35320 us total, 11710 us display, type 3
frame 549: 35606 us total, 11717 us display, type 3
frame 550: 37531 us total, 11710 us display, type 3
frame 551: 36137 us total, 11718 us display, type 3
frame 552: 35945 us total, 11717 us display, type 3
frame 553: 36693 us total, 11710 us display, type 3
frame 554: 35733 us total, 11717 us display, type 3
frame 555: 35807 us total, 11723 us display, type 3
frame 556: 35395 us total, 11710 us display, type 3
frame 557: 36321 us total, 11710 us display, type 3
frame 558: 34685 us total, 11711 us display, type 3
frame 559: 34767 us total, 11717 us display, type 3
frame 560: 34915 us total, 11717 us display, type 3
frame 561: 35181 us total, 11717 us display, type 3
frame 562: 37288 us total, 11710 us display, type 3
frame 563: 35035 us total, 11717 us display, type 3
frame 564: 37163 us total, 11710 us display, type 3
frame 565: 35691 us total, 11711 us display, type 3
frame 566: 36247 us total, 11710 us display, type 3
frame 567: 34462 us total, 11717 us display, type 3
frame 568: 35304 us total, 11710 us display, type 3
frame 569: 34839 us total, 11724 us display, type 3
frame 570: 36517 us total, 11718 us display, type 3
frame 571: 36557 us total, 11715 us display, type 3
frame 572: 36867 us total, 11718 us display, type 3
frame 573: 36704 us total, 11717 us display, type 3
frame 574: 35892 us total, 11717 us display, type 3
frame 575: 36036 us total, 11717 us display, type 3
frame 576: 35059 us total, 11724 us display, type 3
frame 577: 38082 us total, 11717 us display, type 3
frame 578: 36594 us total, 11710 us display, type 3
frame 579: 37442 us total, 11718 us display, type 3
frame 580: 37957 us total, 11724 us display, type 3
frame 581: 37463 us total, 11710 us display, type 3
frame 582: 39476 us total, 11717 us display, type 3
frame 583: 38866 us total, 11717 us display, type 3
frame 584: 36687 us total, 11710 us display, type 3
frame 585: 36715 us total, 11725 us display, type 3
frame 586: 36099 us total, 11718 us display, type 3
frame 587: 37357 us total, 11711 us display, type 3
frame 588: 35261 us total, 11724 us display, type 3
frame 589: 35319 us total, 11717 us display, type 3
frame 590: 36720 us total, 11717 us display, type 3
frame 591: 35786 us total, 11710 us display, type 3
frame 592: 35697 us total, 11710 us display, type 3
frame 593: 37347 us total, 11717 us display, type 3
frame 594: 37241 us total, 11718 us display, type 3
frame 595: 35964 us total, 11724 us display, type 3
frame 596: 35806 us total, 11717 us display, type 3
frame 597: 34454 us total, 11717 us display, type 3
frame 598: 35677 us total, 11717 us display, type 3
frame 599: 33964 us total, 11717 us display, type 3
frame 600: 34325 us total, 11718 us display, type 3
frame 601: 34998 us total, 11717 us display, type 3
frame 602: 35219 us total, 11716 us display, type 3
frame 603: 35008 us total, 11710 us display, type 3
frame 604: 36566 us total, 11717 us display, type 3
frame 605: 35141 us total, 11718 us display, type 3
frame 606: 35362 us total, 11710 us display, type 3
frame 607: 36658 us total, 11717 us display, type 3
frame 608: 34937 us total, 11717 us display, type 3
frame 609: 35068 us total, 11717 us display, type 3
frame 610: 34110 us total, 11724 us display, type 3
frame 611: 36527 us total, 11717 us display, type 3
frame 612: 34952 us total, 11717 us display, type 3
frame 613: 35230 us total, 11718 us display, type 3
frame 614: 35220 us total, 11718 us display, type 3
frame 615: 37596 us total, 11717 us display, type 3
frame 616: 35185 us total, 11718 us display, type 3
frame 617: 35605 us total, 11710 us display, type 3
frame 618: 35107 us total, 11711 us display, type 3
frame 619: 37218 us total, 11717 us display, type 3
frame 620: 35944 us total, 11717 us display, type 3
frame 621: 35239 us total, 11718 us display, type 3
frame 622: 36524 us total, 11717 us display, type 3
frame 623: 35826 us total, 11710 us display, type 3
frame 624: 35503 us total, 11717 us display, type 3
frame 625: 34838 us total, 11717 us display, type 3
frame 626: 35416 us total, 11717 us display, type 3
frame 627: 36807 us total, 11717 us display, type 3
frame 628: 36418 us total, 11710 us display, type 3
frame 629: 34997 us total, 11710 us display, type 3
frame 630: 36563 us total, 11717 us display, type 3
frame 631: 36531 us total, 11711 us display, type 3
frame 632: 34991 us total, 11710 us display, type 3
frame 633: 36077 us total, 11710 us display, type 3
frame 634: 35299 us total, 11717 us display, type 3
frame 635: 36978 us total, 11717 us display, type 3
frame 636: 35088 us total, 11718 us display, type 3
frame 637: 35321 us total, 11724 us display, type 3
frame 638: 37138 us total, 11717 us display, type 3
frame 639: 36737 us total, 11717 us display, type 3
frame 640: 35194 us total, 11718 us display, type 3
frame 641: 36531 us total, 11717 us display, type 3
frame 642: 37146 us total, 11718 us display, type 3
frame 643: 36287 us total, 11717 us display, type 3
frame 644: 37007 us total, 11717 us display, type 3
frame 645: 34978 us total, 11717 us display, type 3
frame 646: 37982 us total, 11724 us display, type 3
frame 647: 35175 us total, 11710 us display, type 3
frame 648: 36048 us total, 11712 us display, type 3
frame 649: 37345 us total, 11717 us display, type 3
frame 650: 35798 us total, 11717 us display, type 3
frame 651: 37024 us total, 11710 us display, type 3
frame 652: 35453 us total, 11724 us display, type 3
frame 653: 39091 us total, 11717 us display, type 3
frame 654: 36851 us total, 11717 us display, type 3
frame 655: 35182 us total, 11717 us display, type 3
frame 656: 36668 us total, 11721 us display, type 3
frame 657: 35727 us total, 11717 us display, type 3
frame 658: 35861 us total, 11717 us display, type 3
frame 659: 35046 us total, 11711 us display, type 3
frame 660: 36318 us total, 11717 us display, type 3
frame 661: 35481 us total, 11718 us display, type 3
frame 662: 35153 us total, 11717 us display, type 3
frame 663: 33419 us total, 11717 us display, type 3
frame 664: 34750 us total, 11710 us display, type 3
frame 665: 33204 us total, 11717 us display, type 3
frame 666: 34041 us total, 11723 us display, type 3
frame 667: 33327 us total, 11717 us display, type 3
frame 668: 34852 us total, 11718 us display, type 3
frame 669: 32116 us total, 11718 us display, type 3
frame 670: 34654 us total, 11718 us display, type 3
frame 671: 33202 us total, 11717 us display, type 3
frame 672: 32996 us total, 11722 us display, type 3
frame 673: 34171 us total, 11717 us display, type 3
frame 674: 32385 us total, 11717 us display, type 3
frame 675: 32623 us total, 11717 us display, type 3
frame 676: 31976 us total, 11717 us display, type 3
frame 677: 32178 us total, 11710 us display, type 3
frame 678: 33391 us total, 11718 us display, type 3
frame 679: 31348 us total, 11724 us display, type 3
frame 680: 33251 us total, 11710 us display, type 3
frame 681: 31244 us total, 11717 us display, type 3
frame 682: 31071 us total, 11710 us display, type 3
frame 683: 32899 us total, 11710 us display, type 3
frame 684: 31377 us total, 11724 us display, type 3
frame 685: 34514 us total, 11717 us display, type 3
frame 686: 31383 us total, 11717 us display, type 3
frame 687: 32351 us total, 11717 us display, type 3
frame 688: 32729 us total, 11717 us display, type 3
frame 689: 31420 us total, 11710 us display, type 3
frame 690: 31616 us total, 11723 us display, type 3
frame 691: 33490 us total, 11710 us display, type 3
frame 692: 32018 us total, 11717 us display, type 3
frame 693: 33779 us total, 11725 us display, type 3
frame 694: 32490 us total, 11717 us display, type 3
frame 695: 33603 us total, 11710 us display, type 3
frame 696: 34337 us total, 11710 us display, type 3
frame 697: 33370 us total, 11717 us display, type 3
frame 698: 34858 us total, 11717 us display, type 3
frame 699: 36492 us total, 11717 us display, type 3
frame 700: 37661 us total, 11717 us display, type 3
frame 701: 39930 us total, 11717 us display, type 3
frame 702: 44219 us total, 11717 us display, type 3
frame 703: 43613 us total, 11718 us display, type 3
frame 704: 44681 us total, 11710 us display, type 3
frame 705: 41129 us total, 11710 us display, type 3
frame 706: 40771 us total, 11711 us display, type 3
frame 707: 39870 us total, 11717 us display, type 3
frame 708: 39296 us total, 11710 us display, type 3
frame 709: 36571 us total, 11717 us display, type 3
frame 710: 38197 us total, 11710 us display, type 3
frame 711: 40025 us total, 11711 us display, type 3
frame 712: 40798 us total, 11718 us display, type 3
frame 713: 40335 us total, 11710 us display, type 3
frame 714: 43193 us total, 11711 us display, type 3
frame 715: 40536 us total, 11717 us display, type 3
frame 716: 42883 us total, 11724 us display, type 3
frame 717: 41214 us total, 11717 us display, type 3
frame 718: 43039 us total, 11710 us display, type 3
frame 719: 41202 us total, 11711 us display, type 3
frame 720: 42053 us total, 11718 us display, type 3
frame 721: 40088 us total, 11711 us display, type 3
frame 722: 39852 us total, 11710 us display, type 3
frame 723: 40005 us total, 11710 us display, type 3
frame 724: 37554 us total, 11717 us display, type 3
frame 725: 40232 us total, 11711 us display, type 3
frame 726: 37689 us total, 11723 us display, type 3
frame 727: 36027 us total, 11717 us display, type 3
frame 728: 36456 us total, 11711 us display, type 3
frame 729: 35044 us total, 11710 us display, type 3
frame 730: 38763 us total, 11717 us display, type 3
frame 731: 42827 us total, 11717 us display, type 3
frame 732: 41321 us total, 11717 us display, type 3
frame 733: 37214 us total, 11710 us display, type 3
frame 734: 39797 us total, 11710 us display, type 3
frame 735: 38922 us total, 11711 us display, type 3
frame 736: 37372 us total, 11717 us display, type 3
frame 737: 40209 us total, 11717 us display, type 3
frame 738: 39794 us total, 11718 us display, type 3
frame 739: 36539 us total, 11717 us display, type 3
frame 740: 34652 us total, 11718 us display, type 3
frame 741: 33987 us total, 11724 us display, type 3
frame 742: 36997 us total, 11724 us display, type 3
frame 743: 39107 us total, 11717 us display, type 3
frame 744: 36670 us total, 11717 us display, type 3
frame 745: 37093 us total, 11716 us display, type 3
frame 746: 37058 us total, 11725 us display, type 3
frame 747: 37792 us total, 11710 us display, type 3
frame 748: 36553 us total, 11718 us display, type 3
frame 749: 36550 us total, 11717 us display, type 3
frame 750: 38104 us total, 11724 us display, type 3
frame 751: 36821 us total, 11710 us display, type 3
frame 752: 37050 us total, 11717 us display, type 3
frame 753: 37977 us total, 11717 us display, type 3
frame 754: 37337 us total, 11718 us display, type 3
frame 755: 37071 us total, 11718 us display, type 3
frame 756: 33970 us total, 11721 us display, type 3
frame 757: 33239 us total, 11710 us display, type 3
frame 758: 32875 us total, 11718 us display, type 3
frame 759: 32412 us total, 11710 us display, type 3
frame 760: 32297 us total, 11717 us display, type 3
frame 761: 31557 us total, 11710 us display, type 3
frame 762: 30216 us total, 11711 us display, type 3
frame 763: 32183 us total, 11719 us display, type 3
frame 764: 32242 us total, 11717 us display, type 3
frame 765: 32691 us total, 11717 us display, type 3
frame 766: 32288 us total, 11719 us display, type 3
frame 767: 32372 us total, 11711 us display, type 3
frame 768: 32399 us total, 11724 us display, type 3
frame 769: 30956 us total, 11717 us display, type 3
frame 770: 31944 us total, 11718 us display, type 3
frame 771: 31066 us total, 11717 us display, type 3
frame 772: 32935 us total, 11717 us display, type 3
frame 773: 31047 us total, 11717 us display, type 3
frame 774: 30358 us total, 11717 us display, type 3
frame 775: 30646 us total, 11717 us display, type 3
frame 776: 30786 us total, 11717 us display, type 3
frame 777: 30797 us total, 11710 us display, type 3
frame 778: 30585 us total, 11717 us display, type 3
frame 779: 31329 us total, 11713 us display, type 3
frame 780: 30304 us total, 11710 us display, type 3
frame 781: 30031 us total, 11710 us display, type 3
frame 782: 31736 us total, 11717 us display, type 3
frame 783: 31598 us total, 11718 us display, type 3
frame 784: 32380 us total, 11710 us display, type 3
frame 785: 31973 us total, 11710 us display, type 3
frame 786: 31715 us total, 11716 us display, type 3
frame 787: 31822 us total, 11718 us display, type 3
frame 788: 31632 us total, 11710 us display, type 3
frame 789: 31902 us total, 11710 us display, type 3
frame 790: 32388 us total, 11724 us display, type 3
frame 791: 32311 us total, 11717 us display, type 3
frame 792: 34197 us total, 11717 us display, type 3
frame 793: 32056 us total, 11710 us display, type 3
frame 794: 32320 us total, 11710 us display, type 3
frame 795: 33320 us total, 11717 us display, type 3
frame 796: 32674 us total, 11710 us display, type 3
frame 797: 34040 us total, 11717 us display, type 3
frame 798: 38160 us total, 11721 us display, type 3
frame 799: 37108 us total, 11717 us display, type 3
frame 800: 35105 us total, 11724 us display, type 3
frame 801: 36468 us total, 11710 us display, type 3
frame 802: 37076 us total, 11710 us display, type 3
frame 803: 36686 us total, 11711 us display, type 3
frame 804: 37851 us total, 11718 us display, type 3
frame 805: 38298 us total, 11710 us display, type 3
frame 806: 37541 us total, 11724 us display, type 3
frame 807: 38877 us total, 11717 us display, type 3
frame 808: 38174 us total, 11718 us display, type 3
frame 809: 38857 us total, 11717 us display, type 3
frame 810: 36834 us total, 11717 us display, type 3
frame 811: 40512 us total, 11718 us display, type 3
frame 812: 39801 us total, 11717 us display, type 3
frame 813: 39240 us total, 11717 us display, type 3
frame 814: 39307 us total, 11715 us display, type 3
frame 815: 38578 us total, 11718 us display, type 3
frame 816: 38527 us total, 11717 us display, type 3
frame 817: 38268 us total, 11717 us display, type 3
frame 818: 38481 us total, 11710 us display, type 3
frame 819: 38117 us total, 11717 us display, type 3
frame 820: 38855 us total, 11710 us display, type 3
frame 821: 38205 us total, 11710 us display, type 3
frame 822: 39960 us total, 11718 us display, type 3
frame 823: 35595 us total, 11718 us display, type 3
frame 824: 35676 us total, 11724 us display, type 3
frame 825: 34394 us total, 11717 us display, type 3
frame 826: 35384 us total, 11711 us display, type 3
frame 827: 33983 us total, 11710 us display, type 3
frame 828: 33492 us total, 11717 us display, type 3
frame 829: 32640 us total, 11717 us display, type 3
frame 830: 33702 us total, 11710 us display, type 3
frame 831: 35102 us total, 11711 us display, type 3
frame 832: 34575 us total, 11717 us display, type 3
frame 833: 35607 us total, 11717 us display, type 3
frame 834: 34800 us total, 11710 us display, type 3
frame 835: 34390 us total, 11724 us display, type 3
frame 836: 38449 us total, 11712 us display, type 3
frame 837: 37532 us total, 11717 us display, type 3
frame 838: 41107 us total, 11717 us display, type 3
frame 839: 43579 us total, 11718 us display, type 3
frame 840: 42518 us total, 11718 us display, type 3
frame 841: 42485 us total, 11715 us display, type 3
frame 842: 42235 us total, 11717 us display, type 3
frame 843: 43544 us total, 11715 us display, type 3
frame 844: 42369 us total, 11717 us display, type 3
frame 845: 44123 us total, 11717 us display, type 3
frame 846: 40767 us total, 11710 us display, type 3
frame 847: 40999 us total, 11710 us display, type 3
frame 848: 40536 us total, 11718 us display, type 3
frame 849: 40985 us total, 11721 us display, type 3
frame 850: 39996 us total, 11725 us display, type 3
frame 851: 38847 us total, 11724 us display, type 3
frame 852: 40267 us total, 11717 us display, type 3
frame 853: 39438 us total, 11717 us display, type 3
frame 854: 39592 us total, 11717 us display, type 3
frame 855: 38703 us total, 11724 us display, type 3
frame 856: 39070 us total, 11725 us display, type 3
frame 857: 41095 us total, 11717 us display, type 3
frame 858: 38855 us total, 11717 us display, type 3
frame 859: 41082 us total, 11718 us display, type 3
frame 860: 41423 us total, 11713 us display, type 3
frame 861: 40170 us total, 11710 us display, type 3
frame 862: 42483 us total, 11717 us display, type 3
frame 863: 40951 us total, 11717 us display, type 3
frame 864: 41977 us total, 11717 us display, type 3
frame 865: 39967 us total, 11724 us display, type 3
frame 866: 40452 us total, 11711 us display, type 3
frame 867: 40427 us total, 11717 us display, type 3
frame 868: 39921 us total, 11718 us display, type 3
frame 869: 41064 us total, 11718 us display, type 3
frame 870: 41700 us total, 11710 us display, type 3
frame 871: 40523 us total, 11717 us display, type 3
frame 872: 41410 us total, 11718 us display, type 3
frame 873: 47076 us total, 11710 us display, type 3
frame 874: 42980 us total, 11710 us display, type 3
frame 875: 46099 us total, 11717 us display, type 3
frame 876: 41969 us total, 11710 us display, type 3
frame 877: 45243 us total, 11723 us display, type 3
frame 878: 46459 us total, 11710 us display, type 3
frame 879: 45849 us total, 11717 us display, type 3
frame 880: 47024 us total, 11717 us display, type 3
frame 881: 46665 us total, 11724 us display, type 3
frame 882: 46297 us total, 11723 us display, type 3
frame 883: 44001 us total, 11717 us display, type 3
frame 884: 47020 us total, 11718 us display, type 3
frame 885: 47684 us total, 11724 us display, type 3
frame 886: 44379 us total, 11711 us display, type 3
frame 887: 45210 us total, 11716 us display, type 3
frame 888: 44926 us total, 11718 us display, type 3
frame 889: 43929 us total, 11710 us display, type 3
frame 890: 44058 us total, 11717 us display, type 3
frame 891: 43231 us total, 11710 us display, type 3
frame 892: 43072 us total, 11717 us display, type 3
frame 893: 42521 us total, 11718 us display, type 3
frame 894: 44139 us total, 11710 us display, type 3
frame 895: 42950 us total, 11710 us display, type 3
frame 896: 44073 us total, 11710 us display, type 3
frame 897: 43581 us total, 11725 us display, type 3
frame 898: 43359 us total, 11717 us display, type 3
frame 899: 42176 us total, 11710 us display, type 3
frame 900: 39838 us total, 11718 us display, type 3
frame 901: 39390 us total, 11717 us display, type 3
frame 902: 38683 us total, 11713 us display, type 3
frame 903: 39074 us total, 11715 us display, type 3
frame 904: 37857 us total, 11710 us display, type 3
frame 905: 38836 us total, 11724 us display, type 3
frame 906: 39157 us total, 11717 us display, type 3
frame 907: 39139 us total, 11717 us display, type 3
frame 908: 41634 us total, 11724 us display, type 3
frame 909: 41828 us total, 11717 us display, type 3
frame 910: 42268 us total, 11718 us display, type 3
frame 911: 41839 us total, 11724 us display, type 3
frame 912: 43594 us total, 11710 us display, type 3
frame 913: 42810 us total, 11711 us display, type 3
frame 914: 43477 us total, 11718 us display, type 3
frame 915: 42754 us total, 11717 us display, type 3
frame 916: 42938 us total, 11710 us display, type 3
frame 917: 43898 us total, 11710 us display, type 3
frame 918: 42970 us total, 11718 us display, type 3
frame 919: 42313 us total, 11717 us display, type 3
frame 920: 43467 us total, 11716 us display, type 3
frame 921: 42678 us total, 11717 us display, type 3
frame 922: 44543 us total, 11714 us display, type 3
frame 923: 42646 us total, 11717 us display, type 3
frame 924: 43201 us total, 11718 us display, type 3
frame 925: 41542 us total, 11717 us display, type 3
frame 926: 43041 us total, 11717 us display, type 3
frame 927: 41660 us total, 11710 us display, type 3
frame 928: 42027 us total, 11711 us display, type 3
frame 929: 41689 us total, 11711 us display, type 3
frame 930: 42122 us total, 11711 us display, type 3
frame 931: 41960 us total, 11710 us display, type 3
frame 932: 41809 us total, 11725 us display, type 3
frame 933: 44411 us total, 11710 us display, type 3
frame 934: 40976 us total, 11711 us display, type 3
frame 935: 40695 us total, 11714 us display, type 3
frame 936: 37952 us total, 11718 us display, type 3
frame 937: 38617 us total, 11717 us display, type 3
frame 938: 38320 us total, 11718 us display, type 3
frame 939: 38380 us total, 11718 us display, type 3
frame 940: 39183 us total, 11717 us display, type 3
frame 941: 37794 us total, 11710 us display, type 3
frame 942: 36927 us total, 11711 us display, type 3
frame 943: 38801 us total, 11710 us display, type 3
frame 944: 36579 us total, 11724 us display, type 3
frame 945: 38798 us total, 11710 us display, type 3
frame 946: 38014 us total, 11711 us display, type 3
frame 947: 36875 us total, 11711 us display, type 3
frame 948: 37249 us total, 11717 us display, type 3
frame 949: 38459 us total, 11718 us display, type 3
frame 950: 36324 us total, 11718 us display, type 3
frame 951: 38164 us total, 11717 us display, type 3
frame 952: 36494 us total, 11717 us display, type 3
frame 953: 36297 us total, 11711 us display, type 3
frame 954: 34746 us total, 11710 us display, type 3
frame 955: 36031 us total, 11710 us display, type 3
frame 956: 35396 us total, 11717 us display, type 3
frame 957: 35045 us total, 11717 us display, type 3
frame 958: 34075 us total, 11717 us display, type 3
frame 959: 34494 us total, 11710 us display, type 3
frame 960: 33313 us total, 11710 us display, type 3
frame 961: 32817 us total, 11717 us display, type 3
frame 962: 31004 us total, 11710 us display, type 3
frame 963: 32015 us total, 11710 us display, type 3
frame 964: 30741 us total, 11717 us display, type 3
frame 965: 29624 us total, 11718 us display, type 3
frame 966: 29491 us total, 11710 us display, type 3
frame 967: 29223 us total, 11710 us display, type 3
frame 968: 29117 us total, 11710 us display, type 3
frame 969: 30274 us total, 11724 us display, type 3
frame 970: 29961 us total, 11717 us display, type 3
frame 971: 28845 us total, 11717 us display, type 3
frame 972: 28258 us total, 11724 us display, type 3
frame 973: 28083 us total, 11723 us display, type 3
frame 974: 28568 us total, 11709 us display, type 3
frame 975: 28025 us total, 11710 us display, type 3
frame 976: 27867 us total, 11709 us display, type 3
frame 977: 28123 us total, 11710 us display, type 3
frame 978: 27908 us total, 11717 us display, type 3
frame 979: 28385 us total, 11717 us display, type 3
frame 980: 29162 us total, 11717 us display, type 3
frame 981: 30668 us total, 11717 us display, type 3
frame 982: 32999 us total, 11724 us display, type 3
frame 983: 31454 us total, 11717 us display, type 3
frame 984: 34094 us total, 11710 us display, type 3
frame 985: 33594 us total, 11724 us display, type 3
frame 986: 39015 us total, 11718 us display, type 3
frame 987: 36949 us total, 11717 us display, type 3
frame 988: 40640 us total, 11710 us display, type 3
frame 989: 37139 us total, 11710 us display, type 3
frame 990: 38358 us total, 11717 us display, type 3
frame 991: 40273 us total, 11710 us display, type 3
frame 992: 36678 us total, 11717 us display, type 3
frame 993: 38774 us total, 11717 us display, type 3
frame 994: 39683 us total, 11717 us display, type 3
frame 995: 37999 us total, 11717 us display, type 3
frame 996: 40077 us total, 11717 us display, type 3
frame 997: 40756 us total, 11717 us display, type 3
frame 998: 38259 us total, 11710 us display, type 3
frame 999: 40847 us total, 11710 us display, type 3
frame 1000: 40503 us total, 11717 us display, type 3
frame 1001: 41558 us total, 11717 us display, type 3
frame 1002: 38667 us total, 11718 us display, type 3
frame 1003: 40978 us total, 11717 us display, type 3
frame 1004: 40554 us total, 11711 us display, type 3
frame 1005: 39892 us total, 11711 us display, type 3
frame 1006: 36893 us total, 11711 us display, type 3
frame 1007: 45661 us total, 11722 us display, type 3
frame 1008: 43720 us total, 11717 us display, type 3
frame 1009: 43206 us total, 11723 us display, type 3
frame 1010: 41147 us total, 11719 us display, type 3
frame 1011: 42717 us total, 11717 us display, type 3
frame 1012: 40367 us total, 11717 us display, type 3
frame 1013: 46347 us total, 11717 us display, type 3
frame 1014: 41519 us total, 11718 us display, type 3
frame 1015: 44525 us total, 11710 us display, type 3
frame 1016: 42035 us total, 11710 us display, type 3
frame 1017: 45455 us total, 11717 us display, type 3
frame 1018: 42224 us total, 11711 us display, type 3
frame 1019: 40444 us total, 11722 us display, type 3
frame 1020: 38226 us total, 11718 us display, type 3
frame 1021: 38789 us total, 11716 us display, type 3
frame 1022: 37003 us total, 11718 us display, type 3
frame 1023: 37150 us total, 11717 us display, type 3
frame 1024: 37395 us total, 11711 us display, type 3
frame 1025: 37050 us total, 11711 us display, type 3
frame 1026: 37333 us total, 11717 us display, type 3
frame 1027: 39539 us total, 11711 us display, type 3
frame 1028: 38760 us total, 11718 us display, type 3
frame 1029: 39088 us total, 11717 us display, type 3
frame 1030: 38377 us total, 11710 us display, type 3
frame 1031: 36731 us total, 11722 us display, type 3
frame 1032: 36306 us total, 11710 us display, type 3
frame 1033: 36253 us total, 11719 us display, type 3
frame 1034: 35960 us total, 11718 us display, type 3
frame 1035: 34532 us total, 11710 us display, type 3
frame 1036: 34401 us total, 11711 us display, type 3
frame 1037: 34114 us total, 11717 us display, type 3
frame 1038: 35260 us total, 11717 us display, type 3
frame 1039: 33839 us total, 11717 us display, type 3
frame 1040: 38979 us total, 11717 us display, type 3
frame 1041: 35166 us total, 11717 us display, type 3
frame 1042: 38279 us total, 11710 us display, type 3
frame 1043: 35911 us total, 11720 us display, type 3
frame 1044: 36640 us total, 11717 us display, type 3
frame 1045: 38523 us total, 11710 us display, type 3
frame 1046: 37341 us total, 11717 us display, type 3
frame 1047: 37665 us total, 11710 us display, type 3
frame 1048: 37178 us total, 11717 us display, type 3
frame 1049: 38734 us total, 11710 us display, type 3
frame 1050: 38477 us total, 11724 us display, type 3
frame 1051: 38370 us total, 11717 us display, type 3
frame 1052: 39293 us total, 11710 us display, type 3
frame 1053: 39385 us total, 11717 us display, type 3
frame 1054: 39458 us total, 11717 us display, type 3
frame 1055: 38899 us total, 11718 us display, type 3
frame 1056: 39100 us total, 11717 us display, type 3
frame 1057: 41811 us total, 11718 us display, type 3
frame 1058: 39291 us total, 11710 us display, type 3
frame 1059: 42356 us total, 11717 us display, type 3
frame 1060: 40666 us total, 11711 us display, type 3
frame 1061: 41761 us total, 11717 us display, type 3
frame 1062: 42361 us total, 11711 us display, type 3
frame 1063: 37762 us total, 11717 us display, type 3
frame 1064: 39815 us total, 11717 us display, type 3
frame 1065: 39757 us total, 11717 us display, type 3
frame 1066: 42426 us total, 11717 us display, type 3
frame 1067: 39818 us total, 11717 us display, type 3
frame 1068: 40496 us total, 11710 us display, type 3
frame 1069: 40012 us total, 11710 us display, type 3
frame 1070: 39568 us total, 11717 us display, type 3
frame 1071: 38762 us total, 11717 us display, type 3
frame 1072: 38588 us total, 11710 us display, type 3
frame 1073: 36870 us total, 11710 us display, type 3
frame 1074: 39646 us total, 11717 us display, type 3
frame 1075: 37349 us total, 11710 us display, type 3
frame 1076: 36336 us total, 11717 us display, type 3
frame 1077: 39850 us total, 11717 us display, type 3
frame 1078: 41701 us total, 11717 us display, type 3
frame 1079: 40008 us total, 11711 us display, type 3
frame 1080: 46293 us total, 11717 us display, type 3
frame 1081: 43556 us total, 11724 us display, type 3
frame 1082: 45794 us total, 11718 us display, type 3
frame 1083: 46851 us total, 11717 us display, type 3
frame 1084: 44338 us total, 11718 us display, type 3
frame 1085: 46840 us total, 11717 us display, type 3
frame 1086: 45757 us total, 11718 us display, type 3
frame 1087: 49983 us total, 11717 us display, type 3
frame 1088: 49508 us total, 11725 us display, type 3
frame 1089: 50112 us total, 11710 us display, type 3
frame 1090: 50716 us total, 11717 us display, type 3
frame 1091: 51225 us total, 11710 us display, type 3
frame 1092: 49883 us total, 11717 us display, type 3
frame 1093: 50842 us total, 11724 us display, type 3
frame 1094: 49233 us total, 11717 us display, type 3
frame 1095: 50400 us total, 11710 us display, type 3
frame 1096: 47912 us total, 11710 us display, type 3
frame 1097: 46610 us total, 11718 us display, type 3
frame 1098: 44722 us total, 11717 us display, type 3
frame 1099: 41927 us total, 11717 us display, type 3
frame 1100: 41592 us total, 11710 us display, type 3
frame 1101: 43443 us total, 11717 us display, type 3
frame 1102: 40556 us total, 11710 us display, type 3
frame 1103: 48715 us total, 11717 us display, type 3
frame 1104: 43778 us total, 11717 us display, type 3
frame 1105: 44529 us total, 11710 us display, type 3
frame 1106: 40817 us total, 11717 us display, type 3
frame 1107: 45068 us total, 11713 us display, type 3
frame 1108: 42975 us total, 11710 us display, type 3
frame 1109: 45232 us total, 11717 us display, type 3
frame 1110: 43312 us total, 11717 us display, type 3
frame 1111: 46270 us total, 11717 us display, type 3
frame 1112: 46497 us total, 11717 us display, type 3
frame 1113: 46491 us total, 11724 us display, type 3
frame 1114: 49253 us total, 11710 us display, type 3
frame 1115: 49776 us total, 11717 us display, type 3
frame 1116: 46474 us total, 11718 us display, type 3
frame 1117: 47565 us total, 11724 us display, type 3
frame 1118: 47082 us total, 11721 us display, type 3
frame 1119: 46607 us total, 11717 us display, type 3
frame 1120: 46515 us total, 11710 us display, type 3
frame 1121: 46437 us total, 11718 us display, type 3
frame 1122: 41357 us total, 11725 us display, type 3
frame 1123: 43040 us total, 11717 us display, type 3
frame 1124: 41559 us total, 11718 us display, type 3
frame 1125: 43387 us total, 11717 us display, type 3
frame 1126: 46617 us total, 11718 us display, type 3
