ESP-ROM:esp32c6-20220919
Build:Sep 19 2022
rst:0x15 (USB_UART_HPSYS),boot:0x2c (SPI_FAST_FLASH_BOOT)
Saved PC:0x4001a372
SPIWP:0xee
mode:DIO, clock div:2
load:0x40875720,len:0x1a5c
load:0x4086c110,len:0xf58
load:0x4086e610,len:0x3074
entry 0x4086c11a
[0;32mI (23) boot: ESP-IDF v5.3.4 2nd stage bootloader[0m
[0;32mI (23) boot: compile time Sep 14 2026 20:53:10[0m
[0;32mI (24) boot: chip revision: v0.2[0m
[0;32mI (24) boot: efuse block revision: v0.3[0m
[0;32mI (24) qio_mode: Enabling QIO for flash chip WinBond[0m
[0;32mI (24) boot.esp32c6: SPI Speed      : 80MHz[0m
[0;32mI (25) boot.esp32c6: SPI Mode       : QIO[0m
[0;32mI (25) boot.esp32c6: SPI Flash Size : 16MB[0m
[0;32mI (25) boot: Enabling RNG early entropy source...[0m
[0;32mI (26) boot: Partition Table:[0m
[0;32mI (26) boot: ## Label            Usage          Type ST Offset   Length[0m
[0;32mI (26) boot:  0 nvs              WiFi data        01 02 00009000 00006000[0m
[0;32mI (27) boot:  1 phy_init         RF data          01 01 0000f000 00001000[0m
[0;32mI (28) boot:  2 factory          factory app      00 00 00010000 00200000[0m
[0;32mI (28) boot:  3 wad              Unknown data     01 40 00210000 00400000[0m
[0;32mI (29) boot:  4 saves            WiFi data        01 02 00610000 00020000[0m
[0;32mI (29) boot: End of partition table[0m
[0;32mI (30) esp_image: segment 0: paddr=00010020 vaddr=420c0020 size=315a4h (202148) map[0m
[0;32mI (67) esp_image: segment 1: paddr=000415cc vaddr=40800000 size=0ea4ch ( 59980) load[0m
[0;32mI (80) esp_image: segment 2: paddr=00050020 vaddr=42000020 size=b15b4h (726452) map[0m
[0;32mI (210) esp_image: segment 3: paddr=001015dc vaddr=4080ea4c size=0ad30h ( 44336) load[0m
[0;32mI (220) esp_image: segment 4: paddr=0010c314 vaddr=50000000 size=00004h (     4) load[0m
[0;32mI (226) boot: Loaded app from partition at offset 0x10000[0m
[0;32mI (226) boot: Disabling RNG early entropy source...[0m
[0;32mI (228) cpu_start: Unicore app[0m
[0;32mI (236) cpu_start: Pro cpu start user code[0m
[0;32mI (236) cpu_start: cpu freq: 160000000 Hz[0m
[0;32mI (237) app_init: Application information:[0m
[0;32mI (237) app_init: Project name:     diablito[0m
[0;32mI (237) app_init: App version:      1[0m
[0;32mI (237) app_init: Compile time:     Sep 14 2026 20:53:12[0m
[0;32mI (238) app_init: ELF file SHA256:  e6ec6f994...[0m
[0;32mI (238) app_init: ESP-IDF:          v5.3.4[0m
[0;32mI (238) efuse_init: Min chip rev:     v0.0[0m
[0;32mI (238) efuse_init: Max chip rev:     v0.99 [0m
[0;32mI (239) efuse_init: Chip rev:         v0.2[0m
[0;32mI (239) heap_init: Initializing. RAM available for dynamic allocation:[0m
[0;32mI (239) heap_init: At 408341E0 len 00048430 (289 KiB): RAM[0m
[0;32mI (239) heap_init: At 4087C610 len 00002F54 (11 KiB): RAM[0m
[0;32mI (240) heap_init: At 50000004 len 00003FE4 (15 KiB): RTCRAM[0m
[0;32mI (241) spi_flash: detected chip: generic[0m
[0;32mI (241) spi_flash: flash io: qio[0m
[0;32mI (241) sleep: Configure to isolate all GPIO pins in sleep state[0m
[0;32mI (242) sleep: Enable automatic switching of GPIO sleep configuration[0m
[0;32mI (242) coexist: coex firmware version: a13b09d[0m
[0;32mI (243) coexist: coexist rom version 5b8dcfa[0m
[0;32mI (243) main_task: Started on CPU0[0m
[0;32mI (243) main_task: Calling app_main()[0m
[0;32mI (243) gpio: GPIO[15]| InputEn: 0| OutputEn: 1| OpenDrain: 0| Pullup: 0| Pulldown: 0| Intr:0 [0m
[0;32mI (243) gpio: GPIO[9]| InputEn: 1| OutputEn: 0| OpenDrain: 0| Pullup: 1| Pulldown: 0| Intr:0 [0m
[0;32mI (243) gpio: GPIO[18]| InputEn: 1| OutputEn: 0| OpenDrain: 0| Pullup: 1| Pulldown: 0| Intr:0 [0m
[0;32mI (244) gpio: GPIO[0]| InputEn: 0| OutputEn: 0| OpenDrain: 0| Pullup: 0| Pulldown: 0| Intr:0 [0m
[0;32mI (244) DIABLITO: DIABLITO skeleton, IDF v5.3.4, CPU 160 MHz[0m
[0;32mI (244) DIABLITO: heap at boot: free 293028, largest block 262144, min ever 293028, dma-capable 278428[0m
[0;32mI (245) gpio: GPIO[3]| InputEn: 0| OutputEn: 1| OpenDrain: 0| Pullup: 0| Pulldown: 0| Intr:0 [0m
[0;32mI (245) gpio: GPIO[4]| InputEn: 0| OutputEn: 1| OpenDrain: 0| Pullup: 0| Pulldown: 0| Intr:0 [0m
[0;32mI (749) DISPLAY: ST7789 up: 280x240 landscape, SPI 80 MHz, 2 x 8960 B DMA strips[0m
[0;32mI (749) DIABLITO: heap after display: free 273544, largest block 245760, min ever 273544, dma-capable 258944[0m
[0;32mI (750) DIABLITO: wad partition @0x210000 size 4194304: magic IWHD, 1264 lumps, infotable @36, file 2073676 bytes[0m
[0;32mI (750) DIABLITO: WHD mapped at 0x42100000, header via mmap: IWHD ·©ÔUDOOM1[0m
[0;32mI (751) DIABLITO: heap after wad mmap: free 272912, largest block 245760, min ever 272912, dma-capable 258312[0m
[0;32mI (751) DIABLITO: main task stack high-water: 14904 bytes free[0m
[0;32mI (752) DIABLITO: .bss ends at 0x408341d8 (short-pointer window ends at 0x40840000, 48680 bytes spare)[0m
[0;32mI (752) DIABLITO: heap before BLE: free 272912, largest block 245760, min ever 272912, dma-capable 258312[0m
[0;32mI (765) BLE_INIT: Using main XTAL as clock source, chip ver: 2[0m
[0;32mI (766) BLE_INIT: ble controller commit:[ca6c20b][0m
[0;32mI (770) BLE_INIT: Bluetooth MAC: fc:01:2c:fd:fc:b2[0m
[0;32mI (770) phy_init: phy_version 341,a6c8fe6,Jul 30 2025,18:34:11[0m
[0;32mI (864) phy: libbtbb version: a945109, Jul 30 2025, 18:34:25[0m
[0;32mI (871) PAD: init, saved controller: yes[0m
[0;32mI (1072) DIABLITO: heap after BLE init: free 234200, largest block 208896, min ever 234064, dma-capable 219600[0m
[0;32mI (1072) DIABLITO: starting Doom[0m
                          DIABLITO Doom 3.0.0
Z_Init: Init zone memory allocation daemon. 
zone memory: 0x40821874, 10000 allocated for zone
M_LoadDefaults: Load system defaults.
W_Init: Init WADfiles.
===========================================================================
                            DOOM Shareware
===========================================================================
 DIABLITO Doom is free software, covered by the GNU General Public
 License.  There is NO warranty; not even for MERCHANTABILITY or FITNESS
 FOR A PARTICULAR PURPOSE. You are welcome to change and distribute
 copies under certain conditions. See the source for more information.
===========================================================================
I_Init: Setting up machine state.
M_Init: Init miscellaneous info.
R_Init: Init DOOM refresh daemon - .........
P_Init: Init Playloop state.
S_Init: Setting up sound.
D_CheckNetGame: Checking network game status.
Emulating the behavior of the 'Doom 1.9' executable.
HU_Init: Setting up heads up display.
ST_Init: Init status bar.
frame 2: 34397 us total, 11690 us display, type 4
frame 3: 12349 us total, 11633 us display, type 4
frame 4: 16113 us total, 11633 us display, type 4
frame 5: 29007 us total, 11637 us display, type 4
frame 6: 29021 us total, 11638 us display, type 4
frame 7: 28036 us total, 11636 us display, type 4
frame 8: 28940 us total, 11635 us display, type 4
frame 9: 28010 us total, 11641 us display, type 4
frame 10: 28989 us total, 11636 us display, type 4
frame 11: 28062 us total, 11691 us display, type 4
frame 12: 28965 us total, 11635 us display, type 4
frame 13: 28972 us total, 11635 us display, type 4
frame 14: 28012 us total, 11641 us display, type 4
frame 15: 28987 us total, 11635 us display, type 4
frame 16: 28016 us total, 11643 us display, type 4
frame 17: 29013 us total, 11635 us display, type 4
frame 18: 28073 us total, 11716 us display, type 4
frame 19: 28928 us total, 11635 us display, type 4
frame 20: 28997 us total, 11641 us display, type 4
frame 21: 27990 us total, 11641 us display, type 4
frame 22: 29042 us total, 11643 us display, type 4
frame 23: 27968 us total, 11638 us display, type 4
frame 24: 29005 us total, 11638 us display, type 4
frame 25: 28109 us total, 11674 us display, type 4
frame 26: 28886 us total, 11635 us display, type 4
frame 27: 29003 us total, 11638 us display, type 4
frame 28: 28084 us total, 11716 us display, type 4
frame 29: 28922 us total, 11638 us display, type 4
frame 30: 27985 us total, 11644 us display, type 4
frame 31: 28993 us total, 11644 us display, type 4
frame 32: 28137 us total, 11643 us display, type 4
frame 33: 28893 us total, 11638 us display, type 4
frame 34: 28955 us total, 11633 us display, type 4
frame 35: 28016 us total, 11643 us display, type 4
frame 36: 28983 us total, 11633 us display, type 4
frame 37: 28019 us total, 11643 us display, type 4
frame 38: 29011 us total, 11638 us display, type 4
frame 39: 27974 us total, 11633 us display, type 4
frame 40: 29012 us total, 11643 us display, type 4
frame 41: 29013 us total, 11640 us display, type 4
frame 42: 28003 us total, 11637 us display, type 4
frame 43: 29033 us total, 11644 us display, type 4
frame 44: 27964 us total, 11638 us display, type 4
frame 45: 29006 us total, 11637 us display, type 4
frame 46: 27994 us total, 11638 us display, type 4
frame 47: 29000 us total, 11638 us display, type 4
frame 48: 28972 us total, 11633 us display, type 4
frame 49: 28032 us total, 11638 us display, type 4
frame 50: 28996 us total, 11636 us display, type 4
frame 51: 28036 us total, 11666 us display, type 4
frame 52: 29010 us total, 11642 us display, type 4
frame 53: 27958 us total, 11638 us display, type 4
frame 54: 28990 us total, 11644 us display, type 4
frame 55: 29008 us total, 11638 us display, type 4
frame 56: 27992 us total, 11644 us display, type 4
frame 57: 29010 us total, 11638 us display, type 4
frame 58: 27990 us total, 11644 us display, type 4
frame 59: 28993 us total, 11644 us display, type 4
frame 60: 27989 us total, 11633 us display, type 4
frame 61: 29011 us total, 11644 us display, type 4
frame 62: 29051 us total, 11644 us display, type 4
frame 63: 27993 us total, 11642 us display, type 4
frame 64: 29057 us total, 11641 us display, type 4
frame 65: 27912 us total, 11639 us display, type 4
frame 66: 29049 us total, 11643 us display, type 4
frame 67: 27951 us total, 11638 us display, type 4
frame 68: 28992 us total, 11644 us display, type 4
frame 69: 28979 us total, 11633 us display, type 4
frame 70: 28017 us total, 11643 us display, type 4
frame 71: 29048 us total, 11644 us display, type 4
frame 72: 28001 us total, 11639 us display, type 4
frame 73: 28968 us total, 11638 us display, type 4
frame 74: 27969 us total, 11633 us display, type 4
frame 75: 29015 us total, 11644 us display, type 4
frame 76: 28982 us total, 11633 us display, type 4
frame 77: 28020 us total, 11643 us display, type 4
frame 78: 29014 us total, 11638 us display, type 4
frame 79: 27990 us total, 11644 us display, type 4
frame 80: 29010 us total, 11638 us display, type 4
frame 81: 28031 us total, 11643 us display, type 4
frame 82: 28964 us total, 11638 us display, type 4
frame 83: 28972 us total, 11633 us display, type 4
frame 84: 28077 us total, 11641 us display, type 4
frame 85: 28955 us total, 11637 us display, type 4
frame 86: 27989 us total, 11644 us display, type 4
frame 87: 29050 us total, 11645 us display, type 4
frame 88: 27970 us total, 11637 us display, type 4
frame 89: 28981 us total, 11644 us display, type 4
frame 90: 29043 us total, 11643 us display, type 4
frame 91: 27979 us total, 11636 us display, type 4
frame 92: 28955 us total, 11633 us display, type 4
frame 93: 28017 us total, 11643 us display, type 4
frame 94: 29018 us total, 11638 us display, type 4
frame 95: 27967 us total, 11632 us display, type 4
frame 96: 29033 us total, 11637 us display, type 4
frame 97: 28996 us total, 11637 us display, type 4
frame 98: 28016 us total, 11643 us display, type 4
frame 99: 29011 us total, 11643 us display, type 4
frame 100: 27971 us total, 11638 us display, type 4
frame 101: 29041 us total, 11643 us display, type 4
frame 102: 27946 us total, 11640 us display, type 4
frame 103: 29019 us total, 11637 us display, type 4
frame 104: 28998 us total, 11637 us display, type 4
frame 105: 27990 us total, 11644 us display, type 4
frame 106: 28977 us total, 11633 us display, type 4
frame 107: 28103 us total, 11726 us display, type 4
frame 108: 28932 us total, 11637 us display, type 4
frame 109: 27966 us total, 11633 us display, type 4
frame 110: 29037 us total, 11638 us display, type 4
frame 111: 28993 us total, 11636 us display, type 4
frame 112: 27992 us total, 11644 us display, type 4
frame 113: 29043 us total, 11643 us display, type 4
frame 114: 27964 us total, 11637 us display, type 4
frame 115: 28988 us total, 11644 us display, type 4
frame 116: 28104 us total, 11634 us display, type 4
frame 117: 28908 us total, 11636 us display, type 4
frame 118: 28970 us total, 11633 us display, type 4
frame 119: 28017 us total, 11643 us display, type 4
frame 120: 29016 us total, 11637 us display, type 4
frame 121: 28005 us total, 11641 us display, type 4
frame 122: 29036 us total, 11643 us display, type 4
frame 123: 27928 us total, 11633 us display, type 4
frame 124: 29036 us total, 11638 us display, type 4
frame 125: 28963 us total, 11633 us display, type 4
frame 126: 28017 us total, 11644 us display, type 4
frame 127: 29015 us total, 11638 us display, type 4
frame 128: 27997 us total, 11637 us display, type 4
frame 129: 29042 us total, 11645 us display, type 4
frame 130: 27944 us total, 11640 us display, type 4
frame 131: 29062 us total, 11643 us display, type 4
frame 132: 29087 us total, 11650 us display, type 4
frame 133: 27894 us total, 11642 us display, type 4
frame 134: 28945 us total, 11633 us display, type 4
frame 135: 28013 us total, 11643 us display, type 4
frame 136: 29052 us total, 11645 us display, type 4
frame 137: 27974 us total, 11637 us display, type 4
frame 138: 28991 us total, 11638 us display, type 4
frame 139: 29000 us total, 11637 us display, type 4
frame 140: 27988 us total, 11644 us display, type 4
frame 141: 28978 us total, 11633 us display, type 4
frame 142: 28035 us total, 11637 us display, type 4
frame 143: 29036 us total, 11644 us display, type 4
frame 144: 27945 us total, 11639 us display, type 4
frame 145: 29002 us total, 11644 us display, type 4
frame 146: 29044 us total, 11644 us display, type 4
frame 147: 27982 us total, 11637 us display, type 4
frame 148: 29016 us total, 11642 us display, type 4
frame 149: 28005 us total, 11640 us display, type 4
frame 150: 28964 us total, 11640 us display, type 4
frame 151: 28005 us total, 11637 us display, type 4
frame 152: 28995 us total, 11639 us display, type 4
frame 153: 29002 us total, 11637 us display, type 4
frame 154: 27993 us total, 11644 us display, type 4
frame 155: 29008 us total, 11637 us display, type 4
frame 156: 28046 us total, 11643 us display, type 4
frame 157: 28996 us total, 11642 us display, type 4
frame 158: 27991 us total, 11641 us display, type 4
frame 159: 28984 us total, 11639 us display, type 4
frame 160: 28952 us total, 11633 us display, type 4
frame 161: 28059 us total, 11686 us display, type 4
frame 162: 29013 us total, 11642 us display, type 4
frame 163: 27997 us total, 11640 us display, type 4
frame 164: 28965 us total, 11637 us display, type 4
frame 165: 27966 us total, 11633 us display, type 4
frame 166: 29029 us total, 11638 us display, type 4
frame 167: 28972 us total, 11632 us display, type 4
frame 168: 28049 us total, 11643 us display, type 4
frame 169: 60699 us total, 12183 us display, type 5
frame 170: 13188 us total, 12238 us display, type 5
frame 171: 12940 us total, 12139 us display, type 5
frame 172: 12937 us total, 12138 us display, type 5
frame 173: 13224 us total, 12419 us display, type 5
frame 174: 13213 us total, 12372 us display, type 5
frame 175: 12932 us total, 12134 us display, type 5
frame 176: 12961 us total, 12135 us display, type 5
frame 177: 12947 us total, 12139 us display, type 5
frame 178: 12980 us total, 12175 us display, type 5
frame 179: 12922 us total, 12133 us display, type 5
frame 180: 13024 us total, 12231 us display, type 5
frame 181: 12913 us total, 12129 us display, type 5
frame 182: 13025 us total, 12188 us display, type 5
frame 183: 12932 us total, 12138 us display, type 5
frame 184: 13186 us total, 12379 us display, type 5
frame 185: 13050 us total, 12136 us display, type 5
frame 186: 13018 us total, 12188 us display, type 5
frame 187: 12971 us total, 12133 us display, type 5
frame 188: 12956 us total, 12133 us display, type 5
frame 189: 12928 us total, 12134 us display, type 5
frame 190: 12927 us total, 12133 us display, type 5
frame 191: 12975 us total, 12131 us display, type 5
frame 192: 12954 us total, 12133 us display, type 5
frame 193: 13015 us total, 12186 us display, type 5
frame 194: 12969 us total, 12133 us display, type 5
frame 195: 13090 us total, 12277 us display, type 5
frame 196: 12987 us total, 12134 us display, type 5
frame 197: 13179 us total, 12365 us display, type 5
frame 198: 13021 us total, 12145 us display, type 5
frame 199: 12959 us total, 12133 us display, type 5
frame 200: 13207 us total, 12406 us display, type 5
frame 201: 21134 us total, 12186 us display, type 5
frame 202: 13087 us total, 12133 us display, type 5
frame 203: 12957 us total, 12139 us display, type 5
frame 204: 13016 us total, 12182 us display, type 5
frame 205: 12952 us total, 12133 us display, type 5
frame 206: 13235 us total, 12410 us display, type 5
frame 207: 13086 us total, 12255 us display, type 5
frame 208: 13029 us total, 12191 us display, type 5
frame 209: 14001 us total, 12134 us display, type 5
frame 210: 13329 us total, 12452 us display, type 5
frame 211: 12951 us total, 12132 us display, type 5
frame 212: 13014 us total, 12210 us display, type 5
frame 213: 12948 us total, 12139 us display, type 5
frame 214: 12929 us total, 12139 us display, type 5
frame 215: 13060 us total, 12236 us display, type 5
frame 216: 12996 us total, 12190 us display, type 5
frame 217: 12958 us total, 12139 us display, type 5
frame 218: 12946 us total, 12133 us display, type 5
frame 219: 12969 us total, 12139 us display, type 5
frame 220: 12948 us total, 12135 us display, type 5
frame 221: 12946 us total, 12130 us display, type 5
frame 222: 13031 us total, 12141 us display, type 5
frame 223: 13130 us total, 12310 us display, type 5
frame 224: 12958 us total, 12131 us display, type 5
frame 225: 12947 us total, 12133 us display, type 5
frame 226: 13128 us total, 12288 us display, type 5
frame 227: 12988 us total, 12181 us display, type 5
frame 228: 12950 us total, 12133 us display, type 5
frame 229: 13022 us total, 12219 us display, type 5
frame 230: 13143 us total, 12257 us display, type 5
frame 231: 13177 us total, 12394 us display, type 5
frame 232: 13005 us total, 12145 us display, type 5
frame 233: 12929 us total, 12139 us display, type 5
frame 234: 13048 us total, 12236 us display, type 5
frame 235: 13026 us total, 12202 us display, type 5
frame 236: 12950 us total, 12135 us display, type 5
frame 237: 13128 us total, 12306 us display, type 5
frame 238: 12942 us total, 12136 us display, type 5
frame 239: 13075 us total, 12265 us display, type 5
frame 240: 12962 us total, 12139 us display, type 5
frame 241: 13166 us total, 12350 us display, type 5
frame 242: 12616 us total, 11640 us display, type 3
frame 243: 37108 us total, 11686 us display, type 3
frame 244: 33164 us total, 11692 us display, type 3
frame 245: 32475 us total, 11712 us display, type 3
frame 246: 32745 us total, 11700 us display, type 3
frame 247: 33159 us total, 11692 us display, type 3
frame 248: 34705 us total, 11728 us display, type 3
frame 249: 35210 us total, 11699 us display, type 3
frame 250: 34333 us total, 11686 us display, type 3
frame 251: 35613 us total, 11969 us display, type 3
frame 252: 35031 us total, 11692 us display, type 3
frame 253: 34932 us total, 11692 us display, type 3
frame 254: 35038 us total, 11692 us display, type 3
frame 255: 35200 us total, 11699 us display, type 3
frame 256: 34686 us total, 11692 us display, type 3
mem @frame 256: heap free 67660, largest 41984, min ever 67524, zone free 41244, stack free 14540, uptime 7 s, gamestate 0, demo 1, usergame 0, tic 190
frame 257: 37111 us total, 11693 us display, type 3
frame 258: 34715 us total, 11686 us display, type 3
frame 259: 35212 us total, 11692 us display, type 3
frame 260: 35199 us total, 11699 us display, type 3
frame 261: 34875 us total, 11692 us display, type 3
frame 262: 34030 us total, 11692 us display, type 3
frame 263: 34025 us total, 11704 us display, type 3
frame 264: 33731 us total, 11808 us display, type 3
frame 265: 33621 us total, 11686 us display, type 3
frame 266: 33896 us total, 11686 us display, type 3
frame 267: 36709 us total, 11692 us display, type 3
frame 268: 36154 us total, 11693 us display, type 3
frame 269: 35939 us total, 11692 us display, type 3
frame 270: 36496 us total, 11686 us display, type 3
frame 271: 37509 us total, 11692 us display, type 3
frame 272: 35199 us total, 11856 us display, type 3
frame 273: 33848 us total, 11692 us display, type 3
frame 274: 34364 us total, 11685 us display, type 3
frame 275: 32756 us total, 11699 us display, type 3
frame 276: 31669 us total, 11692 us display, type 3
frame 277: 30794 us total, 11815 us display, type 3
frame 278: 30894 us total, 11693 us display, type 3
frame 279: 30008 us total, 11692 us display, type 3
frame 280: 30088 us total, 11683 us display, type 3
frame 281: 28937 us total, 11830 us display, type 3
frame 282: 28586 us total, 11691 us display, type 3
frame 283: 27555 us total, 11683 us display, type 3
frame 284: 27292 us total, 11688 us display, type 3
frame 285: 28447 us total, 11686 us display, type 3
frame 286: 27380 us total, 11691 us display, type 3
frame 287: 25922 us total, 11684 us display, type 3
frame 288: 26075 us total, 11687 us display, type 3
frame 289: 25744 us total, 11757 us display, type 3
frame 290: 24911 us total, 11675 us display, type 3
frame 291: 23891 us total, 11675 us display, type 3
frame 292: 23490 us total, 11685 us display, type 3
frame 293: 31046 us total, 11728 us display, type 3
frame 294: 27087 us total, 11692 us display, type 3
frame 295: 28306 us total, 11681 us display, type 3
frame 296: 28049 us total, 11671 us display, type 3
frame 297: 30676 us total, 11693 us display, type 3
frame 298: 27251 us total, 11685 us display, type 3
frame 299: 28527 us total, 11697 us display, type 3
frame 300: 28085 us total, 11698 us display, type 3
frame 301: 28955 us total, 11690 us display, type 3
frame 302: 29511 us total, 11686 us display, type 3
frame 303: 30790 us total, 11692 us display, type 3
frame 304: 30825 us total, 11692 us display, type 3
frame 305: 32155 us total, 11863 us display, type 3
frame 306: 30927 us total, 11692 us display, type 3
frame 307: 31664 us total, 11692 us display, type 3
frame 308: 33161 us total, 11699 us display, type 3
frame 309: 31761 us total, 11686 us display, type 3
frame 310: 33839 us total, 11692 us display, type 3
frame 311: 31735 us total, 11685 us display, type 3
frame 312: 31873 us total, 11692 us display, type 3
frame 313: 36899 us total, 11692 us display, type 3
frame 314: 36138 us total, 11692 us display, type 3
frame 315: 36147 us total, 11838 us display, type 3
frame 316: 36359 us total, 11685 us display, type 3
frame 317: 38822 us total, 11685 us display, type 3
frame 318: 38698 us total, 11692 us display, type 3
frame 319: 39243 us total, 11692 us display, type 3
frame 320: 38212 us total, 11685 us display, type 3
frame 321: 39336 us total, 11692 us display, type 3
frame 322: 39358 us total, 11685 us display, type 3
frame 323: 38255 us total, 11686 us display, type 3
frame 324: 39632 us total, 11693 us display, type 3
frame 325: 38577 us total, 11692 us display, type 3
frame 326: 35413 us total, 11944 us display, type 3
frame 327: 39199 us total, 11686 us display, type 3
frame 328: 42357 us total, 11732 us display, type 3
frame 329: 40221 us total, 11699 us display, type 3
frame 330: 43777 us total, 11699 us display, type 3
frame 331: 45093 us total, 11692 us display, type 3
frame 332: 44385 us total, 11685 us display, type 3
frame 333: 42339 us total, 11693 us display, type 3
frame 334: 46458 us total, 11693 us display, type 3
frame 335: 41978 us total, 11692 us display, type 3
frame 336: 48143 us total, 11810 us display, type 3
frame 337: 44449 us total, 11685 us display, type 3
frame 338: 46844 us total, 11686 us display, type 3
frame 339: 46077 us total, 11685 us display, type 3
frame 340: 42529 us total, 11699 us display, type 3
frame 341: 50601 us total, 11686 us display, type 3
frame 342: 47228 us total, 11692 us display, type 3
frame 343: 47669 us total, 11692 us display, type 3
frame 344: 47290 us total, 11700 us display, type 3
frame 345: 48816 us total, 11685 us display, type 3
frame 346: 48557 us total, 11700 us display, type 3
frame 347: 50916 us total, 11699 us display, type 3
frame 348: 50586 us total, 11692 us display, type 3
frame 349: 46526 us total, 11685 us display, type 3
frame 350: 45264 us total, 11693 us display, type 3
frame 351: 40781 us total, 11689 us display, type 3
frame 352: 40421 us total, 11692 us display, type 3
frame 353: 39380 us total, 11692 us display, type 3
frame 354: 39833 us total, 11693 us display, type 3
frame 355: 38576 us total, 11693 us display, type 3
frame 356: 39235 us total, 11692 us display, type 3
frame 357: 36261 us total, 11697 us display, type 3
frame 358: 36416 us total, 11685 us display, type 3
frame 359: 35827 us total, 11686 us display, type 3
frame 360: 37339 us total, 11692 us display, type 3
frame 361: 35660 us total, 11685 us display, type 3
frame 362: 36019 us total, 11686 us display, type 3
frame 363: 35524 us total, 11693 us display, type 3
frame 364: 35357 us total, 11700 us display, type 3
frame 365: 34902 us total, 11692 us display, type 3
frame 366: 34365 us total, 11685 us display, type 3
frame 367: 34116 us total, 11686 us display, type 3
frame 368: 36554 us total, 11693 us display, type 3
frame 369: 34535 us total, 11686 us display, type 3
frame 370: 35828 us total, 11693 us display, type 3
frame 371: 36335 us total, 11699 us display, type 3
frame 372: 36363 us total, 11699 us display, type 3
frame 373: 36148 us total, 11692 us display, type 3
frame 374: 35188 us total, 11685 us display, type 3
frame 375: 35634 us total, 11692 us display, type 3
frame 376: 38009 us total, 11693 us display, type 3
frame 377: 35358 us total, 11686 us display, type 3
frame 378: 37751 us total, 11693 us display, type 3
frame 379: 37202 us total, 11692 us display, type 3
frame 380: 41523 us total, 11834 us display, type 3
frame 381: 38821 us total, 11700 us display, type 3
frame 382: 39014 us total, 11692 us display, type 3
frame 383: 39542 us total, 11685 us display, type 3
frame 384: 39755 us total, 11693 us display, type 3
frame 385: 43785 us total, 11823 us display, type 3
frame 386: 39401 us total, 11686 us display, type 3
frame 387: 41612 us total, 11693 us display, type 3
frame 388: 40812 us total, 11691 us display, type 3
frame 389: 42125 us total, 11784 us display, type 3
frame 390: 39909 us total, 11693 us display, type 3
frame 391: 41486 us total, 11700 us display, type 3
frame 392: 43140 us total, 11867 us display, type 3
frame 393: 42079 us total, 11692 us display, type 3
frame 394: 42799 us total, 11692 us display, type 3
frame 395: 39642 us total, 11775 us display, type 3
frame 396: 41697 us total, 11692 us display, type 3
frame 397: 40254 us total, 11693 us display, type 3
frame 398: 40160 us total, 11754 us display, type 3
frame 399: 39048 us total, 11694 us display, type 3
frame 400: 38918 us total, 11692 us display, type 3
frame 401: 39238 us total, 11693 us display, type 3
frame 402: 36405 us total, 11931 us display, type 3
frame 403: 36510 us total, 11693 us display, type 3
frame 404: 38542 us total, 11685 us display, type 3
frame 405: 37530 us total, 11693 us display, type 3
frame 406: 38164 us total, 11686 us display, type 3
frame 407: 41334 us total, 11686 us display, type 3
frame 408: 37149 us total, 11693 us display, type 3
frame 409: 39867 us total, 11692 us display, type 3
frame 410: 39824 us total, 11745 us display, type 3
frame 411: 37305 us total, 11693 us display, type 3
frame 412: 40947 us total, 11699 us display, type 3
frame 413: 40105 us total, 11693 us display, type 3
frame 414: 40422 us total, 11686 us display, type 3
frame 415: 42307 us total, 11686 us display, type 3
frame 416: 42420 us total, 11701 us display, type 3
frame 417: 42380 us total, 11788 us display, type 3
frame 418: 41390 us total, 11691 us display, type 3
frame 419: 41940 us total, 11692 us display, type 3
frame 420: 41342 us total, 11694 us display, type 3
frame 421: 43736 us total, 11692 us display, type 3
frame 422: 41434 us total, 11686 us display, type 3
frame 423: 42773 us total, 11692 us display, type 3
frame 424: 38984 us total, 11694 us display, type 3
frame 425: 39484 us total, 11685 us display, type 3
frame 426: 40735 us total, 11700 us display, type 3
frame 427: 38890 us total, 11693 us display, type 3
frame 428: 38077 us total, 11692 us display, type 3
frame 429: 37510 us total, 11692 us display, type 3
frame 430: 41490 us total, 11692 us display, type 3
frame 431: 41898 us total, 11692 us display, type 3
frame 432: 40167 us total, 11686 us display, type 3
frame 433: 44021 us total, 11707 us display, type 3
frame 434: 39263 us total, 11685 us display, type 3
frame 435: 38976 us total, 11692 us display, type 3
frame 436: 41930 us total, 11690 us display, type 3
frame 437: 39485 us total, 11697 us display, type 3
frame 438: 40693 us total, 11996 us display, type 3
frame 439: 38250 us total, 11692 us display, type 3
frame 440: 39840 us total, 12049 us display, type 3
frame 441: 44154 us total, 11693 us display, type 3
frame 442: 42851 us total, 11692 us display, type 3
frame 443: 44127 us total, 11700 us display, type 3
frame 444: 44468 us total, 11686 us display, type 3
frame 445: 43539 us total, 11699 us display, type 3
frame 446: 44446 us total, 11688 us display, type 3
frame 447: 42998 us total, 11692 us display, type 3
frame 448: 43944 us total, 11693 us display, type 3
frame 449: 42948 us total, 11692 us display, type 3
frame 450: 41812 us total, 11699 us display, type 3
frame 451: 38713 us total, 11692 us display, type 3
frame 452: 39070 us total, 11697 us display, type 3
frame 453: 38301 us total, 11692 us display, type 3
frame 454: 36165 us total, 11685 us display, type 3
frame 455: 35049 us total, 11689 us display, type 3
frame 456: 38026 us total, 11686 us display, type 3
frame 457: 34056 us total, 11685 us display, type 3
frame 458: 36634 us total, 11692 us display, type 3
frame 459: 34771 us total, 11692 us display, type 3
frame 460: 35704 us total, 11686 us display, type 3
frame 461: 34427 us total, 11699 us display, type 3
frame 462: 35110 us total, 11840 us display, type 3
frame 463: 33756 us total, 11694 us display, type 3
frame 464: 35827 us total, 11685 us display, type 3
frame 465: 32824 us total, 11692 us display, type 3
frame 466: 36014 us total, 11864 us display, type 3
frame 467: 33050 us total, 11686 us display, type 3
frame 468: 33969 us total, 11727 us display, type 3
frame 469: 37888 us total, 11860 us display, type 3
frame 470: 36442 us total, 11696 us display, type 3
frame 471: 37059 us total, 11700 us display, type 3
frame 472: 38239 us total, 11692 us display, type 3
frame 473: 37605 us total, 11692 us display, type 3
frame 474: 38523 us total, 12009 us display, type 3
frame 475: 38634 us total, 11693 us display, type 3
frame 476: 36981 us total, 11778 us display, type 3
frame 477: 39005 us total, 11699 us display, type 3
frame 478: 39723 us total, 11693 us display, type 3
frame 479: 38469 us total, 11692 us display, type 3
frame 480: 39819 us total, 11699 us display, type 3
frame 481: 40022 us total, 11692 us display, type 3
frame 482: 37136 us total, 11976 us display, type 3
frame 483: 38803 us total, 11692 us display, type 3
frame 484: 39668 us total, 11685 us display, type 3
frame 485: 36132 us total, 11685 us display, type 3
frame 486: 37689 us total, 11685 us display, type 3
frame 487: 39418 us total, 11692 us display, type 3
frame 488: 36050 us total, 11699 us display, type 3
frame 489: 37395 us total, 11693 us display, type 3
frame 490: 37958 us total, 11693 us display, type 3
frame 491: 36033 us total, 11998 us display, type 3
frame 492: 35658 us total, 11692 us display, type 3
frame 493: 35439 us total, 11798 us display, type 3
frame 494: 36761 us total, 11693 us display, type 3
frame 495: 36051 us total, 11699 us display, type 3
frame 496: 35684 us total, 11692 us display, type 3
frame 497: 35430 us total, 11692 us display, type 3
frame 498: 36123 us total, 11686 us display, type 3
frame 499: 35001 us total, 11686 us display, type 3
frame 500: 34971 us total, 11811 us display, type 3
frame 501: 33692 us total, 11692 us display, type 3
frame 502: 35219 us total, 11692 us display, type 3
frame 503: 33412 us total, 11698 us display, type 3
frame 504: 32401 us total, 11699 us display, type 3
frame 505: 34614 us total, 11685 us display, type 3
frame 506: 33506 us total, 11692 us display, type 3
frame 507: 33136 us total, 11685 us display, type 3
frame 508: 33783 us total, 11693 us display, type 3
frame 509: 33223 us total, 11686 us display, type 3
frame 510: 33497 us total, 11692 us display, type 3
frame 511: 33130 us total, 11692 us display, type 3
frame 512: 33195 us total, 11692 us display, type 3
mem @frame 512: heap free 67660, largest 41984, min ever 67524, zone free 41244, stack free 14540, uptime 16 s, gamestate 0, demo 1, usergame 0, tic 525
frame 513: 35396 us total, 11686 us display, type 3
frame 514: 32458 us total, 11692 us display, type 3
frame 515: 32807 us total, 11693 us display, type 3
frame 516: 32450 us total, 11693 us display, type 3
frame 517: 32950 us total, 11699 us display, type 3
frame 518: 32261 us total, 11806 us display, type 3
frame 519: 33045 us total, 11685 us display, type 3
frame 520: 34774 us total, 11696 us display, type 3
frame 521: 32677 us total, 11780 us display, type 3
frame 522: 35883 us total, 11693 us display, type 3
frame 523: 34353 us total, 11699 us display, type 3
frame 524: 35540 us total, 11685 us display, type 3
frame 525: 36211 us total, 11693 us display, type 3
frame 526: 35488 us total, 11789 us display, type 3
frame 527: 34743 us total, 11693 us display, type 3
frame 528: 35664 us total, 11696 us display, type 3
frame 529: 36602 us total, 11685 us display, type 3
frame 530: 37134 us total, 11686 us display, type 3
frame 531: 36283 us total, 11692 us display, type 3
frame 532: 36124 us total, 11699 us display, type 3
frame 533: 37804 us total, 11692 us display, type 3
frame 534: 36264 us total, 11699 us display, type 3
frame 535: 36575 us total, 11692 us display, type 3
frame 536: 38729 us total, 11685 us display, type 3
frame 537: 35330 us total, 11685 us display, type 3
frame 538: 36743 us total, 11687 us display, type 3
frame 539: 35806 us total, 11835 us display, type 3
frame 540: 35196 us total, 11685 us display, type 3
frame 541: 34796 us total, 11693 us display, type 3
frame 542: 35614 us total, 11696 us display, type 3
frame 543: 34540 us total, 11685 us display, type 3
frame 544: 38315 us total, 11686 us display, type 3
frame 545: 35410 us total, 11692 us display, type 3
frame 546: 37107 us total, 11692 us display, type 3
frame 547: 38169 us total, 11685 us display, type 3
frame 548: 37131 us total, 11686 us display, type 3
frame 549: 36437 us total, 11693 us display, type 3
frame 550: 36418 us total, 11686 us display, type 3
frame 551: 38094 us total, 11685 us display, type 3
frame 552: 36450 us total, 11699 us display, type 3
frame 553: 34716 us total, 11805 us display, type 3
frame 554: 37282 us total, 11804 us display, type 3
frame 555: 35364 us total, 11699 us display, type 3
frame 556: 36305 us total, 11685 us display, type 3
frame 557: 35341 us total, 11693 us display, type 3
frame 558: 37596 us total, 11685 us display, type 3
frame 559: 37993 us total, 11685 us display, type 3
frame 560: 35636 us total, 11693 us display, type 3
frame 561: 37148 us total, 11692 us display, type 3
frame 562: 35341 us total, 11692 us display, type 3
frame 563: 35787 us total, 11692 us display, type 3
frame 564: 35153 us total, 11693 us display, type 3
frame 565: 36929 us total, 11687 us display, type 3
frame 566: 38183 us total, 11685 us display, type 3
frame 567: 36771 us total, 11686 us display, type 3
frame 568: 36757 us total, 11693 us display, type 3
frame 569: 36852 us total, 11693 us display, type 3
frame 570: 36438 us total, 11693 us display, type 3
frame 571: 36224 us total, 11686 us display, type 3
frame 572: 39631 us total, 11757 us display, type 3
frame 573: 38225 us total, 11686 us display, type 3
frame 574: 36958 us total, 11687 us display, type 3
frame 575: 39491 us total, 11693 us display, type 3
frame 576: 37992 us total, 11693 us display, type 3
frame 577: 39019 us total, 11990 us display, type 3
frame 578: 39525 us total, 11777 us display, type 3
frame 579: 37640 us total, 11695 us display, type 3
frame 580: 36514 us total, 11686 us display, type 3
frame 581: 38054 us total, 11694 us display, type 3
frame 582: 36923 us total, 11753 us display, type 3
frame 583: 35552 us total, 11693 us display, type 3
frame 584: 37532 us total, 11834 us display, type 3
frame 585: 35760 us total, 11686 us display, type 3
frame 586: 35960 us total, 11691 us display, type 3
frame 587: 35362 us total, 11693 us display, type 3
frame 588: 39784 us total, 11716 us display, type 3
frame 589: 37092 us total, 11687 us display, type 3
frame 590: 36333 us total, 11693 us display, type 3
frame 591: 37039 us total, 11693 us display, type 3
frame 592: 35387 us total, 11895 us display, type 3
frame 593: 34713 us total, 11705 us display, type 3
frame 594: 35281 us total, 11907 us display, type 3
frame 595: 37161 us total, 11825 us display, type 3
frame 596: 35189 us total, 11692 us display, type 3
frame 597: 35135 us total, 11700 us display, type 3
frame 598: 36197 us total, 11692 us display, type 3
frame 599: 36889 us total, 11693 us display, type 3
frame 600: 36807 us total, 11693 us display, type 3
frame 601: 36111 us total, 11699 us display, type 3
frame 602: 36853 us total, 11699 us display, type 3
frame 603: 35892 us total, 11687 us display, type 3
frame 604: 35332 us total, 11698 us display, type 3
frame 605: 34655 us total, 11685 us display, type 3
frame 606: 37062 us total, 11692 us display, type 3
frame 607: 37398 us total, 11693 us display, type 3
frame 608: 35665 us total, 11693 us display, type 3
frame 609: 35328 us total, 11693 us display, type 3
frame 610: 36293 us total, 11686 us display, type 3
frame 611: 37131 us total, 11686 us display, type 3
frame 612: 35603 us total, 11789 us display, type 3
frame 613: 36940 us total, 11693 us display, type 3
frame 614: 37514 us total, 11687 us display, type 3
frame 615: 35795 us total, 11685 us display, type 3
frame 616: 37299 us total, 11686 us display, type 3
frame 617: 36051 us total, 11693 us display, type 3
frame 618: 36939 us total, 11685 us display, type 3
frame 619: 35303 us total, 11692 us display, type 3
frame 620: 36600 us total, 11692 us display, type 3
frame 621: 38638 us total, 11700 us display, type 3
frame 622: 36143 us total, 11692 us display, type 3
frame 623: 36406 us total, 11977 us display, type 3
frame 624: 37463 us total, 11691 us display, type 3
frame 625: 37789 us total, 11692 us display, type 3
frame 626: 36287 us total, 11685 us display, type 3
frame 627: 36356 us total, 11686 us display, type 3
frame 628: 37280 us total, 11692 us display, type 3
frame 629: 36918 us total, 11693 us display, type 3
frame 630: 35965 us total, 11692 us display, type 3
frame 631: 35048 us total, 11692 us display, type 3
frame 632: 39164 us total, 11693 us display, type 3
frame 633: 36404 us total, 11693 us display, type 3
frame 634: 36152 us total, 11691 us display, type 3
frame 635: 38330 us total, 11699 us display, type 3
frame 636: 36072 us total, 11832 us display, type 3
frame 637: 38084 us total, 11693 us display, type 3
frame 638: 37838 us total, 11699 us display, type 3
frame 639: 37024 us total, 11692 us display, type 3
frame 640: 37379 us total, 11687 us display, type 3
frame 641: 35831 us total, 11699 us display, type 3
frame 642: 39083 us total, 11691 us display, type 3
frame 643: 37364 us total, 11685 us display, type 3
frame 644: 36819 us total, 11686 us display, type 3
frame 645: 38468 us total, 11804 us display, type 3
frame 646: 35717 us total, 11686 us display, type 3
frame 647: 39566 us total, 11692 us display, type 3
frame 648: 38692 us total, 11693 us display, type 3
frame 649: 35776 us total, 11685 us display, type 3
frame 650: 37229 us total, 11693 us display, type 3
frame 651: 37020 us total, 11693 us display, type 3
frame 652: 36267 us total, 11776 us display, type 3
frame 653: 36527 us total, 11687 us display, type 3
frame 654: 34416 us total, 11693 us display, type 3
frame 655: 37525 us total, 11686 us display, type 3
frame 656: 34680 us total, 11687 us display, type 3
frame 657: 35014 us total, 11686 us display, type 3
frame 658: 33682 us total, 11700 us display, type 3
frame 659: 35156 us total, 11694 us display, type 3
frame 660: 33698 us total, 11726 us display, type 3
frame 661: 35640 us total, 11686 us display, type 3
frame 662: 33429 us total, 11701 us display, type 3
frame 663: 34819 us total, 11693 us display, type 3
frame 664: 33592 us total, 11687 us display, type 3
frame 665: 35202 us total, 11790 us display, type 3
frame 666: 33096 us total, 11687 us display, type 3
frame 667: 33950 us total, 11693 us display, type 3
frame 668: 32009 us total, 11705 us display, type 3
frame 669: 32379 us total, 11693 us display, type 3
frame 670: 33695 us total, 11686 us display, type 3
frame 671: 32848 us total, 12288 us display, type 3
frame 672: 33067 us total, 11815 us display, type 3
frame 673: 31941 us total, 11693 us display, type 3
frame 674: 31758 us total, 11686 us display, type 3
frame 675: 32706 us total, 11693 us display, type 3
frame 676: 32100 us total, 11693 us display, type 3
frame 677: 34065 us total, 11700 us display, type 3
frame 678: 32458 us total, 11686 us display, type 3
frame 679: 31771 us total, 11687 us display, type 3
frame 680: 34494 us total, 11694 us display, type 3
frame 681: 31651 us total, 11688 us display, type 3
frame 682: 33831 us total, 11685 us display, type 3
frame 683: 33438 us total, 11693 us display, type 3
frame 684: 33430 us total, 11699 us display, type 3
frame 685: 31965 us total, 11693 us display, type 3
frame 686: 33189 us total, 11685 us display, type 3
frame 687: 33650 us total, 11692 us display, type 3
frame 688: 33460 us total, 11686 us display, type 3
frame 689: 35930 us total, 11686 us display, type 3
frame 690: 34812 us total, 11698 us display, type 3
frame 691: 35588 us total, 11692 us display, type 3
frame 692: 37131 us total, 11693 us display, type 3
frame 693: 41356 us total, 11693 us display, type 3
frame 694: 42422 us total, 11692 us display, type 3
frame 695: 43817 us total, 11869 us display, type 3
frame 696: 46498 us total, 11692 us display, type 3
frame 697: 44005 us total, 11692 us display, type 3
frame 698: 40865 us total, 11693 us display, type 3
frame 699: 40887 us total, 11693 us display, type 3
frame 700: 39669 us total, 11685 us display, type 3
frame 701: 38616 us total, 11696 us display, type 3
frame 702: 38766 us total, 11699 us display, type 3
frame 703: 42159 us total, 11693 us display, type 3
frame 704: 42857 us total, 11804 us display, type 3
frame 705: 40877 us total, 11693 us display, type 3
frame 706: 44167 us total, 11692 us display, type 3
frame 707: 41664 us total, 11692 us display, type 3
frame 708: 43937 us total, 11693 us display, type 3
frame 709: 41690 us total, 11731 us display, type 3
frame 710: 43850 us total, 11692 us display, type 3
frame 711: 41491 us total, 11702 us display, type 3
frame 712: 41209 us total, 11692 us display, type 3
frame 713: 41572 us total, 11743 us display, type 3
frame 714: 41008 us total, 11686 us display, type 3
frame 715: 45221 us total, 11685 us display, type 3
frame 716: 39861 us total, 11686 us display, type 3
frame 717: 40714 us total, 11693 us display, type 3
frame 718: 37181 us total, 11686 us display, type 3
frame 719: 39305 us total, 11917 us display, type 3
frame 720: 34218 us total, 11692 us display, type 3
frame 721: 37179 us total, 11700 us display, type 3
frame 722: 39038 us total, 11692 us display, type 3
frame 723: 46699 us total, 11692 us display, type 3
frame 724: 39209 us total, 11978 us display, type 3
frame 725: 40661 us total, 11685 us display, type 3
frame 726: 39167 us total, 11840 us display, type 3
frame 727: 39522 us total, 11686 us display, type 3
frame 728: 39675 us total, 11693 us display, type 3
frame 729: 40799 us total, 11991 us display, type 3
frame 730: 37775 us total, 11685 us display, type 3
frame 731: 36248 us total, 12045 us display, type 3
frame 732: 35092 us total, 11692 us display, type 3
frame 733: 37983 us total, 11692 us display, type 3
frame 734: 38711 us total, 11692 us display, type 3
frame 735: 37167 us total, 11693 us display, type 3
frame 736: 38842 us total, 11685 us display, type 3
frame 737: 35782 us total, 11694 us display, type 3
frame 738: 35488 us total, 11693 us display, type 3
frame 739: 36969 us total, 11693 us display, type 3
frame 740: 36092 us total, 11700 us display, type 3
frame 741: 36142 us total, 11699 us display, type 3
frame 742: 35939 us total, 11693 us display, type 3
frame 743: 36917 us total, 11699 us display, type 3
frame 744: 36797 us total, 11692 us display, type 3
frame 745: 36056 us total, 11699 us display, type 3
frame 746: 36122 us total, 11693 us display, type 3
frame 747: 33545 us total, 11693 us display, type 3
frame 748: 32738 us total, 11692 us display, type 3
frame 749: 32485 us total, 11691 us display, type 3
frame 750: 31911 us total, 11692 us display, type 3
frame 751: 31692 us total, 11686 us display, type 3
frame 752: 30762 us total, 11692 us display, type 3
frame 753: 30894 us total, 11699 us display, type 3
frame 754: 30679 us total, 11686 us display, type 3
frame 755: 32768 us total, 11695 us display, type 3
frame 756: 33149 us total, 11686 us display, type 3
frame 757: 32652 us total, 11693 us display, type 3
frame 758: 33100 us total, 11685 us display, type 3
frame 759: 32376 us total, 11686 us display, type 3
frame 760: 32865 us total, 11693 us display, type 3
frame 761: 31520 us total, 11692 us display, type 3
frame 762: 33004 us total, 11692 us display, type 3
frame 763: 31618 us total, 11686 us display, type 3
frame 764: 32171 us total, 11692 us display, type 3
frame 765: 31178 us total, 11698 us display, type 3
frame 766: 30949 us total, 11693 us display, type 3
frame 767: 30922 us total, 11692 us display, type 3
frame 768: 31108 us total, 11693 us display, type 3
mem @frame 768: heap free 67660, largest 41984, min ever 67524, zone free 41188, stack free 14540, uptime 26 s, gamestate 0, demo 1, usergame 0, tic 851
frame 769: 33017 us total, 11889 us display, type 3
frame 770: 31296 us total, 11693 us display, type 3
frame 771: 33002 us total, 11693 us display, type 3
frame 772: 30648 us total, 11745 us display, type 3
frame 773: 32319 us total, 11685 us display, type 3
frame 774: 32964 us total, 11693 us display, type 3
frame 775: 31359 us total, 11692 us display, type 3
frame 776: 31940 us total, 11686 us display, type 3
frame 777: 32529 us total, 11977 us display, type 3
frame 778: 32082 us total, 11737 us display, type 3
frame 779: 33976 us total, 11692 us display, type 3
frame 780: 32157 us total, 11686 us display, type 3
frame 781: 31925 us total, 11692 us display, type 3
frame 782: 34053 us total, 11685 us display, type 3
frame 783: 32122 us total, 11691 us display, type 3
frame 784: 33374 us total, 11692 us display, type 3
frame 785: 33191 us total, 11692 us display, type 3
frame 786: 35695 us total, 11686 us display, type 3
frame 787: 33556 us total, 11693 us display, type 3
frame 788: 34736 us total, 11699 us display, type 3
frame 789: 35807 us total, 11758 us display, type 3
frame 790: 37317 us total, 11692 us display, type 3
frame 791: 37787 us total, 11693 us display, type 3
frame 792: 37198 us total, 11693 us display, type 3
frame 793: 36414 us total, 11757 us display, type 3
frame 794: 38558 us total, 11694 us display, type 3
frame 795: 38312 us total, 11780 us display, type 3
frame 796: 38070 us total, 11686 us display, type 3
frame 797: 39133 us total, 11694 us display, type 3
frame 798: 39418 us total, 11692 us display, type 3
frame 799: 37590 us total, 11946 us display, type 3
frame 800: 40548 us total, 11699 us display, type 3
frame 801: 38589 us total, 11687 us display, type 3
frame 802: 39587 us total, 11691 us display, type 3
frame 803: 40596 us total, 11699 us display, type 3
frame 804: 40339 us total, 11694 us display, type 3
frame 805: 41275 us total, 11685 us display, type 3
frame 806: 38606 us total, 11700 us display, type 3
frame 807: 39974 us total, 11842 us display, type 3
frame 808: 38848 us total, 11692 us display, type 3
frame 809: 37964 us total, 11701 us display, type 3
frame 810: 40323 us total, 11692 us display, type 3
frame 811: 39505 us total, 11766 us display, type 3
frame 812: 37691 us total, 11686 us display, type 3
frame 813: 40578 us total, 11748 us display, type 3
frame 814: 36950 us total, 11692 us display, type 3
frame 815: 35192 us total, 11693 us display, type 3
frame 816: 36104 us total, 11692 us display, type 3
frame 817: 34424 us total, 11798 us display, type 3
frame 818: 35177 us total, 11692 us display, type 3
frame 819: 33343 us total, 11699 us display, type 3
frame 820: 35728 us total, 12245 us display, type 3
frame 821: 33511 us total, 11686 us display, type 3
frame 822: 33714 us total, 11692 us display, type 3
frame 823: 33120 us total, 11699 us display, type 3
frame 824: 35297 us total, 11692 us display, type 3
frame 825: 36135 us total, 11686 us display, type 3
frame 826: 37654 us total, 11688 us display, type 3
frame 827: 36825 us total, 11692 us display, type 3
frame 828: 38709 us total, 11692 us display, type 3
frame 829: 44255 us total, 11692 us display, type 3
frame 830: 43842 us total, 11693 us display, type 3
frame 831: 45318 us total, 11856 us display, type 3
frame 832: 43027 us total, 11686 us display, type 3
frame 833: 46074 us total, 11685 us display, type 3
frame 834: 44097 us total, 11692 us display, type 3
frame 835: 43799 us total, 11686 us display, type 3
frame 836: 43510 us total, 11692 us display, type 3
frame 837: 43404 us total, 11692 us display, type 3
frame 838: 43929 us total, 11781 us display, type 3
frame 839: 41504 us total, 11687 us display, type 3
frame 840: 42878 us total, 11758 us display, type 3
frame 841: 40806 us total, 11686 us display, type 3
frame 842: 43250 us total, 11686 us display, type 3
frame 843: 41694 us total, 11699 us display, type 3
frame 844: 42465 us total, 11793 us display, type 3
frame 845: 40795 us total, 11685 us display, type 3
frame 846: 41155 us total, 11686 us display, type 3
frame 847: 42996 us total, 11686 us display, type 3
frame 848: 41242 us total, 11948 us display, type 3
frame 849: 44224 us total, 11692 us display, type 3
frame 850: 41342 us total, 11692 us display, type 3
frame 851: 42183 us total, 11686 us display, type 3
frame 852: 40677 us total, 11685 us display, type 3
frame 853: 41239 us total, 11685 us display, type 3
frame 854: 41259 us total, 11695 us display, type 3
frame 855: 41427 us total, 11698 us display, type 3
frame 856: 38710 us total, 11693 us display, type 3
frame 857: 41039 us total, 11692 us display, type 3
frame 858: 41138 us total, 11996 us display, type 3
frame 859: 40483 us total, 11685 us display, type 3
frame 860: 43015 us total, 11686 us display, type 3
frame 861: 40139 us total, 11692 us display, type 3
frame 862: 47436 us total, 11693 us display, type 3
frame 863: 43632 us total, 11792 us display, type 3
frame 864: 44818 us total, 11686 us display, type 3
frame 865: 43149 us total, 11697 us display, type 3
frame 866: 44629 us total, 11984 us display, type 3
frame 867: 42978 us total, 11685 us display, type 3
frame 868: 47434 us total, 11693 us display, type 3
frame 869: 47372 us total, 11692 us display, type 3
frame 870: 46739 us total, 11692 us display, type 3
frame 871: 47488 us total, 11685 us display, type 3
frame 872: 46728 us total, 11692 us display, type 3
frame 873: 46748 us total, 11693 us display, type 3
frame 874: 47976 us total, 11832 us display, type 3
frame 875: 46737 us total, 11685 us display, type 3
frame 876: 45366 us total, 12205 us display, type 3
frame 877: 46021 us total, 11699 us display, type 3
frame 878: 45670 us total, 11777 us display, type 3
frame 879: 43187 us total, 11700 us display, type 3
frame 880: 44389 us total, 11687 us display, type 3
frame 881: 43319 us total, 11779 us display, type 3
frame 882: 44195 us total, 11692 us display, type 3
frame 883: 44690 us total, 11685 us display, type 3
frame 884: 44094 us total, 11714 us display, type 3
frame 885: 46690 us total, 11693 us display, type 3
frame 886: 44621 us total, 11700 us display, type 3
frame 887: 43447 us total, 11685 us display, type 3
frame 888: 44517 us total, 11993 us display, type 3
frame 889: 42585 us total, 11686 us display, type 3
frame 890: 39942 us total, 11685 us display, type 3
frame 891: 38852 us total, 11693 us display, type 3
frame 892: 39802 us total, 11821 us display, type 3
frame 893: 38233 us total, 11692 us display, type 3
frame 894: 39101 us total, 11685 us display, type 3
frame 895: 41731 us total, 11699 us display, type 3
frame 896: 40359 us total, 11686 us display, type 3
frame 897: 41988 us total, 11686 us display, type 3
frame 898: 43179 us total, 11830 us display, type 3
frame 899: 43497 us total, 11998 us display, type 3
frame 900: 42279 us total, 11693 us display, type 3
frame 901: 45448 us total, 11692 us display, type 3
frame 902: 44139 us total, 11692 us display, type 3
frame 903: 44378 us total, 11685 us display, type 3
frame 904: 43009 us total, 11686 us display, type 3
frame 905: 43305 us total, 11686 us display, type 3
frame 906: 44451 us total, 11811 us display, type 3
frame 907: 43424 us total, 11686 us display, type 3
frame 908: 43860 us total, 11804 us display, type 3
frame 909: 43745 us total, 11692 us display, type 3
frame 910: 43939 us total, 11700 us display, type 3
frame 911: 45263 us total, 11685 us display, type 3
frame 912: 43868 us total, 11693 us display, type 3
frame 913: 42638 us total, 11692 us display, type 3
frame 914: 43872 us total, 11967 us display, type 3
frame 915: 42781 us total, 11686 us display, type 3
frame 916: 44450 us total, 11693 us display, type 3
frame 917: 42277 us total, 11699 us display, type 3
frame 918: 42838 us total, 11693 us display, type 3
frame 919: 42395 us total, 11689 us display, type 3
frame 920: 44095 us total, 11793 us display, type 3
frame 921: 43129 us total, 11686 us display, type 3
frame 922: 41796 us total, 11685 us display, type 3
frame 923: 40718 us total, 11714 us display, type 3
frame 924: 41921 us total, 11693 us display, type 3
frame 925: 40000 us total, 11693 us display, type 3
frame 926: 40596 us total, 11715 us display, type 3
frame 927: 40356 us total, 11694 us display, type 3
frame 928: 39632 us total, 11733 us display, type 3
frame 929: 39607 us total, 11692 us display, type 3
frame 930: 37294 us total, 11693 us display, type 3
frame 931: 39238 us total, 11692 us display, type 3
frame 932: 37353 us total, 11692 us display, type 3
frame 933: 39534 us total, 11692 us display, type 3
frame 934: 39227 us total, 11692 us display, type 3
frame 935: 37608 us total, 11686 us display, type 3
frame 936: 37623 us total, 11693 us display, type 3
frame 937: 38939 us total, 11692 us display, type 3
frame 938: 37534 us total, 11685 us display, type 3
frame 939: 38605 us total, 11687 us display, type 3
frame 940: 37606 us total, 11699 us display, type 3
frame 941: 36429 us total, 11693 us display, type 3
frame 942: 36315 us total, 11686 us display, type 3
frame 943: 36150 us total, 11765 us display, type 3
frame 944: 36882 us total, 11685 us display, type 3
frame 945: 34740 us total, 11685 us display, type 3
frame 946: 35444 us total, 11693 us display, type 3
frame 947: 34334 us total, 11932 us display, type 3
frame 948: 35257 us total, 11900 us display, type 3
frame 949: 33600 us total, 11693 us display, type 3
frame 950: 31854 us total, 11693 us display, type 3
frame 951: 31679 us total, 11685 us display, type 3
frame 952: 31766 us total, 11788 us display, type 3
frame 953: 29811 us total, 11692 us display, type 3
frame 954: 30195 us total, 11685 us display, type 3
frame 955: 30826 us total, 11699 us display, type 3
frame 956: 30653 us total, 11693 us display, type 3
frame 957: 29518 us total, 11687 us display, type 3
frame 958: 30210 us total, 11685 us display, type 3
frame 959: 28855 us total, 11685 us display, type 3
frame 960: 28289 us total, 11686 us display, type 3
frame 961: 28220 us total, 11691 us display, type 3
frame 962: 28856 us total, 11689 us display, type 3
frame 963: 28327 us total, 11936 us display, type 3
frame 964: 28745 us total, 11692 us display, type 3
frame 965: 28128 us total, 11691 us display, type 3
frame 966: 27733 us total, 11680 us display, type 3
frame 967: 30759 us total, 11692 us display, type 3
frame 968: 31521 us total, 11693 us display, type 3
frame 969: 32864 us total, 11693 us display, type 3
frame 970: 33251 us total, 11700 us display, type 3
frame 971: 32935 us total, 11695 us display, type 3
frame 972: 34004 us total, 11710 us display, type 3
frame 973: 39653 us total, 11782 us display, type 3
frame 974: 38644 us total, 11685 us display, type 3
frame 975: 37737 us total, 11693 us display, type 3
frame 976: 39931 us total, 11692 us display, type 3
frame 977: 39105 us total, 11699 us display, type 3
frame 978: 38990 us total, 11699 us display, type 3
frame 979: 38087 us total, 11693 us display, type 3
frame 980: 39262 us total, 11685 us display, type 3
frame 981: 40201 us total, 11686 us display, type 3
frame 982: 39505 us total, 11692 us display, type 3
frame 983: 40979 us total, 11802 us display, type 3
frame 984: 41203 us total, 11686 us display, type 3
frame 985: 41420 us total, 11692 us display, type 3
frame 986: 39570 us total, 11692 us display, type 3
frame 987: 41100 us total, 11686 us display, type 3
frame 988: 42252 us total, 11988 us display, type 3
frame 989: 41024 us total, 11686 us display, type 3
frame 990: 39601 us total, 11685 us display, type 3
frame 991: 42174 us total, 11691 us display, type 3
frame 992: 40558 us total, 11999 us display, type 3
frame 993: 40073 us total, 11699 us display, type 3
frame 994: 44633 us total, 11693 us display, type 3
frame 995: 43896 us total, 11889 us display, type 3
frame 996: 42523 us total, 11693 us display, type 3
frame 997: 43908 us total, 11793 us display, type 3
frame 998: 41786 us total, 11692 us display, type 3
frame 999: 46705 us total, 11686 us display, type 3
frame 1000: 44817 us total, 11686 us display, type 3
frame 1001: 43642 us total, 11896 us display, type 3
frame 1002: 43628 us total, 11685 us display, type 3
frame 1003: 43191 us total, 11692 us display, type 3
frame 1004: 44929 us total, 11800 us display, type 3
frame 1005: 43860 us total, 11686 us display, type 3
frame 1006: 39828 us total, 11685 us display, type 3
frame 1007: 39582 us total, 11700 us display, type 3
frame 1008: 38930 us total, 11749 us display, type 3
frame 1009: 38304 us total, 11691 us display, type 3
frame 1010: 38468 us total, 11692 us display, type 3
frame 1011: 37317 us total, 11693 us display, type 3
frame 1012: 37879 us total, 11692 us display, type 3
frame 1013: 37694 us total, 11784 us display, type 3
frame 1014: 41332 us total, 11699 us display, type 3
frame 1015: 39604 us total, 11685 us display, type 3
frame 1016: 38941 us total, 11686 us display, type 3
frame 1017: 38872 us total, 11685 us display, type 3
frame 1018: 37311 us total, 11685 us display, type 3
frame 1019: 36863 us total, 11687 us display, type 3
frame 1020: 36211 us total, 11693 us display, type 3
frame 1021: 36023 us total, 11692 us display, type 3
frame 1022: 34961 us total, 11692 us display, type 3
frame 1023: 34878 us total, 12195 us display, type 3
frame 1024: 35169 us total, 11815 us display, type 3
mem @frame 1024: heap free 67660, largest 41984, min ever 67524, zone free 40564, stack free 14540, uptime 36 s, gamestate 0, demo 1, usergame 0, tic 1202
frame 1025: 36015 us total, 11699 us display, type 3
frame 1026: 40190 us total, 11693 us display, type 3
frame 1027: 35480 us total, 11690 us display, type 3
frame 1028: 36822 us total, 11686 us display, type 3
frame 1029: 38675 us total, 11693 us display, type 3
frame 1030: 36949 us total, 11692 us display, type 3
frame 1031: 37062 us total, 11693 us display, type 3
frame 1032: 38197 us total, 11698 us display, type 3
frame 1033: 38300 us total, 11973 us display, type 3
frame 1034: 38773 us total, 11698 us display, type 3
frame 1035: 39368 us total, 11685 us display, type 3
frame 1036: 38609 us total, 11692 us display, type 3
frame 1037: 39317 us total, 11692 us display, type 3
frame 1038: 39876 us total, 11980 us display, type 3
frame 1039: 40130 us total, 11685 us display, type 3
frame 1040: 41147 us total, 12043 us display, type 3
frame 1041: 39546 us total, 11699 us display, type 3
frame 1042: 38228 us total, 11690 us display, type 3
frame 1043: 42589 us total, 12074 us display, type 3
frame 1044: 41162 us total, 11692 us display, type 3
frame 1045: 43217 us total, 11685 us display, type 3
frame 1046: 40859 us total, 11687 us display, type 3
frame 1047: 44156 us total, 12015 us display, type 3
frame 1048: 40516 us total, 11693 us display, type 3
frame 1049: 41761 us total, 11693 us display, type 3
frame 1050: 39828 us total, 11685 us display, type 3
frame 1051: 42261 us total, 11692 us display, type 3
frame 1052: 43299 us total, 11805 us display, type 3
frame 1053: 41868 us total, 11692 us display, type 3
frame 1054: 40125 us total, 11692 us display, type 3
frame 1055: 40782 us total, 11692 us display, type 3
frame 1056: 39679 us total, 11686 us display, type 3
frame 1057: 39566 us total, 11693 us display, type 3
frame 1058: 38233 us total, 11719 us display, type 3
frame 1059: 37654 us total, 11699 us display, type 3
frame 1060: 37491 us total, 11686 us display, type 3
frame 1061: 39166 us total, 11685 us display, type 3
frame 1062: 38732 us total, 11686 us display, type 3
frame 1063: 39207 us total, 11686 us display, type 3
frame 1064: 43998 us total, 11685 us display, type 3
frame 1065: 41797 us total, 11686 us display, type 3
frame 1066: 48778 us total, 11692 us display, type 3
frame 1067: 44323 us total, 11685 us display, type 3
frame 1068: 47371 us total, 11692 us display, type 3
frame 1069: 45919 us total, 11700 us display, type 3
frame 1070: 45322 us total, 11800 us display, type 3
frame 1071: 49066 us total, 11739 us display, type 3
frame 1072: 49657 us total, 11693 us display, type 3
frame 1073: 49765 us total, 11691 us display, type 3
frame 1074: 51665 us total, 11686 us display, type 3
frame 1075: 49556 us total, 11694 us display, type 3
frame 1076: 51496 us total, 11686 us display, type 3
frame 1077: 52055 us total, 11794 us display, type 3
frame 1078: 51702 us total, 11700 us display, type 3
frame 1079: 50535 us total, 11686 us display, type 3
frame 1080: 51592 us total, 11693 us display, type 3
frame 1081: 50401 us total, 11685 us display, type 3
frame 1082: 48575 us total, 11692 us display, type 3
frame 1083: 45307 us total, 11686 us display, type 3
frame 1084: 42159 us total, 11779 us display, type 3
frame 1085: 42560 us total, 11692 us display, type 3
frame 1086: 43831 us total, 11692 us display, type 3
frame 1087: 41186 us total, 11699 us display, type 3
frame 1088: 49725 us total, 11693 us display, type 3
frame 1089: 44595 us total, 11685 us display, type 3
frame 1090: 45668 us total, 11692 us display, type 3
frame 1091: 43394 us total, 11686 us display, type 3
frame 1092: 46557 us total, 11700 us display, type 3
frame 1093: 44641 us total, 11692 us display, type 3
frame 1094: 44938 us total, 11692 us display, type 3
frame 1095: 46779 us total, 11843 us display, type 3
frame 1096: 45958 us total, 11685 us display, type 3
frame 1097: 45793 us total, 11818 us display, type 3
frame 1098: 49909 us total, 11692 us display, type 3
frame 1099: 48739 us total, 11692 us display, type 3
frame 1100: 50178 us total, 11692 us display, type 3
frame 1101: 48190 us total, 11932 us display, type 3
frame 1102: 47426 us total, 11692 us display, type 3
frame 1103: 48036 us total, 11692 us display, type 3
frame 1104: 49079 us total, 11976 us display, type 3
frame 1105: 46657 us total, 11685 us display, type 3
frame 1106: 45721 us total, 11692 us display, type 3
frame 1107: 43550 us total, 11692 us display, type 3
frame 1108: 42543 us total, 11694 us display, type 3
frame 1109: 43022 us total, 11686 us display, type 3
frame 1110: 43162 us total, 11790 us display, type 3
frame 1111: 48619 us total, 12225 us display, type 3
frame 1112: 45055 us total, 11700 us display, type 3
frame 1113: 46752 us total, 11995 us display, type 3
frame 1114: 45040 us total, 11692 us display, type 3
frame 1115: 47091 us total, 11692 us display, type 3
frame 1116: 47118 us total, 11699 us display, type 3
frame 1117: 46022 us total, 11693 us display, type 3
frame 1118: 45170 us total, 11685 us display, type 3
frame 1119: 46307 us total, 11686 us display, type 3
frame 1120: 45611 us total, 11717 us display, type 3
frame 1121: 44991 us total, 11686 us display, type 3
frame 1122: 46587 us total, 11693 us display, type 3
frame 1123: 45389 us total, 11695 us display, type 3
frame 1124: 46714 us total, 11693 us display, type 3
frame 1125: 46130 us total, 11880 us display, type 3
frame 1126: 47839 us total, 11692 us display, type 3
frame 1127: 46464 us total, 11689 us display, type 3
frame 1128: 46927 us total, 11689 us display, type 3
frame 1129: 46549 us total, 11699 us display, type 3
frame 1130: 47041 us total, 11692 us display, type 3
frame 1131: 44717 us total, 11685 us display, type 3
frame 1132: 45852 us total, 11685 us display, type 3
frame 1133: 44135 us total, 11692 us display, type 3
frame 1134: 50667 us total, 11692 us display, type 3
frame 1135: 47040 us total, 11687 us display, type 3
frame 1136: 46477 us total, 11747 us display, type 3
frame 1137: 45567 us total, 11686 us display, type 3
frame 1138: 47741 us total, 11693 us display, type 3
frame 1139: 45709 us total, 11754 us display, type 3
frame 1140: 47799 us total, 11916 us display, type 3
frame 1141: 47411 us total, 11692 us display, type 3
frame 1142: 47378 us total, 11686 us display, type 3
frame 1143: 47789 us total, 11692 us display, type 3
frame 1144: 48466 us total, 11685 us display, type 3
frame 1145: 46753 us total, 11685 us display, type 3
frame 1146: 49068 us total, 11685 us display, type 3
frame 1147: 47539 us total, 11699 us display, type 3
frame 1148: 49015 us total, 11692 us display, type 3
frame 1149: 49355 us total, 11693 us display, type 3
frame 1150: 49097 us total, 11685 us display, type 3
frame 1151: 48764 us total, 11692 us display, type 3
frame 1152: 46089 us total, 11685 us display, type 3
frame 1153: 46330 us total, 11686 us display, type 3
frame 1154: 46598 us total, 11695 us display, type 3
frame 1155: 45389 us total, 11827 us display, type 3
frame 1156: 50895 us total, 11687 us display, type 3
frame 1157: 46951 us total, 11685 us display, type 3
frame 1158: 47755 us total, 11820 us display, type 3
frame 1159: 46222 us total, 11685 us display, type 3
frame 1160: 48904 us total, 11761 us display, type 3
frame 1161: 49039 us total, 11821 us display, type 3
frame 1162: 48333 us total, 11692 us display, type 3
frame 1163: 47439 us total, 11692 us display, type 3
frame 1164: 48429 us total, 11755 us display, type 3
frame 1165: 47477 us total, 11696 us display, type 3
frame 1166: 47926 us total, 11699 us display, type 3
frame 1167: 46927 us total, 11692 us display, type 3
frame 1168: 47109 us total, 11692 us display, type 3
frame 1169: 46294 us total, 11685 us display, type 3
frame 1170: 47087 us total, 11685 us display, type 3
frame 1171: 46306 us total, 11692 us display, type 3
frame 1172: 46793 us total, 11688 us display, type 3
frame 1173: 47117 us total, 11686 us display, type 3
frame 1174: 46009 us total, 11687 us display, type 3
frame 1175: 43077 us total, 11693 us display, type 3
frame 1176: 45574 us total, 11693 us display, type 3
frame 1177: 43191 us total, 11686 us display, type 3
frame 1178: 49827 us total, 11686 us display, type 3
frame 1179: 45689 us total, 11696 us display, type 3
frame 1180: 47335 us total, 11685 us display, type 3
frame 1181: 46540 us total, 11692 us display, type 3
frame 1182: 45773 us total, 11686 us display, type 3
frame 1183: 46941 us total, 11690 us display, type 3
frame 1184: 49474 us total, 11699 us display, type 3
frame 1185: 46319 us total, 11685 us display, type 3
frame 1186: 49017 us total, 11686 us display, type 3
frame 1187: 43970 us total, 11691 us display, type 3
frame 1188: 41121 us total, 11686 us display, type 3
frame 1189: 40002 us total, 11686 us display, type 3
frame 1190: 36537 us total, 11692 us display, type 3
frame 1191: 34096 us total, 11692 us display, type 3
frame 1192: 35689 us total, 11692 us display, type 3
frame 1193: 33707 us total, 11685 us display, type 3
frame 1194: 35025 us total, 11686 us display, type 3
frame 1195: 33100 us total, 11685 us display, type 3
frame 1196: 32523 us total, 11693 us display, type 3
frame 1197: 34150 us total, 11686 us display, type 3
frame 1198: 32350 us total, 11950 us display, type 3
frame 1199: 32369 us total, 11693 us display, type 3
frame 1200: 29894 us total, 11694 us display, type 3
frame 1201: 29662 us total, 11686 us display, type 3
frame 1202: 31113 us total, 11692 us display, type 3
frame 1203: 30137 us total, 11699 us display, type 3
frame 1204: 30016 us total, 11707 us display, type 3
frame 1205: 31436 us total, 11685 us display, type 3
frame 1206: 30107 us total, 11686 us display, type 3
frame 1207: 30408 us total, 11692 us display, type 3
frame 1208: 31558 us total, 11686 us display, type 3
frame 1209: 30734 us total, 11793 us display, type 3
frame 1210: 30241 us total, 11686 us display, type 3
frame 1211: 32020 us total, 11692 us display, type 3
frame 1212: 30556 us total, 11699 us display, type 3
frame 1213: 30346 us total, 11685 us display, type 3
frame 1214: 30687 us total, 11752 us display, type 3
frame 1215: 30329 us total, 11693 us display, type 3
frame 1216: 29812 us total, 11692 us display, type 3
frame 1217: 30822 us total, 11700 us display, type 3
frame 1218: 31603 us total, 11687 us display, type 3
frame 1219: 30473 us total, 11714 us display, type 3
frame 1220: 30800 us total, 11692 us display, type 3
frame 1221: 31357 us total, 11693 us display, type 3
frame 1222: 31046 us total, 11692 us display, type 3
frame 1223: 32236 us total, 11692 us display, type 3
frame 1224: 31820 us total, 11685 us display, type 3
frame 1225: 31529 us total, 11994 us display, type 3
frame 1226: 32828 us total, 11686 us display, type 3
frame 1227: 31792 us total, 11996 us display, type 3
frame 1228: 31745 us total, 11699 us display, type 3
frame 1229: 32550 us total, 11694 us display, type 3
frame 1230: 32659 us total, 11692 us display, type 3
frame 1231: 33584 us total, 11692 us display, type 3
frame 1232: 33048 us total, 11699 us display, type 3
frame 1233: 32548 us total, 11685 us display, type 3
frame 1234: 34101 us total, 11685 us display, type 3
