ESP-ROM:esp32c6-20220919
Build:Sep 19 2022
rst:0x15 (USB_UART_HPSYS),boot:0x2c (SPI_FAST_FLASH_BOOT)
Saved PC:0x4203307c
SPIWP:0xee
mode:DIO, clock div:2
load:0x40875720,len:0x1a5c
load:0x4086c110,len:0xf58
load:0x4086e610,len:0x3074
entry 0x4086c11a
[0;32mI (23) boot: ESP-IDF v5.3.4 2nd stage bootloader[0m
[0;32mI (23) boot: compile time Sep 14 2026 20:53:10[0m
[0;32mI (23) boot: chip revision: v0.2[0m
[0;32mI (24) boot: efuse block revision: v0.3[0m
[0;32mI (24) qio_mode: Enabling QIO for flash chip WinBond[0m
[0;32mI (24) boot.esp32c6: SPI Speed      : 80MHz[0m
[0;32mI (25) boot.esp32c6: SPI Mode       : QIO[0m
[0;32mI (25) boot.esp32c6: SPI Flash Size : 16MB[0m
[0;32mI (25) boot: Enabling RNG early entropy source...[0m
[0;32mI (26) boot: Partition Table:[0m
[0;32mI (26) boot: ## Label            Usage          Type ST Offset   Length[0m
[0;32mI (26) boot:  0 nvs              WiFi data        01 02 00009000 00006000[0m
[0;32mI (27) boot:  1 phy_init         RF data          01 01 0000f000 00001000[0m
[0;32mI (28) boot:  2 factory          factory app      00 00 00010000 00200000[0m
[0;32mI (28) boot:  3 wad              Unknown data     01 40 00210000 00400000[0m
[0;32mI (29) boot:  4 saves            WiFi data        01 02 00610000 00020000[0m
[0;32mI (29) boot: End of partition table[0m
[0;32mI (30) esp_image: segment 0: paddr=00010020 vaddr=420c0020 size=31e30h (204336) map[0m
[0;32mI (67) esp_image: segment 1: paddr=00041e58 vaddr=40800000 size=0e1c0h ( 57792) load[0m
[0;32mI (80) esp_image: segment 2: paddr=00050020 vaddr=42000020 size=b4b0ch (740108) map[0m
[0;32mI (213) esp_image: segment 3: paddr=00104b34 vaddr=4080e1c0 size=08d28h ( 36136) load[0m
[0;32mI (221) esp_image: segment 4: paddr=0010d864 vaddr=40816ef0 size=03414h ( 13332) load[0m
[0;32mI (224) esp_image: segment 5: paddr=00110c80 vaddr=50000000 size=00004h (     4) load[0m
[0;32mI (230) boot: Loaded app from partition at offset 0x10000[0m
[0;32mI (231) boot: Disabling RNG early entropy source...[0m
[0;32mI (232) cpu_start: Unicore app[0m
[0;32mI (241) cpu_start: Pro cpu start user code[0m
[0;32mI (241) cpu_start: cpu freq: 160000000 Hz[0m
[0;32mI (241) app_init: Application information:[0m
[0;32mI (241) app_init: Project name:     diablito[0m
[0;32mI (242) app_init: App version:      86f3937-dirty[0m
[0;32mI (242) app_init: Compile time:     Sep 14 2026 23:52:19[0m
[0;32mI (242) app_init: ELF file SHA256:  a759749f8...[0m
[0;32mI (242) app_init: ESP-IDF:          v5.3.4[0m
[0;32mI (243) efuse_init: Min chip rev:     v0.0[0m
[0;32mI (243) efuse_init: Max chip rev:     v0.99 [0m
[0;32mI (243) efuse_init: Chip rev:         v0.2[0m
[0;32mI (243) heap_init: Initializing. RAM available for dynamic allocation:[0m
[0;32mI (244) heap_init: At 40834E10 len 00047800 (286 KiB): RAM[0m
[0;32mI (244) heap_init: At 4087C610 len 00002F54 (11 KiB): RAM[0m
[0;32mI (244) heap_init: At 50000004 len 00003FE4 (15 KiB): RTCRAM[0m
[0;32mI (245) spi_flash: detected chip: generic[0m
[0;32mI (245) spi_flash: flash io: qio[0m
[0;33mW (246) i2c: This driver is an old driver, please migrate your application code to adapt `driver/i2c_master.h`[0m
[0;32mI (246) sleep: Configure to isolate all GPIO pins in sleep state[0m
[0;32mI (247) sleep: Enable automatic switching of GPIO sleep configuration[0m
[0;32mI (247) coexist: coex firmware version: a13b09d[0m
[0;32mI (247) coexist: coexist rom version 5b8dcfa[0m
[0;32mI (248) main_task: Started on CPU0[0m
[0;32mI (248) main_task: Calling app_main()[0m
[0;32mI (248) gpio: GPIO[15]| InputEn: 0| OutputEn: 1| OpenDrain: 0| Pullup: 0| Pulldown: 0| Intr:0 [0m
[0;32mI (248) gpio: GPIO[9]| InputEn: 1| OutputEn: 0| OpenDrain: 0| Pullup: 1| Pulldown: 0| Intr:0 [0m
[0;32mI (248) gpio: GPIO[18]| InputEn: 1| OutputEn: 0| OpenDrain: 0| Pullup: 1| Pulldown: 0| Intr:0 [0m
[0;32mI (249) gpio: GPIO[0]| InputEn: 0| OutputEn: 0| OpenDrain: 0| Pullup: 0| Pulldown: 0| Intr:0 [0m
[0;32mI (249) DIABLITO: DIABLITO skeleton, IDF v5.3.4, CPU 160 MHz[0m
[0;32mI (249) DIABLITO: heap at boot: free 289908, largest block 262144, min ever 289908, dma-capable 275308[0m
[0;32mI (250) gpio: GPIO[3]| InputEn: 0| OutputEn: 1| OpenDrain: 0| Pullup: 0| Pulldown: 0| Intr:0 [0m
[0;32mI (250) gpio: GPIO[4]| InputEn: 0| OutputEn: 1| OpenDrain: 0| Pullup: 0| Pulldown: 0| Intr:0 [0m
[0;32mI (754) DISPLAY: ST7789 up: 240x280 portrait, SPI 80 MHz, 2 x 7680 B DMA strips[0m
[0;32mI (754) DIABLITO: heap after display: free 273008, largest block 245760, min ever 273008, dma-capable 258408[0m
[0;32mI (2270) DIABLITO: wad partition @0x210000 size 4194304: magic IWHD, 1264 lumps, infotable @36, file 2073676 bytes[0m
[0;32mI (2270) DIABLITO: WHD mapped at 0x42100000, header via mmap: IWHD ·©ÔUDOOM1[0m
[0;32mI (2270) DIABLITO: heap after wad mmap: free 272376, largest block 245760, min ever 272376, dma-capable 257776[0m
[0;32mI (2271) DIABLITO: main task stack high-water: 14872 bytes free[0m
[0;32mI (2271) DIABLITO: .bss ends at 0x40834e10 (short-pointer window ends at 0x40840000, 45552 bytes spare)[0m
[0;32mI (2272) DIABLITO: heap before BLE: free 272376, largest block 245760, min ever 272376, dma-capable 257776[0m
[0;32mI (2286) DIABLITO: previous run (boot 1) lasted 122 s (2 min), last battery 4152 mV[0m
[0;32mI (2286) DIABLITO: idle sleep after 0 s in attract (NVS medal/idle_s)[0m
[0;32mI (2287) BLE_INIT: Using main XTAL as clock source, chip ver: 2[0m
[0;32mI (2287) BLE_INIT: ble controller commit:[ca6c20b][0m
[0;32mI (2291) BLE_INIT: Bluetooth MAC: fc:01:2c:fd:fd:c6[0m
[0;32mI (2292) phy_init: phy_version 341,a6c8fe6,Jul 30 2025,18:34:11[0m
[0;32mI (2386) phy: libbtbb version: a945109, Jul 30 2025, 18:34:25[0m
[0;32mI (2393) PAD: init, saved controller: yes[0m
[0;32mI (2594) DIABLITO: heap after BLE init: free 233516, largest block 204800, min ever 233380, dma-capable 218916[0m
[0;32mI (2594) DIABLITO: starting Doom[0m
sound muted (NVS medal/mute)
                          DIABLITO Doom 3.0.0
Z_Init: Init zone memory allocation daemon. 
zone memory: 0x408224b8, 10000 allocated for zone
M_LoadDefaults: Load system defaults.
W_Init: Init WADfiles.
===========================================================================
                            DOOM Shareware
===========================================================================
 DIABLITO Doom is free software, covered by the GNU General Public
 License.  There is NO warranty; not even for MERCHANTABILITY or FITNESS
 FOR A PARTICULAR PURPOSE. You are welcome to change and distribute
 copies under certain conditions. See the source for more information.
===========================================================================
I_Init: Setting up machine state.
[0;32mI (2646) AUDIO: ES8311 + I2S: 22050 Hz, 2 ch, ring 8192 bytes (92 ms)[0m
M_Init: Init miscellaneous info.
R_Init: Init DOOM refresh daemon - .........
P_Init: Init Playloop state.
S_Init: Setting up sound.
D_CheckNetGame: Checking network game status.
Emulating the behavior of the 'Doom 1.9' executable.
HU_Init: Setting up heads up display.
ST_Init: Init status bar.
frame 2: 29871 us total, 10181 us display, type 4
frame 3: 11425 us total, 10128 us display, type 4
frame 4: 28652 us total, 10116 us display, type 4
frame 5: 28094 us total, 10117 us display, type 4
frame 6: 28914 us total, 10116 us display, type 4
frame 7: 29386 us total, 10236 us display, type 4
frame 8: 27741 us total, 10131 us display, type 4
frame 9: 28906 us total, 10116 us display, type 4
frame 10: 28024 us total, 10116 us display, type 4
frame 11: 28941 us total, 10123 us display, type 4
frame 12: 28059 us total, 10116 us display, type 4
frame 13: 29130 us total, 10190 us display, type 4
frame 14: 28912 us total, 10135 us display, type 4
frame 15: 28269 us total, 10270 us display, type 4
frame 16: 28758 us total, 10131 us display, type 4
frame 17: 27884 us total, 10116 us display, type 4
frame 18: 29028 us total, 10116 us display, type 4
frame 19: 27974 us total, 10117 us display, type 4
frame 20: 29026 us total, 10116 us display, type 4
frame 21: 29024 us total, 10116 us display, type 4
frame 22: 27964 us total, 10116 us display, type 4
frame 23: 29047 us total, 10116 us display, type 4
frame 24: 27967 us total, 10117 us display, type 4
[0;32mI (3346) PAD: found  78:86:2e:8f:59:f6 rssi -49[0m
frame 25: 29288 us total, 10162 us display, type 4
frame 26: 27811 us total, 10181 us display, type 4
frame 27: 28877 us total, 10116 us display, type 4
frame 28: 31036 us total, 12111 us display, type 4
frame 29: 26302 us total, 10141 us display, type 4
[0;32mI (3500) NimBLE: Connection established [0m
[0;32mI (3501) NIMBLE_HIDH: pairing for encrypted link (rc=0)[0m
frame 30: 28889 us total, 10152 us display, type 4
frame 31: 27820 us total, 10116 us display, type 4
frame 32: 29158 us total, 10152 us display, type 4
frame 33: 27845 us total, 10116 us display, type 4
[0;32mI (3599) NimBLE: mtu update event; conn_handle=0 cid=4 mtu=23
[0m
frame 34: 29160 us total, 10143 us display, type 4
frame 35: 29113 us total, 10466 us display, type 4
frame 36: 27869 us total, 10127 us display, type 4
frame 37: 28848 us total, 10142 us display, type 4
frame 38: 27987 us total, 10116 us display, type 4
[0;32mI (3749) NIMBLE_HIDH: encryption change: status=0[0m
frame 39: 29309 us total, 10158 us display, type 4
frame 40: 27641 us total, 10116 us display, type 4
frame 41: 29245 us total, 10146 us display, type 4
[0;32mI (3849) NIMBLE_HIDH: service 0x1800 handles 1-7[0m
[0;32mI (3849) NIMBLE_HIDH: service 0x1801 handles 8-8[0m
[0;32mI (3849) NIMBLE_HIDH: service 0x180a handles 9-17[0m
frame 42: 30203 us total, 11521 us display, type 4
frame 43: 26759 us total, 10128 us display, type 4
frame 44: 29034 us total, 10145 us display, type 4
frame 45: 27767 us total, 10116 us display, type 4
[0;32mI (3949) NIMBLE_HIDH: service 0x180f handles 18-21[0m
[0;32mI (3949) NIMBLE_HIDH: service 0x1812 handles 22-35[0m
frame 46: 29282 us total, 10152 us display, type 4
frame 47: 27758 us total, 10116 us display, type 4
frame 48: 29142 us total, 10144 us display, type 4
[0;32mI (4049) NIMBLE_HIDH: service 00000001-5f60-4c4f-9c83-a7953298d40d handles 36-42[0m
frame 49: 29814 us total, 11058 us display, type 4
frame 50: 27203 us total, 10132 us display, type 4
frame 51: 29040 us total, 10145 us display, type 4
frame 52: 27808 us total, 10116 us display, type 4
frame 53: 29536 us total, 10500 us display, type 4
frame 54: 27591 us total, 10146 us display, type 4
frame 55: 29241 us total, 10268 us display, type 4
frame 56: 29157 us total, 10477 us display, type 4
[0;32mI (4269) NimBLE: Read complete; status=0 conn_handle=0[0m
frame 57: 27729 us total, 10149 us display, type 4
[0;32mI (4299) NimBLE: Read complete; status=0 conn_handle=0[0m
[0;32mI (4299) NimBLE: Read complete; status=14 conn_handle=0[0m
frame 58: 28951 us total, 10150 us display, type 4
frame 59: 28083 us total, 10173 us display, type 4
frame 60: 29363 us total, 10158 us display, type 4
frame 61: 28111 us total, 10839 us display, type 4
frame 62: 29164 us total, 10805 us display, type 4
[0;32mI (4449) NimBLE: Read complete; status=0 conn_handle=0[0m
[0;32mI (4450) NimBLE: Read complete; status=14 conn_handle=0[0m
frame 63: 29471 us total, 11371 us display, type 4
[0;32mI (4479) NimBLE: Read complete; status=0 conn_handle=0[0m
[0;32mI (4480) NimBLE: Read complete; status=14 conn_handle=0[0m
frame 64: 28119 us total, 11399 us display, type 4
[0;32mI (4509) NimBLE: Read complete; status=0 conn_handle=0[0m
[0;32mI (4510) NimBLE: Read complete; status=14 conn_handle=0[0m
frame 65: 29112 us total, 11530 us display, type 4
frame 66: 27221 us total, 10800 us display, type 4
frame 67: 29043 us total, 10783 us display, type 4
frame 68: 27354 us total, 10140 us display, type 4
frame 69: 28946 us total, 10150 us display, type 4
frame 70: 29099 us total, 10166 us display, type 4
frame 71: 28226 us total, 10157 us display, type 4
frame 72: 28781 us total, 10225 us display, type 4
[0;32mI (4719) NimBLE: Read complete; status=0 conn_handle=0[0m
frame 73: 28027 us total, 10228 us display, type 4
[0;32mI (4764) NimBLE: Read complete; status=0 conn_handle=0[0m
frame 74: 29598 us total, 11003 us display, type 4
[0;32mI (4794) NimBLE: Read complete; status=0 conn_handle=0[0m
frame 75: 28442 us total, 11250 us display, type 4
[0;32mI (4824) NimBLE: Read complete; status=0 conn_handle=0[0m
frame 76: 28628 us total, 10956 us display, type 4
[0;32mI (4854) NimBLE: Read complete; status=0 conn_handle=0[0m
frame 77: 29089 us total, 10966 us display, type 4
[0;32mI (4884) NimBLE: Read complete; status=0 conn_handle=0[0m
frame 78: 28299 us total, 11280 us display, type 4
frame 79: 27821 us total, 10149 us display, type 4
[0;32mI (4914) NimBLE: Read complete; status=0 conn_handle=0[0m
frame 80: 28060 us total, 10159 us display, type 4
[0;32mI (4944) NimBLE: Read complete; status=0 conn_handle=0[0m
frame 81: 29029 us total, 10171 us display, type 4
[0;32mI (4974) NimBLE: Read complete; status=0 conn_handle=0[0m
frame 82: 28159 us total, 10464 us display, type 4
[0;32mI (5004) NimBLE: Read complete; status=0 conn_handle=0[0m
frame 83: 29173 us total, 10518 us display, type 4
[0;32mI (5034) NimBLE: Read complete; status=0 conn_handle=0[0m
frame 84: 29202 us total, 10790 us display, type 4
[0;32mI (5064) NimBLE: Read complete; status=0 conn_handle=0[0m
frame 85: 27783 us total, 10496 us display, type 4
[0;32mI (5094) NimBLE: Read complete; status=0 conn_handle=0[0m
[0;32mI (5094) NimBLE: Read complete; status=14 conn_handle=0[0m
frame 86: 29040 us total, 10543 us display, type 4
frame 87: 27908 us total, 10498 us display, type 4
[0;32mI (5153) NimBLE: Read complete; status=0 conn_handle=0[0m
[0;32mI (5154) NimBLE: Read complete; status=14 conn_handle=0[0m
frame 88: 29248 us total, 10696 us display, type 4
frame 89: 27408 us total, 10147 us display, type 4
[0;32mI (5213) NimBLE: Read complete; status=0 conn_handle=0[0m
[0;32mI (5214) NimBLE: Read complete; status=14 conn_handle=0[0m
[0;32mI (5215) NIMBLE_HIDH: attaching listeners, battery handle 20 ccc 21[0m
[0;32mI (5216) PAD: report map: 22 input fields[0m
[0;32mI (5216) PAD:   field rid 1 page 1 usage 0x30 bits 16 @0 logical 0..65535[0m
[0;32mI (5216) PAD:   field rid 1 page 1 usage 0x31 bits 16 @16 logical 0..65535[0m
[0;32mI (5217) PAD:   field rid 1 page 1 usage 0x32 bits 16 @32 logical 0..65535[0m
[0;32mI (5217) PAD:   field rid 1 page 1 usage 0x35 bits 16 @48 logical 0..65535[0m
[0;32mI (5217) PAD:   field rid 1 page 2 usage 0xc5 bits 10 @64 logical 0..1023[0m
[0;32mI (5218) PAD:   field rid 1 page 2 usage 0xc4 bits 10 @80 logical 0..1023[0m
[0;32mI (5218) PAD:   field rid 1 page 1 usage 0x39 bits 4 @96 logical 1..8[0m
[0;32mI (5218) PAD:   field rid 1 page 9 usage 0x01 bits 1 @104 logical 0..1[0m
[0;32mI (5219) PAD:   field rid 1 page 9 usage 0x02 bits 1 @105 logical 0..1[0m
[0;32mI (5219) PAD:   field rid 1 page 9 usage 0x03 bits 1 @106 logical 0..1[0m
[0;32mI (5219) PAD:   field rid 1 page 9 usage 0x04 bits 1 @107 logical 0..1[0m
[0;32mI (5220) PAD:   field rid 1 page 9 usage 0x05 bits 1 @108 logical 0..1[0m
[0;32mI (5220) PAD:   field rid 1 page 9 usage 0x06 bits 1 @109 logical 0..1[0m
[0;32mI (5220) PAD:   field rid 1 page 9 usage 0x07 bits 1 @110 logical 0..1[0m
[0;32mI (5221) PAD:   field rid 1 page 9 usage 0x08 bits 1 @111 logical 0..1[0m
[0;32mI (5221) PAD:   field rid 1 page 9 usage 0x09 bits 1 @112 logical 0..1[0m
[0;32mI (5221) PAD:   field rid 1 page 9 usage 0x0a bits 1 @113 logical 0..1[0m
[0;32mI (5222) PAD:   field rid 1 page 9 usage 0x0b bits 1 @114 logical 0..1[0m
[0;32mI (5222) PAD:   field rid 1 page 9 usage 0x0c bits 1 @115 logical 0..1[0m
[0;32mI (5222) PAD:   field rid 1 page 9 usage 0x0d bits 1 @116 logical 0..1[0m
[0;32mI (5223) PAD:   field rid 1 page 9 usage 0x0e bits 1 @117 logical 0..1[0m
[0;32mI (5223) PAD:   field rid 1 page 9 usage 0x0f bits 1 @118 logical 0..1[0m
[0;32mI (5223) PAD:   rid 1 page 1 usage 30 bit 0 size 16 [0..65535][0m
[0;32mI (5223) PAD:   rid 1 page 1 usage 31 bit 16 size 16 [0..65535][0m
[0;32mI (5224) PAD:   rid 1 page 1 usage 32 bit 32 size 16 [0..65535][0m
[0;32mI (5224) PAD:   rid 1 page 1 usage 35 bit 48 size 16 [0..65535][0m
[0;32mI (5224) PAD:   rid 1 page 2 usage c5 bit 64 size 10 [0..1023][0m
[0;32mI (5225) PAD:   rid 1 page 2 usage c4 bit 80 size 10 [0..1023][0m
[0;32mI (5225) PAD:   rid 1 page 1 usage 39 bit 96 size 4 [1..8][0m
[0;32mI (5225) PAD:   rid 1 page 9 usage 1 bit 104 size 1 [0..1][0m
[0;32mI (5226) PAD:   rid 1 page 9 usage 2 bit 105 size 1 [0..1][0m
[0;32mI (5226) PAD:   rid 1 page 9 usage 3 bit 106 size 1 [0..1][0m
[0;32mI (5226) PAD:   rid 1 page 9 usage 4 bit 107 size 1 [0..1][0m
[0;32mI (5226) PAD:   rid 1 page 9 usage 5 bit 108 size 1 [0..1][0m
[0;32mI (5227) PAD:   rid 1 page 9 usage 6 bit 109 size 1 [0..1][0m
[0;32mI (5227) PAD:   rid 1 page 9 usage 7 bit 110 size 1 [0..1][0m
[0;32mI (5227) PAD:   rid 1 page 9 usage 8 bit 111 size 1 [0..1][0m
[0;32mI (5228) PAD:   rid 1 page 9 usage 9 bit 112 size 1 [0..1][0m
[0;32mI (5228) PAD:   rid 1 page 9 usage a bit 113 size 1 [0..1][0m
[0;32mI (5228) PAD:   rid 1 page 9 usage b bit 114 size 1 [0..1][0m
[0;32mI (5228) PAD:   rid 1 page 9 usage c bit 115 size 1 [0..1][0m
[0;32mI (5229) PAD:   rid 1 page 9 usage d bit 116 size 1 [0..1][0m
[0;32mI (5230) PAD:   rid 1 page 9 usage e bit 117 size 1 [0..1][0m
[0;32mI (5230) PAD:   rid 1 page 9 usage f bit 118 size 1 [0..1][0m
[0;32mI (5231) PAD: connected: Xbox Wireless Controller[0m
gamepad connected: Xbox Wireless Controller
frame 90: 43751 us total, 10161 us display, type 4
[0;32mI (5244) NimBLE: Subscribe complete; status=259 conn_handle=0 attr_handle=20
[0m
frame 91: 14263 us total, 10146 us display, type 4
[0;32mI (5273) NIMBLE_HIDH: write complete; status=0 attr_handle=21[0m
[0;32mI (5274) NIMBLE_HIDH: report id 3 type 2 mode 1 perms 0xe handle 34 ccc 0[0m
[0;32mI (5274) NIMBLE_HIDH: report id 1 type 1 mode 1 perms 0x12 handle 30 ccc 31[0m
frame 92: 29268 us total, 10174 us display, type 4
[0;32mI (5304) NimBLE: Subscribe complete; status=259 conn_handle=0 attr_handle=30
[0m
[0;32mI (5304) NIMBLE_HIDH:   notify registered[0m
frame 93: 29207 us total, 11637 us display, type 4
[0;32mI (5334) NIMBLE_HIDH: write complete; status=0 attr_handle=31[0m
[0;32mI (5334) NIMBLE_HIDH:   ccc written[0m
[0;32mI (5334) NIMBLE_HIDH: listeners attached[0m
frame 94: 27795 us total, 11366 us display, type 4
frame 95: 27641 us total, 10142 us display, type 4
frame 96: 28042 us total, 10142 us display, type 4
frame 97: 28948 us total, 10140 us display, type 4
frame 98: 29048 us total, 10138 us display, type 4
frame 99: 28015 us total, 10146 us display, type 4
frame 100: 28926 us total, 10139 us display, type 4
frame 101: 28071 us total, 10143 us display, type 4
frame 102: 28925 us total, 10142 us display, type 4
frame 103: 28468 us total, 10660 us display, type 4
frame 104: 28585 us total, 10129 us display, type 4
frame 105: 28809 us total, 10124 us display, type 4
frame 106: 28046 us total, 10122 us display, type 4
frame 107: 29074 us total, 10199 us display, type 4
frame 108: 27877 us total, 10122 us display, type 4
frame 109: 29048 us total, 10124 us display, type 4
frame 110: 27952 us total, 10122 us display, type 4
frame 111: 29050 us total, 10128 us display, type 4
frame 112: 29001 us total, 10126 us display, type 4
frame 113: 27957 us total, 10134 us display, type 4
frame 114: 29133 us total, 10216 us display, type 4
frame 115: 27862 us total, 10125 us display, type 4
frame 116: 29045 us total, 10124 us display, type 4
frame 117: 28078 us total, 10199 us display, type 4
frame 118: 28873 us total, 10124 us display, type 4
frame 119: 29050 us total, 10122 us display, type 4
frame 120: 28086 us total, 10211 us display, type 4
frame 121: 28865 us total, 10122 us display, type 4
frame 122: 28050 us total, 10128 us display, type 4
frame 123: 28952 us total, 10126 us display, type 4
frame 124: 28142 us total, 10214 us display, type 4
frame 125: 28976 us total, 10193 us display, type 4
frame 126: 28887 us total, 10124 us display, type 4
frame 127: 28042 us total, 10122 us display, type 4
profile (avg of 128 frames, ms): logic+bsp 0.1 wait-fb 0.0 vp-mark 0.0 flats 0.0 columns 0.0 fuzz 0.0
frame 128: 29525 us total, 10143 us display, type 4
frame 129: 27477 us total, 10122 us display, type 4
frame 130: 28997 us total, 10124 us display, type 4
frame 131: 27968 us total, 10127 us display, type 4
frame 132: 29037 us total, 10128 us display, type 4
frame 133: 28998 us total, 10126 us display, type 4
frame 134: 27950 us total, 10127 us display, type 4
frame 135: 29142 us total, 10218 us display, type 4
frame 136: 27860 us total, 10125 us display, type 4
frame 137: 29045 us total, 10124 us display, type 4
frame 138: 28075 us total, 10196 us display, type 4
frame 139: 28883 us total, 10131 us display, type 4
frame 140: 29043 us total, 10122 us display, type 4
frame 141: 27950 us total, 10124 us display, type 4
frame 142: 29050 us total, 10122 us display, type 4
frame 143: 28001 us total, 10128 us display, type 4
frame 144: 28952 us total, 10126 us display, type 4
frame 145: 28137 us total, 10217 us display, type 4
frame 146: 28981 us total, 10193 us display, type 4
frame 147: 28879 us total, 10124 us display, type 4
frame 148: 28050 us total, 10122 us display, type 4
frame 149: 28950 us total, 10124 us display, type 4
frame 150: 28057 us total, 10122 us display, type 4
frame 151: 28992 us total, 10124 us display, type 4
frame 152: 27952 us total, 10122 us display, type 4
frame 153: 29050 us total, 10128 us display, type 4
frame 154: 28952 us total, 10126 us display, type 4
frame 155: 28048 us total, 10128 us display, type 4
frame 156: 29091 us total, 10216 us display, type 4
frame 157: 27862 us total, 10125 us display, type 4
frame 158: 29045 us total, 10124 us display, type 4
frame 159: 28078 us total, 10199 us display, type 4
frame 160: 28873 us total, 10124 us display, type 4
frame 161: 29050 us total, 10122 us display, type 4
frame 162: 27950 us total, 10124 us display, type 4
frame 163: 29050 us total, 10122 us display, type 4
frame 164: 28002 us total, 10127 us display, type 4
frame 165: 28957 us total, 10133 us display, type 4
frame 166: 28159 us total, 10234 us display, type 4
frame 167: 28952 us total, 10238 us display, type 4
frame 168: 28929 us total, 10124 us display, type 4
frame 169: 58068 us total, 12510 us display, type 5
frame 170: 13142 us total, 12420 us display, type 5
frame 171: 12879 us total, 12363 us display, type 5
frame 172: 12772 us total, 12264 us display, type 5
frame 173: 12870 us total, 12266 us display, type 5
frame 174: 12902 us total, 12374 us display, type 5
frame 175: 12859 us total, 12364 us display, type 5
frame 176: 12895 us total, 12366 us display, type 5
frame 177: 12860 us total, 12346 us display, type 5
frame 178: 12908 us total, 12358 us display, type 5
frame 179: 12714 us total, 12240 us display, type 5
frame 180: 12851 us total, 12239 us display, type 5
frame 181: 12855 us total, 12339 us display, type 5
frame 182: 12840 us total, 12322 us display, type 5
frame 183: 12872 us total, 12333 us display, type 5
frame 184: 12836 us total, 12311 us display, type 5
frame 185: 12821 us total, 12329 us display, type 5
frame 186: 12737 us total, 12200 us display, type 5
frame 187: 12830 us total, 12195 us display, type 5
frame 188: 12801 us total, 12280 us display, type 5
frame 189: 12800 us total, 12275 us display, type 5
frame 190: 12811 us total, 12291 us display, type 5
frame 191: 12786 us total, 12271 us display, type 5
frame 192: 12819 us total, 12275 us display, type 5
frame 193: 12669 us total, 12139 us display, type 5
frame 194: 12773 us total, 12246 us display, type 5
frame 195: 12751 us total, 12228 us display, type 5
frame 196: 12799 us total, 12240 us display, type 5
frame 197: 12744 us total, 12212 us display, type 5
frame 198: 12758 us total, 12206 us display, type 5
frame 199: 12601 us total, 12096 us display, type 5
frame 200: 12732 us total, 12086 us display, type 5
frame 201: 21017 us total, 12459 us display, type 5
frame 202: 12884 us total, 12196 us display, type 5
frame 203: 12573 us total, 12057 us display, type 5
frame 204: 12683 us total, 12059 us display, type 5
frame 205: 12687 us total, 12148 us display, type 5
frame 206: 12653 us total, 12139 us display, type 5
frame 207: 12690 us total, 12151 us display, type 5
frame 208: 12665 us total, 12127 us display, type 5
frame 209: 13768 us total, 12230 us display, type 5
frame 210: 12588 us total, 12009 us display, type 5
frame 211: 12671 us total, 12124 us display, type 5
frame 212: 12634 us total, 12091 us display, type 5
frame 213: 12611 us total, 12093 us display, type 5
frame 214: 12642 us total, 12092 us display, type 5
frame 215: 12566 us total, 12077 us display, type 5
frame 216: 12608 us total, 12056 us display, type 5
frame 217: 12477 us total, 11947 us display, type 5
frame 218: 12599 us total, 12052 us display, type 5
frame 219: 12567 us total, 12039 us display, type 5
frame 220: 12597 us total, 12047 us display, type 5
frame 221: 12544 us total, 12029 us display, type 5
frame 222: 12434 us total, 11924 us display, type 5
frame 223: 12556 us total, 11912 us display, type 5
frame 224: 12507 us total, 12022 us display, type 5
frame 225: 12535 us total, 12022 us display, type 5
frame 226: 12496 us total, 12014 us display, type 5
frame 227: 12537 us total, 12017 us display, type 5
frame 228: 12376 us total, 11899 us display, type 5
frame 229: 12527 us total, 11891 us display, type 5
frame 230: 12490 us total, 12001 us display, type 5
frame 231: 12490 us total, 11991 us display, type 5
frame 232: 12526 us total, 12011 us display, type 5
frame 233: 12487 us total, 11979 us display, type 5
frame 234: 12396 us total, 11881 us display, type 5
frame 235: 12500 us total, 11883 us display, type 5
frame 236: 12489 us total, 11986 us display, type 5
frame 237: 12584 us total, 12069 us display, type 5
frame 238: 12523 us total, 12015 us display, type 5
frame 239: 12520 us total, 11999 us display, type 5
frame 240: 12356 us total, 11878 us display, type 5
frame 241: 12494 us total, 11883 us display, type 5
frame 242: 10577 us total, 9955 us display, type 3
frame 243: 27247 us total, 9895 us display, type 3
frame 244: 23528 us total, 9899 us display, type 3
frame 245: 23485 us total, 10164 us display, type 3
frame 246: 23617 us total, 10260 us display, type 3
frame 247: 23362 us total, 9903 us display, type 3
frame 248: 25615 us total, 9901 us display, type 3
frame 249: 27592 us total, 9893 us display, type 3
frame 250: 29210 us total, 10141 us display, type 3
frame 251: 28633 us total, 9900 us display, type 3
frame 252: 28839 us total, 9891 us display, type 3
frame 253: 28689 us total, 9897 us display, type 3
frame 254: 27980 us total, 9910 us display, type 3
frame 255: 28263 us total, 9892 us display, type 3
profile (avg of 128 frames, ms): logic+bsp 1.0 wait-fb 0.0 vp-mark 0.4 flats 1.1 columns 0.5 fuzz 0.0
frame 256: 28907 us total, 10157 us display, type 3
audio: 69 underruns, 81 ms queued
mem @frame 256: heap free 49072, largest 24064, min ever 48576, zone free 41244, display stack free 4412, uptime 8 s, gamestate 0, demo 1, usergame 0, tic 189
frame 257: 29975 us total, 9917 us display, type 3
frame 258: 27691 us total, 9894 us display, type 3
frame 259: 27590 us total, 9987 us display, type 3
frame 260: 28867 us total, 9955 us display, type 3
frame 261: 28256 us total, 9899 us display, type 3
frame 262: 29268 us total, 9894 us display, type 3
frame 263: 28131 us total, 9892 us display, type 3
frame 264: 27532 us total, 9893 us display, type 3
frame 265: 28492 us total, 10175 us display, type 3
frame 266: 27697 us total, 9890 us display, type 3
frame 267: 29339 us total, 9924 us display, type 3
frame 268: 27744 us total, 9885 us display, type 3
frame 269: 28520 us total, 9888 us display, type 3
frame 270: 29059 us total, 10144 us display, type 3
frame 271: 28909 us total, 10022 us display, type 3
frame 272: 30219 us total, 9895 us display, type 3
frame 273: 28730 us total, 9913 us display, type 3
frame 274: 28865 us total, 9904 us display, type 3
frame 275: 28807 us total, 9895 us display, type 3
frame 276: 28672 us total, 9899 us display, type 3
frame 277: 28484 us total, 10026 us display, type 3
frame 278: 27162 us total, 9905 us display, type 3
frame 279: 27750 us total, 10102 us display, type 3
frame 280: 27979 us total, 9891 us display, type 3
frame 281: 28315 us total, 10215 us display, type 3
frame 282: 27937 us total, 9891 us display, type 3
frame 283: 27740 us total, 9880 us display, type 3
frame 284: 26861 us total, 9880 us display, type 3
frame 285: 27528 us total, 9880 us display, type 3
frame 286: 28450 us total, 9880 us display, type 3
frame 287: 27986 us total, 9882 us display, type 3
frame 288: 27476 us total, 9885 us display, type 3
frame 289: 27341 us total, 9878 us display, type 3
frame 290: 29713 us total, 9876 us display, type 3
frame 291: 27145 us total, 9895 us display, type 3
frame 292: 29859 us total, 10103 us display, type 3
frame 293: 28372 us total, 10073 us display, type 3
frame 294: 26913 us total, 9875 us display, type 3
frame 295: 28482 us total, 9887 us display, type 3
frame 296: 27772 us total, 9866 us display, type 3
frame 297: 28076 us total, 9878 us display, type 3
frame 298: 27720 us total, 9885 us display, type 3
frame 299: 27806 us total, 9893 us display, type 3
frame 300: 31881 us total, 9872 us display, type 3
frame 301: 27280 us total, 9876 us display, type 3
frame 302: 28294 us total, 10214 us display, type 3
input: down 0x10000
frame 303: 29992 us total, 10110 us display, type 3
frame 304: 28602 us total, 9880 us display, type 3
frame 305: 26981 us total, 10073 us display, type 3
frame 306: 30335 us total, 9893 us display, type 3
frame 307: 27665 us total, 9878 us display, type 3
frame 308: 29502 us total, 9878 us display, type 3
frame 309: 29216 us total, 9885 us display, type 3
frame 310: 28949 us total, 9884 us display, type 3
frame 311: 31777 us total, 9876 us display, type 3
frame 312: 29803 us total, 9878 us display, type 3
frame 313: 27522 us total, 9895 us display, type 3
frame 314: 30444 us total, 9881 us display, type 3
frame 315: 29911 us total, 9897 us display, type 3
frame 316: 27519 us total, 9895 us display, type 3
frame 317: 29589 us total, 9890 us display, type 3
frame 318: 27551 us total, 9898 us display, type 3
frame 319: 29184 us total, 9909 us display, type 3
frame 320: 29611 us total, 10020 us display, type 3
frame 321: 29493 us total, 9909 us display, type 3
frame 322: 31656 us total, 9911 us display, type 3
frame 323: 28354 us total, 9904 us display, type 3
frame 324: 27122 us total, 10231 us display, type 3
frame 325: 32642 us total, 10128 us display, type 3
frame 326: 25522 us total, 9897 us display, type 3
frame 327: 30636 us total, 9920 us display, type 3
frame 328: 31443 us total, 10067 us display, type 3
frame 329: 25605 us total, 9896 us display, type 3
frame 330: 29968 us total, 9907 us display, type 3
frame 331: 25418 us total, 9900 us display, type 3
frame 332: 31209 us total, 10184 us display, type 3
frame 333: 28407 us total, 9959 us display, type 3
frame 334: 26332 us total, 9910 us display, type 3
frame 335: 31442 us total, 9919 us display, type 3
frame 336: 28560 us total, 9915 us display, type 3
frame 337: 25890 us total, 9901 us display, type 3
frame 338: 30161 us total, 9907 us display, type 3
frame 339: 28039 us total, 9898 us display, type 3
frame 340: 30619 us total, 9905 us display, type 3
frame 341: 30348 us total, 9912 us display, type 3
frame 342: 28609 us total, 9901 us display, type 3
frame 343: 31318 us total, 9917 us display, type 3
frame 344: 31865 us total, 9910 us display, type 3
frame 345: 28941 us total, 9915 us display, type 3
frame 346: 31590 us total, 10243 us display, type 3
frame 347: 31175 us total, 10020 us display, type 3
frame 348: 28209 us total, 9909 us display, type 3
frame 349: 32897 us total, 10020 us display, type 3
frame 350: 31611 us total, 10022 us display, type 3
frame 351: 28444 us total, 9910 us display, type 3
frame 352: 32353 us total, 10201 us display, type 3
frame 353: 33461 us total, 9918 us display, type 3
frame 354: 32133 us total, 9898 us display, type 3
frame 355: 32660 us total, 9909 us display, type 3
frame 356: 32737 us total, 10082 us display, type 3
frame 357: 30298 us total, 9991 us display, type 3
frame 358: 32101 us total, 9970 us display, type 3
frame 359: 33422 us total, 9905 us display, type 3
frame 360: 32537 us total, 9915 us display, type 3
frame 361: 32628 us total, 9907 us display, type 3
frame 362: 33802 us total, 10219 us display, type 3
frame 363: 32912 us total, 9913 us display, type 3
frame 364: 30497 us total, 9941 us display, type 3
frame 365: 35598 us total, 9907 us display, type 3
frame 366: 33854 us total, 9907 us display, type 3
frame 367: 34359 us total, 9908 us display, type 3
frame 368: 33684 us total, 9910 us display, type 3
frame 369: 36196 us total, 9906 us display, type 3
frame 370: 34166 us total, 9905 us display, type 3
frame 371: 32207 us total, 9918 us display, type 3
frame 372: 32577 us total, 9907 us display, type 3
frame 373: 30570 us total, 10004 us display, type 3
frame 374: 26846 us total, 9912 us display, type 3
frame 375: 29153 us total, 9910 us display, type 3
frame 376: 28578 us total, 9907 us display, type 3
frame 377: 26456 us total, 9910 us display, type 3
frame 378: 29574 us total, 9908 us display, type 3
frame 379: 26266 us total, 9907 us display, type 3
frame 380: 28212 us total, 9919 us display, type 3
frame 381: 29114 us total, 10095 us display, type 3
frame 382: 26796 us total, 10131 us display, type 3
frame 383: 28535 us total, 9908 us display, type 3
profile (avg of 128 frames, ms): logic+bsp 6.3 wait-fb 0.0 vp-mark 2.1 flats 4.6 columns 6.8 fuzz 0.0
frame 384: 29932 us total, 9908 us display, type 3
frame 385: 25970 us total, 9900 us display, type 3
frame 386: 29912 us total, 9907 us display, type 3
frame 387: 28188 us total, 9912 us display, type 3
frame 388: 29342 us total, 9913 us display, type 3
frame 389: 27902 us total, 10211 us display, type 3
frame 390: 26870 us total, 9907 us display, type 3
frame 391: 29137 us total, 9941 us display, type 3
frame 392: 28417 us total, 10076 us display, type 3
frame 393: 28812 us total, 9982 us display, type 3
frame 394: 28949 us total, 10191 us display, type 3
frame 395: 27905 us total, 9905 us display, type 3
frame 396: 29193 us total, 9903 us display, type 3
frame 397: 27764 us total, 9911 us display, type 3
frame 398: 30060 us total, 9912 us display, type 3
frame 399: 28937 us total, 10236 us display, type 3
frame 400: 27339 us total, 10148 us display, type 3
frame 401: 29646 us total, 9908 us display, type 3
frame 402: 27966 us total, 9975 us display, type 3
sound unmuted
frame 403: 28626 us total, 9899 us display, type 3
frame 404: 29795 us total, 10038 us display, type 3
frame 405: 27850 us total, 10181 us display, type 3
frame 406: 28949 us total, 10297 us display, type 3
frame 407: 28321 us total, 9911 us display, type 3
frame 408: 29288 us total, 9905 us display, type 3
frame 409: 27827 us total, 9900 us display, type 3
frame 410: 28505 us total, 9931 us display, type 3
frame 411: 31638 us total, 9909 us display, type 3
frame 412: 28223 us total, 10024 us display, type 3
frame 413: 27594 us total, 10265 us display, type 3
frame 414: 29264 us total, 9916 us display, type 3
frame 415: 29939 us total, 10077 us display, type 3
frame 416: 27603 us total, 9970 us display, type 3
frame 417: 29276 us total, 9908 us display, type 3
frame 418: 29129 us total, 10229 us display, type 3
frame 419: 29808 us total, 10183 us display, type 3
frame 420: 29387 us total, 10238 us display, type 3
frame 421: 28138 us total, 9906 us display, type 3
frame 422: 29590 us total, 9908 us display, type 3
frame 423: 29692 us total, 9906 us display, type 3
frame 424: 27743 us total, 9910 us display, type 3
frame 425: 29497 us total, 9904 us display, type 3
frame 426: 27704 us total, 9911 us display, type 3
frame 427: 29817 us total, 10263 us display, type 3
frame 428: 30030 us total, 9921 us display, type 3
frame 429: 28465 us total, 9904 us display, type 3
frame 430: 29246 us total, 9921 us display, type 3
frame 431: 29895 us total, 9911 us display, type 3
frame 432: 27753 us total, 9913 us display, type 3
frame 433: 29121 us total, 9907 us display, type 3
frame 434: 27720 us total, 9913 us display, type 3
frame 435: 29229 us total, 9908 us display, type 3
frame 436: 28951 us total, 9903 us display, type 3
frame 437: 26858 us total, 9906 us display, type 3
frame 438: 28555 us total, 9984 us display, type 3
frame 439: 27597 us total, 10041 us display, type 3
frame 440: 27599 us total, 10046 us display, type 3
frame 441: 28400 us total, 10088 us display, type 3
frame 442: 26170 us total, 9905 us display, type 3
frame 443: 26232 us total, 10247 us display, type 3
frame 444: 26006 us total, 9910 us display, type 3
frame 445: 29792 us total, 10006 us display, type 3
frame 446: 28401 us total, 10096 us display, type 3
frame 447: 28405 us total, 10097 us display, type 3
frame 448: 30796 us total, 10049 us display, type 3
frame 449: 28238 us total, 10205 us display, type 3
frame 450: 27112 us total, 9913 us display, type 3
frame 451: 29934 us total, 9905 us display, type 3
frame 452: 27475 us total, 9903 us display, type 3
frame 453: 28061 us total, 9902 us display, type 3
frame 454: 28315 us total, 9907 us display, type 3
frame 455: 29062 us total, 10204 us display, type 3
frame 456: 29997 us total, 9914 us display, type 3
frame 457: 28410 us total, 10152 us display, type 3
frame 458: 29991 us total, 10172 us display, type 3
frame 459: 29206 us total, 10038 us display, type 3
frame 460: 28529 us total, 9934 us display, type 3
frame 461: 30671 us total, 10123 us display, type 3
frame 462: 29455 us total, 9912 us display, type 3
frame 463: 28942 us total, 10178 us display, type 3
frame 464: 29823 us total, 10204 us display, type 3
frame 465: 28587 us total, 9952 us display, type 3
frame 466: 30287 us total, 9905 us display, type 3
frame 467: 29704 us total, 10098 us display, type 3
frame 468: 28626 us total, 9908 us display, type 3
frame 469: 30218 us total, 9909 us display, type 3
frame 470: 29524 us total, 9909 us display, type 3
frame 471: 28387 us total, 9910 us display, type 3
frame 472: 28941 us total, 9903 us display, type 3
frame 473: 28350 us total, 9910 us display, type 3
frame 474: 26551 us total, 9903 us display, type 3
frame 475: 27603 us total, 10005 us display, type 3
frame 476: 26207 us total, 9901 us display, type 3
frame 477: 27653 us total, 9910 us display, type 3
frame 478: 26743 us total, 9927 us display, type 3
frame 479: 27598 us total, 10255 us display, type 3
frame 480: 26803 us total, 10045 us display, type 3
frame 481: 28631 us total, 9987 us display, type 3
frame 482: 30563 us total, 10157 us display, type 3
frame 483: 29442 us total, 9993 us display, type 3
frame 484: 27678 us total, 9914 us display, type 3
frame 485: 31818 us total, 10179 us display, type 3
frame 486: 28664 us total, 9947 us display, type 3
frame 487: 28666 us total, 9907 us display, type 3
frame 488: 29544 us total, 9910 us display, type 3
frame 489: 27727 us total, 9907 us display, type 3
frame 490: 28209 us total, 9918 us display, type 3
frame 491: 28857 us total, 10007 us display, type 3
frame 492: 26794 us total, 10063 us display, type 3
frame 493: 28404 us total, 9930 us display, type 3
frame 494: 26798 us total, 10090 us display, type 3
frame 495: 28409 us total, 9909 us display, type 3
frame 496: 29211 us total, 9910 us display, type 3
frame 497: 29073 us total, 9904 us display, type 3
frame 498: 31052 us total, 9917 us display, type 3
frame 499: 30047 us total, 9910 us display, type 3
frame 500: 31093 us total, 9922 us display, type 3
frame 501: 32736 us total, 9985 us display, type 3
frame 502: 30783 us total, 10118 us display, type 3
frame 503: 32401 us total, 10188 us display, type 3
frame 504: 31597 us total, 10086 us display, type 3
frame 505: 31607 us total, 10149 us display, type 3
frame 506: 29993 us total, 10139 us display, type 3
frame 507: 30817 us total, 9927 us display, type 3
frame 508: 32633 us total, 9905 us display, type 3
frame 509: 28489 us total, 9917 us display, type 3
frame 510: 30104 us total, 9908 us display, type 3
frame 511: 27173 us total, 9908 us display, type 3
profile (avg of 128 frames, ms): logic+bsp 8.3 wait-fb 0.0 vp-mark 2.0 flats 4.8 columns 8.3 fuzz 0.0
frame 512: 29176 us total, 10268 us display, type 3
audio: 69 underruns, 34 ms queued
mem @frame 512: heap free 49072, largest 24064, min ever 48576, zone free 41204, display stack free 4412, uptime 16 s, gamestate 0, demo 1, usergame 0, tic 450
frame 513: 27939 us total, 9916 us display, type 3
frame 514: 26799 us total, 10190 us display, type 3
frame 515: 25118 us total, 9903 us display, type 3
frame 516: 24444 us total, 9903 us display, type 3
frame 517: 28302 us total, 10065 us display, type 3
frame 518: 29540 us total, 9910 us display, type 3
frame 519: 27339 us total, 10181 us display, type 3
frame 520: 29391 us total, 9903 us display, type 3
frame 521: 27282 us total, 9895 us display, type 3
frame 522: 28414 us total, 9903 us display, type 3
frame 523: 28703 us total, 10232 us display, type 3
frame 524: 27490 us total, 9994 us display, type 3
frame 525: 29226 us total, 10217 us display, type 3
frame 526: 27620 us total, 9896 us display, type 3
frame 527: 29193 us total, 10095 us display, type 3
frame 528: 29220 us total, 9902 us display, type 3
frame 529: 26596 us total, 9897 us display, type 3
frame 530: 31792 us total, 10257 us display, type 3
frame 531: 26431 us total, 9902 us display, type 3
frame 532: 26901 us total, 9891 us display, type 3
frame 533: 33316 us total, 9898 us display, type 3
frame 534: 25772 us total, 9891 us display, type 3
frame 535: 29769 us total, 9911 us display, type 3
frame 536: 30804 us total, 10096 us display, type 3
frame 537: 25997 us total, 10233 us display, type 3
frame 538: 30052 us total, 9910 us display, type 3
frame 539: 25947 us total, 10204 us display, type 3
frame 540: 33208 us total, 10130 us display, type 3
frame 541: 27815 us total, 9998 us display, type 3
frame 542: 25925 us total, 9899 us display, type 3
frame 543: 29878 us total, 9905 us display, type 3
frame 544: 29936 us total, 9907 us display, type 3
frame 545: 26235 us total, 10123 us display, type 3
frame 546: 30438 us total, 9910 us display, type 3
frame 547: 27151 us total, 10075 us display, type 3
frame 548: 30025 us total, 10185 us display, type 3
frame 549: 29209 us total, 10124 us display, type 3
frame 550: 26952 us total, 9895 us display, type 3
frame 551: 29980 us total, 9914 us display, type 3
frame 552: 26424 us total, 9902 us display, type 3
frame 553: 29986 us total, 9914 us display, type 3
frame 554: 29519 us total, 9900 us display, type 3
frame 555: 25384 us total, 9902 us display, type 3
frame 556: 29924 us total, 10166 us display, type 3
frame 557: 27576 us total, 9967 us display, type 3
frame 558: 30261 us total, 9897 us display, type 3
frame 559: 27573 us total, 9910 us display, type 3
frame 560: 28194 us total, 9996 us display, type 3
frame 561: 29435 us total, 9977 us display, type 3
frame 562: 28980 us total, 10218 us display, type 3
frame 563: 27143 us total, 9904 us display, type 3
frame 564: 28695 us total, 9896 us display, type 3
frame 565: 28106 us total, 10241 us display, type 3
frame 566: 28430 us total, 9901 us display, type 3
frame 567: 29428 us total, 9901 us display, type 3
frame 568: 28749 us total, 10112 us display, type 3
frame 569: 27948 us total, 9901 us display, type 3
frame 570: 29906 us total, 9907 us display, type 3
frame 571: 26655 us total, 10162 us display, type 3
frame 572: 29359 us total, 9906 us display, type 3
frame 573: 27367 us total, 9890 us display, type 3
frame 574: 28757 us total, 9890 us display, type 3
frame 575: 28654 us total, 9895 us display, type 3
